Archive member included to satisfy reference by file (symbol)

c:/progra~2/armgnu~1/125863~1.3re/bin/../lib/gcc/arm-none-eabi/12.3.1/thumb/v7e-m+fp/hard\libgcc.a(_arm_muldf3.o)
                              CMakeFiles/Signals_Courses.elf.dir/Core/Src/main.c.obj (__aeabi_dmul)
c:/progra~2/armgnu~1/125863~1.3re/bin/../lib/gcc/arm-none-eabi/12.3.1/thumb/v7e-m+fp/hard\libgcc.a(_arm_addsubdf3.o)
                              CMakeFiles/Signals_Courses.elf.dir/Core/Src/main.c.obj (__aeabi_dadd)
c:/progra~2/armgnu~1/125863~1.3re/bin/../lib/gcc/arm-none-eabi/12.3.1/thumb/v7e-m+fp/hard\libgcc.a(_arm_muldivdf3.o)
                              CMakeFiles/Signals_Courses.elf.dir/Core/Src/main.c.obj (__aeabi_ddiv)
c:/progra~2/armgnu~1/125863~1.3re/bin/../lib/gcc/arm-none-eabi/12.3.1/thumb/v7e-m+fp/hard\libgcc.a(_arm_fixunsdfsi.o)
                              CMakeFiles/Signals_Courses.elf.dir/Core/Src/main.c.obj (__aeabi_d2uiz)
c:/progra~2/armgnu~1/125863~1.3re/bin/../lib/gcc/arm-none-eabi/12.3.1/thumb/v7e-m+fp/hard\libgcc.a(_aeabi_uldivmod.o)
                              CMakeFiles/Signals_Courses.elf.dir/Drivers/STM32F4xx_HAL_Driver/Src/stm32f4xx_hal_rcc.c.obj (__aeabi_uldivmod)
c:/progra~2/armgnu~1/125863~1.3re/bin/../lib/gcc/arm-none-eabi/12.3.1/thumb/v7e-m+fp/hard\libgcc.a(_udivmoddi4.o)
                              c:/progra~2/armgnu~1/125863~1.3re/bin/../lib/gcc/arm-none-eabi/12.3.1/thumb/v7e-m+fp/hard\libgcc.a(_aeabi_uldivmod.o) (__udivmoddi4)
c:/progra~2/armgnu~1/125863~1.3re/bin/../lib/gcc/arm-none-eabi/12.3.1/thumb/v7e-m+fp/hard\libgcc.a(_dvmd_tls.o)
                              c:/progra~2/armgnu~1/125863~1.3re/bin/../lib/gcc/arm-none-eabi/12.3.1/thumb/v7e-m+fp/hard\libgcc.a(_aeabi_uldivmod.o) (__aeabi_ldiv0)
c:/progra~2/armgnu~1/125863~1.3re/bin/../lib/gcc/arm-none-eabi/12.3.1/thumb/v7e-m+fp/hard\libg.a(libc_a-exit.o)
                              c:/progra~2/armgnu~1/125863~1.3re/bin/../lib/gcc/arm-none-eabi/12.3.1/thumb/v7e-m+fp/hard/crt0.o (exit)
c:/progra~2/armgnu~1/125863~1.3re/bin/../lib/gcc/arm-none-eabi/12.3.1/thumb/v7e-m+fp/hard\libg.a(libc_a-findfp.o)
                              c:/progra~2/armgnu~1/125863~1.3re/bin/../lib/gcc/arm-none-eabi/12.3.1/thumb/v7e-m+fp/hard\libg.a(libc_a-exit.o) (__stdio_exit_handler)
c:/progra~2/armgnu~1/125863~1.3re/bin/../lib/gcc/arm-none-eabi/12.3.1/thumb/v7e-m+fp/hard\libg.a(libc_a-fwalk.o)
                              c:/progra~2/armgnu~1/125863~1.3re/bin/../lib/gcc/arm-none-eabi/12.3.1/thumb/v7e-m+fp/hard\libg.a(libc_a-findfp.o) (_fwalk_sglue)
c:/progra~2/armgnu~1/125863~1.3re/bin/../lib/gcc/arm-none-eabi/12.3.1/thumb/v7e-m+fp/hard\libg.a(libc_a-stdio.o)
                              c:/progra~2/armgnu~1/125863~1.3re/bin/../lib/gcc/arm-none-eabi/12.3.1/thumb/v7e-m+fp/hard\libg.a(libc_a-findfp.o) (__sread)
c:/progra~2/armgnu~1/125863~1.3re/bin/../lib/gcc/arm-none-eabi/12.3.1/thumb/v7e-m+fp/hard\libg.a(libc_a-memset.o)
                              c:/progra~2/armgnu~1/125863~1.3re/bin/../lib/gcc/arm-none-eabi/12.3.1/thumb/v7e-m+fp/hard/crt0.o (memset)
c:/progra~2/armgnu~1/125863~1.3re/bin/../lib/gcc/arm-none-eabi/12.3.1/thumb/v7e-m+fp/hard\libg.a(libc_a-closer.o)
                              c:/progra~2/armgnu~1/125863~1.3re/bin/../lib/gcc/arm-none-eabi/12.3.1/thumb/v7e-m+fp/hard\libg.a(libc_a-stdio.o) (_close_r)
c:/progra~2/armgnu~1/125863~1.3re/bin/../lib/gcc/arm-none-eabi/12.3.1/thumb/v7e-m+fp/hard\libg.a(libc_a-reent.o)
                              c:/progra~2/armgnu~1/125863~1.3re/bin/../lib/gcc/arm-none-eabi/12.3.1/thumb/v7e-m+fp/hard\libg.a(libc_a-closer.o) (errno)
c:/progra~2/armgnu~1/125863~1.3re/bin/../lib/gcc/arm-none-eabi/12.3.1/thumb/v7e-m+fp/hard\libg.a(libc_a-impure.o)
                              c:/progra~2/armgnu~1/125863~1.3re/bin/../lib/gcc/arm-none-eabi/12.3.1/thumb/v7e-m+fp/hard\libg.a(libc_a-reent.o) (_impure_ptr)
c:/progra~2/armgnu~1/125863~1.3re/bin/../lib/gcc/arm-none-eabi/12.3.1/thumb/v7e-m+fp/hard\libg.a(libc_a-lseekr.o)
                              c:/progra~2/armgnu~1/125863~1.3re/bin/../lib/gcc/arm-none-eabi/12.3.1/thumb/v7e-m+fp/hard\libg.a(libc_a-stdio.o) (_lseek_r)
c:/progra~2/armgnu~1/125863~1.3re/bin/../lib/gcc/arm-none-eabi/12.3.1/thumb/v7e-m+fp/hard\libg.a(libc_a-readr.o)
                              c:/progra~2/armgnu~1/125863~1.3re/bin/../lib/gcc/arm-none-eabi/12.3.1/thumb/v7e-m+fp/hard\libg.a(libc_a-stdio.o) (_read_r)
c:/progra~2/armgnu~1/125863~1.3re/bin/../lib/gcc/arm-none-eabi/12.3.1/thumb/v7e-m+fp/hard\libg.a(libc_a-writer.o)
                              c:/progra~2/armgnu~1/125863~1.3re/bin/../lib/gcc/arm-none-eabi/12.3.1/thumb/v7e-m+fp/hard\libg.a(libc_a-stdio.o) (_write_r)
c:/progra~2/armgnu~1/125863~1.3re/bin/../lib/gcc/arm-none-eabi/12.3.1/thumb/v7e-m+fp/hard\libg.a(libc_a-errno.o)
                              CMakeFiles/Signals_Courses.elf.dir/Core/Src/syscalls.c.obj (__errno)
c:/progra~2/armgnu~1/125863~1.3re/bin/../lib/gcc/arm-none-eabi/12.3.1/thumb/v7e-m+fp/hard\libg.a(libc_a-init.o)
[...]
Memory Configuration

Name             Origin             Length             Attributes
CCMRAM           0x10000000         0x00010000         xrw
RAM              0x20000000         0x00020000         xrw
FLASH            0x08000000         0x00100000         xr
*default*        0x00000000         0xffffffff

Linker script and memory map

LOAD c:/progra~2/armgnu~1/125863~1.3re/bin/../lib/gcc/arm-none-eabi/12.3.1/thumb/v7e-m+fp/hard/crti.o
LOAD c:/progra~2/armgnu~1/125863~1.3re/bin/../lib/gcc/arm-none-eabi/12.3.1/thumb/v7e-m+fp/hard/crtbegin.o
LOAD c:/progra~2/armgnu~1/125863~1.3re/bin/../lib/gcc/arm-none-eabi/12.3.1/thumb/v7e-m+fp/hard/crt0.o
LOAD CMakeFiles/Signals_Courses.elf.dir/Core/Src/adc.c.obj
LOAD CMakeFiles/Signals_Courses.elf.dir/Core/Src/dac.c.obj
LOAD CMakeFiles/Signals_Courses.elf.dir/Core/Src/dma.c.obj
LOAD CMakeFiles/Signals_Courses.elf.dir/Core/Src/fsmc.c.obj
LOAD CMakeFiles/Signals_Courses.elf.dir/Core/Src/gpio.c.obj
LOAD CMakeFiles/Signals_Courses.elf.dir/Core/Src/main.c.obj
LOAD CMakeFiles/Signals_Courses.elf.dir/Core/Src/stm32f4xx_hal_msp.c.obj
LOAD CMakeFiles/Signals_Courses.elf.dir/Core/Src/stm32f4xx_it.c.obj
LOAD CMakeFiles/Signals_Courses.elf.dir/Core/Src/syscalls.c.obj
LOAD CMakeFiles/Signals_Courses.elf.dir/Core/Src/sysmem.c.obj
LOAD CMakeFiles/Signals_Courses.elf.dir/Core/Src/system_stm32f4xx.c.obj
LOAD CMakeFiles/Signals_Courses.elf.dir/Core/Src/tim.c.obj
LOAD CMakeFiles/Signals_Courses.elf.dir/Core/Startup/startup_stm32f407zgtx.s.obj
LOAD CMakeFiles/Signals_Courses.elf.dir/Drivers/STM32F4xx_HAL_Driver/Src/stm32f4xx_hal.c.obj
LOAD CMakeFiles/Signals_Courses.elf.dir/Drivers/STM32F4xx_HAL_Driver/Src/stm32f4xx_hal_adc.c.obj
LOAD CMakeFiles/Signals_Courses.elf.dir/Drivers/STM32F4xx_HAL_Driver/Src/stm32f4xx_hal_adc_ex.c.obj
LOAD CMakeFiles/Signals_Courses.elf.dir/Drivers/STM32F4xx_HAL_Driver/Src/stm32f4xx_hal_cortex.c.obj
LOAD CMakeFiles/Signals_Courses.elf.dir/Drivers/STM32F4xx_HAL_Driver/Src/stm32f4xx_hal_dac.c.obj
LOAD CMakeFiles/Signals_Courses.elf.dir/Drivers/STM32F4xx_HAL_Driver/Src/stm32f4xx_hal_dac_ex.c.obj
LOAD CMakeFiles/Signals_Courses.elf.dir/Drivers/STM32F4xx_HAL_Driver/Src/stm32f4xx_hal_dma.c.obj
LOAD CMakeFiles/Signals_Courses.elf.dir/Drivers/STM32F4xx_HAL_Driver/Src/stm32f4xx_hal_dma_ex.c.obj
LOAD CMakeFiles/Signals_Courses.elf.dir/Drivers/STM32F4xx_HAL_Driver/Src/stm32f4xx_hal_exti.c.obj
LOAD CMakeFiles/Signals_Courses.elf.dir/Drivers/STM32F4xx_HAL_Driver/Src/stm32f4xx_hal_flash.c.obj
LOAD CMakeFiles/Signals_Courses.elf.dir/Drivers/STM32F4xx_HAL_Driver/Src/stm32f4xx_hal_flash_ex.c.obj
LOAD CMakeFiles/Signals_Courses.elf.dir/Drivers/STM32F4xx_HAL_Driver/Src/stm32f4xx_hal_flash_ramfunc.c.obj
LOAD CMakeFiles/Signals_Courses.elf.dir/Drivers/STM32F4xx_HAL_Driver/Src/stm32f4xx_hal_gpio.c.obj
LOAD CMakeFiles/Signals_Courses.elf.dir/Drivers/STM32F4xx_HAL_Driver/Src/stm32f4xx_hal_pwr.c.obj
LOAD CMakeFiles/Signals_Courses.elf.dir/Drivers/STM32F4xx_HAL_Driver/Src/stm32f4xx_hal_pwr_ex.c.obj
LOAD CMakeFiles/Signals_Courses.elf.dir/Drivers/STM32F4xx_HAL_Driver/Src/stm32f4xx_hal_rcc.c.obj
LOAD CMakeFiles/Signals_Courses.elf.dir/Drivers/STM32F4xx_HAL_Driver/Src/stm32f4xx_hal_rcc_ex.c.obj
LOAD CMakeFiles/Signals_Courses.elf.dir/Drivers/STM32F4xx_HAL_Driver/Src/stm32f4xx_hal_sram.c.obj
LOAD CMakeFiles/Signals_Courses.elf.dir/Drivers/STM32F4xx_HAL_Driver/Src/stm32f4xx_hal_tim.c.obj
LOAD CMakeFiles/Signals_Courses.elf.dir/Drivers/STM32F4xx_HAL_Driver/Src/stm32f4xx_hal_tim_ex.c.obj
LOAD CMakeFiles/Signals_Courses.elf.dir/Drivers/STM32F4xx_HAL_Driver/Src/stm32f4xx_ll_adc.c.obj
LOAD CMakeFiles/Signals_Courses.elf.dir/Drivers/STM32F4xx_HAL_Driver/Src/stm32f4xx_ll_fsmc.c.obj
LOAD CMakeFiles/Signals_Courses.elf.dir/Drivers/atk_md0350/atk_md0350.c.obj
LOAD CMakeFiles/Signals_Courses.elf.dir/Drivers/atk_md0350/atk_md0350_fsmc.c.obj
START GROUP
LOAD c:/progra~2/armgnu~1/125863~1.3re/bin/../lib/gcc/arm-none-eabi/12.3.1/thumb/v7e-m+fp/hard\libgcc.a
LOAD c:/progra~2/armgnu~1/125863~1.3re/bin/../lib/gcc/arm-none-eabi/12.3.1/thumb/v7e-m+fp/hard\libg.a
LOAD c:/progra~2/armgnu~1/125863~1.3re/bin/../lib/gcc/arm-none-eabi/12.3.1/thumb/v7e-m+fp/hard\libc.a
END GROUP
LOAD c:/progra~2/armgnu~1/125863~1.3re/bin/../lib/gcc/arm-none-eabi/12.3.1/thumb/v7e-m+fp/hard/crtend.o
LOAD c:/progra~2/armgnu~1/125863~1.3re/bin/../lib/gcc/arm-none-eabi/12.3.1/thumb/v7e-m+fp/hard/crtn.o
                0x20020000                        _estack = (ORIGIN (RAM) + LENGTH (RAM))
                0x00000200                        _Min_Heap_Size = 0x200
                0x00000400                        _Min_Stack_Size = 0x400

.isr_vector     0x08000000      0x188
                0x08000000                        . = ALIGN (0x4)
 *(.isr_vector)
 .isr_vector    0x08000000      0x188 CMakeFiles/Signals_Courses.elf.dir/Core/Startup/startup_stm32f407zgtx.s.obj
                0x08000000                g_pfnVectors
                0x08000188                        . = ALIGN (0x4)

.text           0x08000188     0x58a0
                0x08000188                        . = ALIGN (0x4)
 *(.text)
 .text          0x08000188      0x378 c:/progra~2/armgnu~1/125863~1.3re/bin/../lib/gcc/arm-none-eabi/12.3.1/thumb/v7e-m+fp/hard\libgcc.a(_arm_addsubdf3.o)
                0x08000188                __aeabi_drsub
                0x08000190                __aeabi_dsub
                0x08000190                __subdf3
                0x08000194                __aeabi_dadd
                0x08000194                __adddf3
                0x0800040c                __floatunsidf
                0x0800040c                __aeabi_ui2d
                0x0800042c                __floatsidf
                0x0800042c                __aeabi_i2d
                0x08000450                __aeabi_f2d
                0x08000450                __extendsfdf2
                0x08000494                __floatundidf
                0x08000494                __aeabi_ul2d
                0x080004a4                __floatdidf
                0x080004a4                __aeabi_l2d
 .text          0x08000500      0x424 c:/progra~2/armgnu~1/125863~1.3re/bin/../lib/gcc/arm-none-eabi/12.3.1/thumb/v7e-m+fp/hard\libgcc.a(_arm_muldivdf3.o)
                0x08000500                __aeabi_dmul
                0x08000500                __muldf3
                0x08000754                __divdf3
                0x08000754                __aeabi_ddiv
 .text          0x08000924       0x40 c:/progra~2/armgnu~1/125863~1.3re/bin/../lib/gcc/arm-none-eabi/12.3.1/thumb/v7e-m+fp/hard\libgcc.a(_arm_fixunsdfsi.o)
                0x08000924                __aeabi_d2uiz
                0x08000924                __fixunsdfsi
 .text          0x08000964       0x30 c:/progra~2/armgnu~1/125863~1.3re/bin/../lib/gcc/arm-none-eabi/12.3.1/thumb/v7e-m+fp/hard\libgcc.a(_aeabi_uldivmod.o)
                0x08000964                __aeabi_uldivmod
 .text          0x08000994        0x4 c:/progra~2/armgnu~1/125863~1.3re/bin/../lib/gcc/arm-none-eabi/12.3.1/thumb/v7e-m+fp/hard\libgcc.a(_dvmd_tls.o)
                0x08000994                __aeabi_idiv0
                0x08000994                __aeabi_ldiv0
 .text          0x08000998      0x110 c:/progra~2/armgnu~1/125863~1.3re/bin/../lib/gcc/arm-none-eabi/12.3.1/thumb/v7e-m+fp/hard\libgcc.a(_arm_cmpdf2.o)
                0x08000998                __gtdf2
                0x08000998                __gedf2
                0x080009a0                __ltdf2
                0x080009a0                __ledf2
                0x080009a8                __nedf2
                0x080009a8                __eqdf2
                0x080009a8                __cmpdf2
                0x08000a24                __aeabi_cdrcmple
                0x08000a34                __aeabi_cdcmpeq
                0x08000a34                __aeabi_cdcmple
                0x08000a44                __aeabi_dcmpeq
                0x08000a58                __aeabi_dcmplt
                0x08000a6c                __aeabi_dcmple
                0x08000a80                __aeabi_dcmpge
                0x08000a94                __aeabi_dcmpgt
 .text          0x08000aa8       0x50 c:/progra~2/armgnu~1/125863~1.3re/bin/../lib/gcc/arm-none-eabi/12.3.1/thumb/v7e-m+fp/hard\libgcc.a(_arm_fixdfsi.o)
                0x08000aa8                __aeabi_d2iz
                0x08000aa8                __fixdfsi
 *(.text*)
 .text.deregister_tm_clones
                0x08000af8       0x1c c:/progra~2/armgnu~1/125863~1.3re/bin/../lib/gcc/arm-none-eabi/12.3.1/thumb/v7e-m+fp/hard/crtbegin.o
 .text.register_tm_clones
                0x08000b14       0x24 c:/progra~2/armgnu~1/125863~1.3re/bin/../lib/gcc/arm-none-eabi/12.3.1/thumb/v7e-m+fp/hard/crtbegin.o
 .text.__do_global_dtors_aux
                0x08000b38       0x28 c:/progra~2/armgnu~1/125863~1.3re/bin/../lib/gcc/arm-none-eabi/12.3.1/thumb/v7e-m+fp/hard/crtbegin.o
 .text.frame_dummy
                0x08000b60       0x24 c:/progra~2/armgnu~1/125863~1.3re/bin/../lib/gcc/arm-none-eabi/12.3.1/thumb/v7e-m+fp/hard/crtbegin.o
 .text.MX_ADC1_Init
                0x08000b84       0x70 CMakeFiles/Signals_Courses.elf.dir/Core/Src/adc.c.obj
                0x08000b84                MX_ADC1_Init
 .text.HAL_ADC_MspInit
                0x08000bf4       0xa8 CMakeFiles/Signals_Courses.elf.dir/Core/Src/adc.c.obj
                0x08000bf4                HAL_ADC_MspInit
 .text.MX_DAC_Init
                0x08000c9c       0x44 CMakeFiles/Signals_Courses.elf.dir/Core/Src/dac.c.obj
                0x08000c9c                MX_DAC_Init
 .text.HAL_DAC_MspInit
                0x08000ce0       0xc0 CMakeFiles/Signals_Courses.elf.dir/Core/Src/dac.c.obj
                0x08000ce0                HAL_DAC_MspInit
 .text.MX_DMA_Init
                0x08000da0       0x58 CMakeFiles/Signals_Courses.elf.dir/Core/Src/dma.c.obj
                0x08000da0                MX_DMA_Init
 .text.HAL_FSMC_MspInit
                0x08000df8       0xb4 CMakeFiles/Signals_Courses.elf.dir/Core/Src/fsmc.c.obj
 .text.MX_FSMC_Init
                0x08000eac       0x70 CMakeFiles/Signals_Courses.elf.dir/Core/Src/fsmc.c.obj
                0x08000eac                MX_FSMC_Init
 .text.HAL_SRAM_MspInit
                0x08000f1c        0x8 CMakeFiles/Signals_Courses.elf.dir/Core/Src/fsmc.c.obj
                0x08000f1c                HAL_SRAM_MspInit
 .text.MX_GPIO_Init
                0x08000f24      0x124 CMakeFiles/Signals_Courses.elf.dir/Core/Src/gpio.c.obj
                0x08000f24                MX_GPIO_Init
 .text.signalSin
                0x08001048       0x88 CMakeFiles/Signals_Courses.elf.dir/Core/Src/main.c.obj
                0x08001048                signalSin
 .text.HAL_GPIO_EXTI_Callback
                0x080010d0       0x94 CMakeFiles/Signals_Courses.elf.dir/Core/Src/main.c.obj
                0x080010d0                HAL_GPIO_EXTI_Callback
 .text.Error_Handler
                0x08001164        0x4 CMakeFiles/Signals_Courses.elf.dir/Core/Src/main.c.obj
                0x08001164                Error_Handler
 .text.SystemClock_Config
                0x08001168       0xa4 CMakeFiles/Signals_Courses.elf.dir/Core/Src/main.c.obj
                0x08001168                SystemClock_Config
 .text.main     0x0800120c       0xa0 CMakeFiles/Signals_Courses.elf.dir/Core/Src/main.c.obj
                0x0800120c                main
 .text.HAL_MspInit
                0x080012ac       0x38 CMakeFiles/Signals_Courses.elf.dir/Core/Src/stm32f4xx_hal_msp.c.obj
                0x080012ac                HAL_MspInit
 .text.NMI_Handler
                0x080012e4        0x2 CMakeFiles/Signals_Courses.elf.dir/Core/Src/stm32f4xx_it.c.obj
                0x080012e4                NMI_Handler
 .text.HardFault_Handler
                0x080012e6        0x2 CMakeFiles/Signals_Courses.elf.dir/Core/Src/stm32f4xx_it.c.obj
                0x080012e6                HardFault_Handler
 .text.MemManage_Handler
                0x080012e8        0x2 CMakeFiles/Signals_Courses.elf.dir/Core/Src/stm32f4xx_it.c.obj
                0x080012e8                MemManage_Handler
 .text.BusFault_Handler
                0x080012ea        0x2 CMakeFiles/Signals_Courses.elf.dir/Core/Src/stm32f4xx_it.c.obj
                0x080012ea                BusFault_Handler
 .text.UsageFault_Handler
                0x080012ec        0x2 CMakeFiles/Signals_Courses.elf.dir/Core/Src/stm32f4xx_it.c.obj
                0x080012ec                UsageFault_Handler
 .text.SVC_Handler
                0x080012ee        0x2 CMakeFiles/Signals_Courses.elf.dir/Core/Src/stm32f4xx_it.c.obj
                0x080012ee                SVC_Handler
 .text.DebugMon_Handler
                0x080012f0        0x2 CMakeFiles/Signals_Courses.elf.dir/Core/Src/stm32f4xx_it.c.obj
                0x080012f0                DebugMon_Handler
 .text.PendSV_Handler
                0x080012f2        0x2 CMakeFiles/Signals_Courses.elf.dir/Core/Src/stm32f4xx_it.c.obj
                0x080012f2                PendSV_Handler
 .text.SysTick_Handler
                0x080012f4        0x8 CMakeFiles/Signals_Courses.elf.dir/Core/Src/stm32f4xx_it.c.obj
                0x080012f4                SysTick_Handler
 .text.EXTI2_IRQHandler
                0x080012fc        0xa CMakeFiles/Signals_Courses.elf.dir/Core/Src/stm32f4xx_it.c.obj
                0x080012fc                EXTI2_IRQHandler
 .text.EXTI4_IRQHandler
                0x08001306        0xa CMakeFiles/Signals_Courses.elf.dir/Core/Src/stm32f4xx_it.c.obj
                0x08001306                EXTI4_IRQHandler
 .text.DMA1_Stream5_IRQHandler
                0x08001310       0x10 CMakeFiles/Signals_Courses.elf.dir/Core/Src/stm32f4xx_it.c.obj
                0x08001310                DMA1_Stream5_IRQHandler
 .text.TIM6_DAC_IRQHandler
                0x08001320       0x10 CMakeFiles/Signals_Courses.elf.dir/Core/Src/stm32f4xx_it.c.obj
                0x08001320                TIM6_DAC_IRQHandler
 .text.DMA2_Stream0_IRQHandler
                0x08001330       0x10 CMakeFiles/Signals_Courses.elf.dir/Core/Src/stm32f4xx_it.c.obj
                0x08001330                DMA2_Stream0_IRQHandler
 .text.SystemInit
                0x08001340       0x14 CMakeFiles/Signals_Courses.elf.dir/Core/Src/system_stm32f4xx.c.obj
                0x08001340                SystemInit
 .text.MX_TIM7_Init
                0x08001354       0x54 CMakeFiles/Signals_Courses.elf.dir/Core/Src/tim.c.obj
                0x08001354                MX_TIM7_Init
 .text.HAL_TIM_Base_MspInit
                0x080013a8       0x30 CMakeFiles/Signals_Courses.elf.dir/Core/Src/tim.c.obj
                0x080013a8                HAL_TIM_Base_MspInit
 .text.Reset_Handler
                0x080013d8       0x50 CMakeFiles/Signals_Courses.elf.dir/Core/Startup/startup_stm32f407zgtx.s.obj
                0x080013d8                Reset_Handler
 .text.Default_Handler
                0x08001428        0x2 CMakeFiles/Signals_Courses.elf.dir/Core/Startup/startup_stm32f407zgtx.s.obj
                0x08001428                RTC_Alarm_IRQHandler
                0x08001428                HASH_RNG_IRQHandler
                0x08001428                TIM8_CC_IRQHandler
                0x08001428                TIM1_CC_IRQHandler
                0x08001428                DMA2_Stream5_IRQHandler
                0x08001428                PVD_IRQHandler
                0x08001428                SDIO_IRQHandler
                0x08001428                TAMP_STAMP_IRQHandler
                0x08001428                CAN2_RX1_IRQHandler
                0x08001428                EXTI3_IRQHandler
                0x08001428                TIM8_TRG_COM_TIM14_IRQHandler
                0x08001428                TIM1_UP_TIM10_IRQHandler
                0x08001428                TIM8_UP_TIM13_IRQHandler
                0x08001428                I2C3_ER_IRQHandler
                0x08001428                EXTI0_IRQHandler
                0x08001428                I2C2_EV_IRQHandler
                0x08001428                DMA1_Stream2_IRQHandler
                0x08001428                CAN1_RX0_IRQHandler
                0x08001428                FPU_IRQHandler
                0x08001428                OTG_HS_WKUP_IRQHandler
                0x08001428                CAN2_SCE_IRQHandler
                0x08001428                DMA2_Stream2_IRQHandler
                0x08001428                SPI1_IRQHandler
                0x08001428                TIM1_BRK_TIM9_IRQHandler
                0x08001428                DCMI_IRQHandler
                0x08001428                CAN2_RX0_IRQHandler
                0x08001428                DMA2_Stream3_IRQHandler
                0x08001428                USART6_IRQHandler
                0x08001428                USART3_IRQHandler
                0x08001428                CAN1_RX1_IRQHandler
                0x08001428                UART5_IRQHandler
                0x08001428                TIM4_IRQHandler
                0x08001428                I2C1_EV_IRQHandler
                0x08001428                DMA1_Stream6_IRQHandler
                0x08001428                DMA1_Stream1_IRQHandler
                0x08001428                UART4_IRQHandler
                0x08001428                TIM3_IRQHandler
                0x08001428                RCC_IRQHandler
                0x08001428                TIM8_BRK_TIM12_IRQHandler
                0x08001428                Default_Handler
                0x08001428                EXTI15_10_IRQHandler
                0x08001428                ADC_IRQHandler
                0x08001428                DMA1_Stream7_IRQHandler
                0x08001428                TIM7_IRQHandler
                0x08001428                CAN2_TX_IRQHandler
                0x08001428                TIM5_IRQHandler
                0x08001428                DMA2_Stream7_IRQHandler
                0x08001428                I2C3_EV_IRQHandler
                0x08001428                EXTI9_5_IRQHandler
                0x08001428                RTC_WKUP_IRQHandler
                0x08001428                ETH_WKUP_IRQHandler
                0x08001428                SPI2_IRQHandler
                0x08001428                OTG_HS_EP1_IN_IRQHandler
                0x08001428                DMA1_Stream0_IRQHandler
                0x08001428                CAN1_TX_IRQHandler
                0x08001428                FSMC_IRQHandler
                0x08001428                ETH_IRQHandler
                0x08001428                OTG_HS_EP1_OUT_IRQHandler
                0x08001428                WWDG_IRQHandler
                0x08001428                TIM2_IRQHandler
                0x08001428                OTG_FS_WKUP_IRQHandler
                0x08001428                TIM1_TRG_COM_TIM11_IRQHandler
                0x08001428                OTG_HS_IRQHandler
                0x08001428                EXTI1_IRQHandler
                0x08001428                USART2_IRQHandler
                0x08001428                I2C2_ER_IRQHandler
                0x08001428                DMA2_Stream1_IRQHandler
                0x08001428                CAN1_SCE_IRQHandler
                0x08001428                FLASH_IRQHandler
                0x08001428                DMA2_Stream4_IRQHandler
                0x08001428                USART1_IRQHandler
                0x08001428                OTG_FS_IRQHandler
                0x08001428                SPI3_IRQHandler
                0x08001428                DMA1_Stream4_IRQHandler
                0x08001428                I2C1_ER_IRQHandler
                0x08001428                DMA2_Stream6_IRQHandler
                0x08001428                DMA1_Stream3_IRQHandler
 *fill*         0x0800142a        0x2 
 .text.HAL_InitTick
                0x0800142c       0x4c CMakeFiles/Signals_Courses.elf.dir/Drivers/STM32F4xx_HAL_Driver/Src/stm32f4xx_hal.c.obj
                0x0800142c                HAL_InitTick
 .text.HAL_Init
                0x08001478       0x34 CMakeFiles/Signals_Courses.elf.dir/Drivers/STM32F4xx_HAL_Driver/Src/stm32f4xx_hal.c.obj
                0x08001478                HAL_Init
 .text.HAL_IncTick
                0x080014ac       0x18 CMakeFiles/Signals_Courses.elf.dir/Drivers/STM32F4xx_HAL_Driver/Src/stm32f4xx_hal.c.obj
                0x080014ac                HAL_IncTick
 .text.HAL_GetTick
                0x080014c4        0xc CMakeFiles/Signals_Courses.elf.dir/Drivers/STM32F4xx_HAL_Driver/Src/stm32f4xx_hal.c.obj
                0x080014c4                HAL_GetTick
 .text.HAL_Delay
                0x080014d0       0x28 CMakeFiles/Signals_Courses.elf.dir/Drivers/STM32F4xx_HAL_Driver/Src/stm32f4xx_hal.c.obj
                0x080014d0                HAL_Delay
 .text.ADC_Init
                0x080014f8      0x134 CMakeFiles/Signals_Courses.elf.dir/Drivers/STM32F4xx_HAL_Driver/Src/stm32f4xx_hal_adc.c.obj
 .text.HAL_ADC_Init
                0x0800162c       0x56 CMakeFiles/Signals_Courses.elf.dir/Drivers/STM32F4xx_HAL_Driver/Src/stm32f4xx_hal_adc.c.obj
                0x0800162c                HAL_ADC_Init
 *fill*         0x08001682        0x2 
 .text.HAL_ADC_ConfigChannel
                0x08001684      0x194 CMakeFiles/Signals_Courses.elf.dir/Drivers/STM32F4xx_HAL_Driver/Src/stm32f4xx_hal_adc.c.obj
                0x08001684                HAL_ADC_ConfigChannel
 .text.__NVIC_EnableIRQ
                0x08001818       0x1c CMakeFiles/Signals_Courses.elf.dir/Drivers/STM32F4xx_HAL_Driver/Src/stm32f4xx_hal_cortex.c.obj
 .text.__NVIC_SetPriority
                0x08001834       0x28 CMakeFiles/Signals_Courses.elf.dir/Drivers/STM32F4xx_HAL_Driver/Src/stm32f4xx_hal_cortex.c.obj
 .text.NVIC_EncodePriority
                0x0800185c       0x3e CMakeFiles/Signals_Courses.elf.dir/Drivers/STM32F4xx_HAL_Driver/Src/stm32f4xx_hal_cortex.c.obj
 *fill*         0x0800189a        0x2 
 .text.HAL_NVIC_SetPriorityGrouping
                0x0800189c       0x24 CMakeFiles/Signals_Courses.elf.dir/Drivers/STM32F4xx_HAL_Driver/Src/stm32f4xx_hal_cortex.c.obj
                0x0800189c                HAL_NVIC_SetPriorityGrouping
 .text.HAL_NVIC_SetPriority
                0x080018c0       0x20 CMakeFiles/Signals_Courses.elf.dir/Drivers/STM32F4xx_HAL_Driver/Src/stm32f4xx_hal_cortex.c.obj
                0x080018c0                HAL_NVIC_SetPriority
 .text.HAL_NVIC_EnableIRQ
                0x080018e0        0x8 CMakeFiles/Signals_Courses.elf.dir/Drivers/STM32F4xx_HAL_Driver/Src/stm32f4xx_hal_cortex.c.obj
                0x080018e0                HAL_NVIC_EnableIRQ
 .text.HAL_SYSTICK_Config
                0x080018e8       0x28 CMakeFiles/Signals_Courses.elf.dir/Drivers/STM32F4xx_HAL_Driver/Src/stm32f4xx_hal_cortex.c.obj
                0x080018e8                HAL_SYSTICK_Config
 .text.HAL_DAC_Init
                0x08001910       0x24 CMakeFiles/Signals_Courses.elf.dir/Drivers/STM32F4xx_HAL_Driver/Src/stm32f4xx_hal_dac.c.obj
                0x08001910                HAL_DAC_Init
 .text.HAL_DAC_Start_DMA
                0x08001934       0xf0 CMakeFiles/Signals_Courses.elf.dir/Drivers/STM32F4xx_HAL_Driver/Src/stm32f4xx_hal_dac.c.obj
                0x08001934                HAL_DAC_Start_DMA
 .text.HAL_DAC_ConvCpltCallbackCh1
                0x08001a24        0x2 CMakeFiles/Signals_Courses.elf.dir/Drivers/STM32F4xx_HAL_Driver/Src/stm32f4xx_hal_dac.c.obj
                0x08001a24                HAL_DAC_ConvCpltCallbackCh1
 .text.DAC_DMAConvCpltCh1
                0x08001a26       0x10 CMakeFiles/Signals_Courses.elf.dir/Drivers/STM32F4xx_HAL_Driver/Src/stm32f4xx_hal_dac.c.obj
                0x08001a26                DAC_DMAConvCpltCh1
 .text.HAL_DAC_ConvHalfCpltCallbackCh1
                0x08001a36        0x2 CMakeFiles/Signals_Courses.elf.dir/Drivers/STM32F4xx_HAL_Driver/Src/stm32f4xx_hal_dac.c.obj
                0x08001a36                HAL_DAC_ConvHalfCpltCallbackCh1
 .text.DAC_DMAHalfConvCpltCh1
                0x08001a38        0xa CMakeFiles/Signals_Courses.elf.dir/Drivers/STM32F4xx_HAL_Driver/Src/stm32f4xx_hal_dac.c.obj
                0x08001a38                DAC_DMAHalfConvCpltCh1
 .text.HAL_DAC_ErrorCallbackCh1
                0x08001a42        0x2 CMakeFiles/Signals_Courses.elf.dir/Drivers/STM32F4xx_HAL_Driver/Src/stm32f4xx_hal_dac.c.obj
                0x08001a42                HAL_DAC_ErrorCallbackCh1
 .text.DAC_DMAErrorCh1
                0x08001a44       0x18 CMakeFiles/Signals_Courses.elf.dir/Drivers/STM32F4xx_HAL_Driver/Src/stm32f4xx_hal_dac.c.obj
                0x08001a44                DAC_DMAErrorCh1
 .text.HAL_DAC_DMAUnderrunCallbackCh1
                0x08001a5c        0x2 CMakeFiles/Signals_Courses.elf.dir/Drivers/STM32F4xx_HAL_Driver/Src/stm32f4xx_hal_dac.c.obj
                0x08001a5c                HAL_DAC_DMAUnderrunCallbackCh1
 .text.HAL_DAC_IRQHandler
                0x08001a5e       0x6c CMakeFiles/Signals_Courses.elf.dir/Drivers/STM32F4xx_HAL_Driver/Src/stm32f4xx_hal_dac.c.obj
                0x08001a5e                HAL_DAC_IRQHandler
 .text.HAL_DAC_ConfigChannel
                0x08001aca       0x62 CMakeFiles/Signals_Courses.elf.dir/Drivers/STM32F4xx_HAL_Driver/Src/stm32f4xx_hal_dac.c.obj
                0x08001aca                HAL_DAC_ConfigChannel
 .text.HAL_DACEx_ConvCpltCallbackCh2
                0x08001b2c        0x2 CMakeFiles/Signals_Courses.elf.dir/Drivers/STM32F4xx_HAL_Driver/Src/stm32f4xx_hal_dac_ex.c.obj
                0x08001b2c                HAL_DACEx_ConvCpltCallbackCh2
 .text.HAL_DACEx_ConvHalfCpltCallbackCh2
                0x08001b2e        0x2 CMakeFiles/Signals_Courses.elf.dir/Drivers/STM32F4xx_HAL_Driver/Src/stm32f4xx_hal_dac_ex.c.obj
                0x08001b2e                HAL_DACEx_ConvHalfCpltCallbackCh2
 .text.HAL_DACEx_ErrorCallbackCh2
                0x08001b30        0x2 CMakeFiles/Signals_Courses.elf.dir/Drivers/STM32F4xx_HAL_Driver/Src/stm32f4xx_hal_dac_ex.c.obj
                0x08001b30                HAL_DACEx_ErrorCallbackCh2
 .text.HAL_DACEx_DMAUnderrunCallbackCh2
                0x08001b32        0x2 CMakeFiles/Signals_Courses.elf.dir/Drivers/STM32F4xx_HAL_Driver/Src/stm32f4xx_hal_dac_ex.c.obj
                0x08001b32                HAL_DACEx_DMAUnderrunCallbackCh2
 .text.DAC_DMAConvCpltCh2
                0x08001b34       0x10 CMakeFiles/Signals_Courses.elf.dir/Drivers/STM32F4xx_HAL_Driver/Src/stm32f4xx_hal_dac_ex.c.obj
                0x08001b34                DAC_DMAConvCpltCh2
 .text.DAC_DMAHalfConvCpltCh2
                0x08001b44        0xa CMakeFiles/Signals_Courses.elf.dir/Drivers/STM32F4xx_HAL_Driver/Src/stm32f4xx_hal_dac_ex.c.obj
                0x08001b44                DAC_DMAHalfConvCpltCh2
 .text.DAC_DMAErrorCh2
                0x08001b4e       0x18 CMakeFiles/Signals_Courses.elf.dir/Drivers/STM32F4xx_HAL_Driver/Src/stm32f4xx_hal_dac_ex.c.obj
                0x08001b4e                DAC_DMAErrorCh2
 .text.DMA_SetConfig
                0x08001b66       0x2c CMakeFiles/Signals_Courses.elf.dir/Drivers/STM32F4xx_HAL_Driver/Src/stm32f4xx_hal_dma.c.obj
 *fill*         0x08001b92        0x2 
 .text.DMA_CalcBaseAndBitshift
                0x08001b94       0x44 CMakeFiles/Signals_Courses.elf.dir/Drivers/STM32F4xx_HAL_Driver/Src/stm32f4xx_hal_dma.c.obj
 .text.DMA_CheckFifoParam
                0x08001bd8       0x8e CMakeFiles/Signals_Courses.elf.dir/Drivers/STM32F4xx_HAL_Driver/Src/stm32f4xx_hal_dma.c.obj
 *fill*         0x08001c66        0x2 
 .text.HAL_DMA_Init
                0x08001c68       0xcc CMakeFiles/Signals_Courses.elf.dir/Drivers/STM32F4xx_HAL_Driver/Src/stm32f4xx_hal_dma.c.obj
                0x08001c68                HAL_DMA_Init
 .text.HAL_DMA_Start_IT
                0x08001d34       0x6a CMakeFiles/Signals_Courses.elf.dir/Drivers/STM32F4xx_HAL_Driver/Src/stm32f4xx_hal_dma.c.obj
                0x08001d34                HAL_DMA_Start_IT
 *fill*         0x08001d9e        0x2 
 .text.HAL_DMA_IRQHandler
                0x08001da0      0x1dc CMakeFiles/Signals_Courses.elf.dir/Drivers/STM32F4xx_HAL_Driver/Src/stm32f4xx_hal_dma.c.obj
                0x08001da0                HAL_DMA_IRQHandler
 .text.HAL_GPIO_Init
                0x08001f7c      0x1ec CMakeFiles/Signals_Courses.elf.dir/Drivers/STM32F4xx_HAL_Driver/Src/stm32f4xx_hal_gpio.c.obj
                0x08001f7c                HAL_GPIO_Init
 .text.HAL_GPIO_WritePin
                0x08002168        0xc CMakeFiles/Signals_Courses.elf.dir/Drivers/STM32F4xx_HAL_Driver/Src/stm32f4xx_hal_gpio.c.obj
                0x08002168                HAL_GPIO_WritePin
 .text.HAL_GPIO_EXTI_IRQHandler
                0x08002174       0x1c CMakeFiles/Signals_Courses.elf.dir/Drivers/STM32F4xx_HAL_Driver/Src/stm32f4xx_hal_gpio.c.obj
                0x08002174                HAL_GPIO_EXTI_IRQHandler
 .text.HAL_RCC_OscConfig
                0x08002190      0x3f8 CMakeFiles/Signals_Courses.elf.dir/Drivers/STM32F4xx_HAL_Driver/Src/stm32f4xx_hal_rcc.c.obj
                0x08002190                HAL_RCC_OscConfig
 .text.HAL_RCC_GetSysClockFreq
                0x08002588       0xa8 CMakeFiles/Signals_Courses.elf.dir/Drivers/STM32F4xx_HAL_Driver/Src/stm32f4xx_hal_rcc.c.obj
                0x08002588                HAL_RCC_GetSysClockFreq
 .text.HAL_RCC_ClockConfig
                0x08002630      0x160 CMakeFiles/Signals_Courses.elf.dir/Drivers/STM32F4xx_HAL_Driver/Src/stm32f4xx_hal_rcc.c.obj
                0x08002630                HAL_RCC_ClockConfig
 .text.HAL_SRAM_Init
                0x08002790       0x58 CMakeFiles/Signals_Courses.elf.dir/Drivers/STM32F4xx_HAL_Driver/Src/stm32f4xx_hal_sram.c.obj
                0x08002790                HAL_SRAM_Init
 .text.HAL_TIM_Base_Start
                0x080027e8       0x7c CMakeFiles/Signals_Courses.elf.dir/Drivers/STM32F4xx_HAL_Driver/Src/stm32f4xx_hal_tim.c.obj
                0x080027e8                HAL_TIM_Base_Start
 .text.TIM_Base_SetConfig
                0x08002864       0xd8 CMakeFiles/Signals_Courses.elf.dir/Drivers/STM32F4xx_HAL_Driver/Src/stm32f4xx_hal_tim.c.obj
                0x08002864                TIM_Base_SetConfig
 .text.HAL_TIM_Base_Init
                0x0800293c       0x58 CMakeFiles/Signals_Courses.elf.dir/Drivers/STM32F4xx_HAL_Driver/Src/stm32f4xx_hal_tim.c.obj
                0x0800293c                HAL_TIM_Base_Init
 .text.HAL_TIMEx_MasterConfigSynchronization
                0x08002994       0x8c CMakeFiles/Signals_Courses.elf.dir/Drivers/STM32F4xx_HAL_Driver/Src/stm32f4xx_hal_tim_ex.c.obj
                0x08002994                HAL_TIMEx_MasterConfigSynchronization
 .text.FSMC_NORSRAM_Init
                0x08002a20       0x6c CMakeFiles/Signals_Courses.elf.dir/Drivers/STM32F4xx_HAL_Driver/Src/stm32f4xx_ll_fsmc.c.obj
                0x08002a20                FSMC_NORSRAM_Init
 .text.FSMC_NORSRAM_Timing_Init
                0x08002a8c       0x44 CMakeFiles/Signals_Courses.elf.dir/Drivers/STM32F4xx_HAL_Driver/Src/stm32f4xx_ll_fsmc.c.obj
                0x08002a8c                FSMC_NORSRAM_Timing_Init
 .text.FSMC_NORSRAM_Extended_Timing_Init
                0x08002ad0       0x44 CMakeFiles/Signals_Courses.elf.dir/Drivers/STM32F4xx_HAL_Driver/Src/stm32f4xx_ll_fsmc.c.obj
                0x08002ad0                FSMC_NORSRAM_Extended_Timing_Init
 .text.atk_md0350_get_chip_id
                0x08002b14       0x52 CMakeFiles/Signals_Courses.elf.dir/Drivers/atk_md0350/atk_md0350.c.obj
 .text.atk_md0350_set_column_address
                0x08002b66       0x24 CMakeFiles/Signals_Courses.elf.dir/Drivers/atk_md0350/atk_md0350.c.obj
 .text.atk_md0350_set_page_address
                0x08002b8a       0x24 CMakeFiles/Signals_Courses.elf.dir/Drivers/atk_md0350/atk_md0350.c.obj
 .text.atk_md0350_start_write_memory
                0x08002bae        0xc CMakeFiles/Signals_Courses.elf.dir/Drivers/atk_md0350/atk_md0350.c.obj
 *fill*         0x08002bba        0x2 
 .text.atk_md0350_hw_init
                0x08002bbc       0x58 CMakeFiles/Signals_Courses.elf.dir/Drivers/atk_md0350/atk_md0350.c.obj
 .text.atk_md0350_reg_init
                0x08002c14      0xde0 CMakeFiles/Signals_Courses.elf.dir/Drivers/atk_md0350/atk_md0350.c.obj
 .text.atk_md0350_backlight_on
                0x080039f4       0x14 CMakeFiles/Signals_Courses.elf.dir/Drivers/atk_md0350/atk_md0350.c.obj
                0x080039f4                atk_md0350_backlight_on
 .text.atk_md0350_display_on
                0x08003a08        0xc CMakeFiles/Signals_Courses.elf.dir/Drivers/atk_md0350/atk_md0350.c.obj
                0x08003a08                atk_md0350_display_on
 .text.atk_md0350_set_scan_dir
                0x08003a14      0x148 CMakeFiles/Signals_Courses.elf.dir/Drivers/atk_md0350/atk_md0350.c.obj
                0x08003a14                atk_md0350_set_scan_dir
 .text.atk_md0350_set_disp_dir
                0x08003b5c       0x64 CMakeFiles/Signals_Courses.elf.dir/Drivers/atk_md0350/atk_md0350.c.obj
                0x08003b5c                atk_md0350_set_disp_dir
 .text.atk_md0350_fill
                0x08003bc0       0x48 CMakeFiles/Signals_Courses.elf.dir/Drivers/atk_md0350/atk_md0350.c.obj
                0x08003bc0                atk_md0350_fill
 .text.atk_md0350_clear
                0x08003c08       0x1c CMakeFiles/Signals_Courses.elf.dir/Drivers/atk_md0350/atk_md0350.c.obj
                0x08003c08                atk_md0350_clear
 .text.atk_md0350_init
                0x08003c24       0x54 CMakeFiles/Signals_Courses.elf.dir/Drivers/atk_md0350/atk_md0350.c.obj
                0x08003c24                atk_md0350_init
 .text.atk_md0350_draw_point
                0x08003c78       0x22 CMakeFiles/Signals_Courses.elf.dir/Drivers/atk_md0350/atk_md0350.c.obj
                0x08003c78                atk_md0350_draw_point
 *fill*         0x08003c9a        0x2 
 .text.atk_md0350_show_char
                0x08003c9c       0xec CMakeFiles/Signals_Courses.elf.dir/Drivers/atk_md0350/atk_md0350.c.obj
                0x08003c9c                atk_md0350_show_char
 .text.atk_md0350_show_string
                0x08003d88       0xc2 CMakeFiles/Signals_Courses.elf.dir/Drivers/atk_md0350/atk_md0350.c.obj
                0x08003d88                atk_md0350_show_string
 *fill*         0x08003e4a        0x2 
 .text.atk_md0350_fsmc_init
                0x08003e4c      0x3d0 CMakeFiles/Signals_Courses.elf.dir/Drivers/atk_md0350/atk_md0350_fsmc.c.obj
                0x08003e4c                atk_md0350_fsmc_init
 .text.__udivmoddi4
                0x0800421c      0x2bc c:/progra~2/armgnu~1/125863~1.3re/bin/../lib/gcc/arm-none-eabi/12.3.1/thumb/v7e-m+fp/hard\libgcc.a(_udivmoddi4.o)
                0x0800421c                __udivmoddi4
 .text.memset   0x080044d8       0xa4 c:/progra~2/armgnu~1/125863~1.3re/bin/../lib/gcc/arm-none-eabi/12.3.1/thumb/v7e-m+fp/hard\libg.a(libc_a-memset.o)
                0x080044d8                memset
 .text.__libc_init_array
                0x0800457c       0x50 c:/progra~2/armgnu~1/125863~1.3re/bin/../lib/gcc/arm-none-eabi/12.3.1/thumb/v7e-m+fp/hard\libg.a(libc_a-init.o)
                0x0800457c                __libc_init_array
 .text.__retarget_lock_acquire_recursive
                0x080045cc        0x4 c:/progra~2/armgnu~1/125863~1.3re/bin/../lib/gcc/arm-none-eabi/12.3.1/thumb/v7e-m+fp/hard\libg.a(libc_a-lock.o)
                0x080045cc                __retarget_lock_acquire_recursive
 .text.__retarget_lock_release_recursive
                0x080045d0        0x4 c:/progra~2/armgnu~1/125863~1.3re/bin/../lib/gcc/arm-none-eabi/12.3.1/thumb/v7e-m+fp/hard\libg.a(libc_a-lock.o)
                0x080045d0                __retarget_lock_release_recursive
 .text.startup.register_fini
                0x080045d4       0x14 c:/progra~2/armgnu~1/125863~1.3re/bin/../lib/gcc/arm-none-eabi/12.3.1/thumb/v7e-m+fp/hard\libg.a(libc_a-__call_atexit.o)
 .text.atexit   0x080045e8        0xc c:/progra~2/armgnu~1/125863~1.3re/bin/../lib/gcc/arm-none-eabi/12.3.1/thumb/v7e-m+fp/hard\libg.a(libc_a-atexit.o)
                0x080045e8                atexit
 .text.__libc_fini_array
                0x080045f4       0x28 c:/progra~2/armgnu~1/125863~1.3re/bin/../lib/gcc/arm-none-eabi/12.3.1/thumb/v7e-m+fp/hard\libg.a(libc_a-fini.o)
                0x080045f4                __libc_fini_array
 .text.__register_exitproc
                0x0800461c       0x80 c:/progra~2/armgnu~1/125863~1.3re/bin/../lib/gcc/arm-none-eabi/12.3.1/thumb/v7e-m+fp/hard\libg.a(libc_a-__atexit.o)
                0x0800461c                __register_exitproc
 *fill*         0x0800469c        0x4 
 .text.sin      0x080046a0       0x90 c:/progra~2/armgnu~1/125863~1.3re/bin/../lib/gcc/arm-none-eabi/12.3.1/thumb/v7e-m+fp/hard\libm.a(libm_a-s_sin.o)
                0x080046a0                sin
 .text.__kernel_cos
                0x08004730      0x264 c:/progra~2/armgnu~1/125863~1.3re/bin/../lib/gcc/arm-none-eabi/12.3.1/thumb/v7e-m+fp/hard\libm.a(libm_a-k_cos.o)
                0x08004730                __kernel_cos
 *fill*         0x08004994        0x4 
 .text.__kernel_sin
                0x08004998      0x17c c:/progra~2/armgnu~1/125863~1.3re/bin/../lib/gcc/arm-none-eabi/12.3.1/thumb/v7e-m+fp/hard\libm.a(libm_a-k_sin.o)
                0x08004998                __kernel_sin
 *fill*         0x08004b14        0x4 
 .text.__ieee754_rem_pio2
                0x08004b18      0x444 c:/progra~2/armgnu~1/125863~1.3re/bin/../lib/gcc/arm-none-eabi/12.3.1/thumb/v7e-m+fp/hard\libm.a(libm_a-e_rem_pio2.o)
                0x08004b18                __ieee754_rem_pio2
 .text.fabs     0x08004f5c       0x10 c:/progra~2/armgnu~1/125863~1.3re/bin/../lib/gcc/arm-none-eabi/12.3.1/thumb/v7e-m+fp/hard\libm.a(libm_a-s_fabs.o)
                0x08004f5c                fabs
 *fill*         0x08004f6c        0x4 
 .text.__kernel_rem_pio2
                0x08004f70      0x87c c:/progra~2/armgnu~1/125863~1.3re/bin/../lib/gcc/arm-none-eabi/12.3.1/thumb/v7e-m+fp/hard\libm.a(libm_a-k_rem_pio2.o)
                0x08004f70                __kernel_rem_pio2
 *fill*         0x080057ec        0x4 
 .text.scalbn   0x080057f0      0x114 c:/progra~2/armgnu~1/125863~1.3re/bin/../lib/gcc/arm-none-eabi/12.3.1/thumb/v7e-m+fp/hard\libm.a(libm_a-s_scalbn.o)
                0x080057f0                scalbn
 *fill*         0x08005904        0x4 
 .text.floor    0x08005908      0x108 c:/progra~2/armgnu~1/125863~1.3re/bin/../lib/gcc/arm-none-eabi/12.3.1/thumb/v7e-m+fp/hard\libm.a(libm_a-s_floor.o)
                0x08005908                floor
 *(.glue_7)
 .glue_7        0x08005a10        0x0 linker stubs
 *(.glue_7t)
 .glue_7t       0x08005a10        0x0 linker stubs
 *(.eh_frame)
 .eh_frame      0x08005a10        0x0 c:/progra~2/armgnu~1/125863~1.3re/bin/../lib/gcc/arm-none-eabi/12.3.1/thumb/v7e-m+fp/hard/crtbegin.o
 *(.init)
 .init          0x08005a10        0x4 c:/progra~2/armgnu~1/125863~1.3re/bin/../lib/gcc/arm-none-eabi/12.3.1/thumb/v7e-m+fp/hard/crti.o
                0x08005a10                _init
 .init          0x08005a14        0x8 c:/progra~2/armgnu~1/125863~1.3re/bin/../lib/gcc/arm-none-eabi/12.3.1/thumb/v7e-m+fp/hard/crtn.o
 *(.fini)
 .fini          0x08005a1c        0x4 c:/progra~2/armgnu~1/125863~1.3re/bin/../lib/gcc/arm-none-eabi/12.3.1/thumb/v7e-m+fp/hard/crti.o
                0x08005a1c                _fini
 .fini          0x08005a20        0x8 c:/progra~2/armgnu~1/125863~1.3re/bin/../lib/gcc/arm-none-eabi/12.3.1/thumb/v7e-m+fp/hard/crtn.o
                0x08005a28                        . = ALIGN (0x4)
                0x08005a28                        _etext = .

.vfp11_veneer   0x08005a28        0x0
 .vfp11_veneer  0x08005a28        0x0 linker stubs

.v4_bx          0x08005a28        0x0
 .v4_bx         0x08005a28        0x0 linker stubs

.iplt           0x08005a28        0x0
 .iplt          0x08005a28        0x0 c:/progra~2/armgnu~1/125863~1.3re/bin/../lib/gcc/arm-none-eabi/12.3.1/thumb/v7e-m+fp/hard/crtbegin.o

.rodata         0x08005a28     0x31b0
                0x08005a28                        . = ALIGN (0x4)
 *(.rodata)
 *(.rodata*)
 .rodata.main.str1.4
                0x08005a28       0x3b CMakeFiles/Signals_Courses.elf.dir/Core/Src/main.c.obj
 *fill*         0x08005a63        0x1 
 .rodata.AHBPrescTable
                0x08005a64       0x10 CMakeFiles/Signals_Courses.elf.dir/Core/Src/system_stm32f4xx.c.obj
                0x08005a64                AHBPrescTable
 .rodata.flagBitshiftOffset.0
                0x08005a74        0x8 CMakeFiles/Signals_Courses.elf.dir/Drivers/STM32F4xx_HAL_Driver/Src/stm32f4xx_hal_dma.c.obj
 .rodata.atk_md0350_font_3216
                0x08005a7c     0x17c0 CMakeFiles/Signals_Courses.elf.dir/Drivers/atk_md0350/atk_md0350.c.obj
                0x08005a7c                atk_md0350_font_3216
 .rodata.atk_md0350_font_2412
                0x0800723c      0xd5c CMakeFiles/Signals_Courses.elf.dir/Drivers/atk_md0350/atk_md0350.c.obj
                0x0800723c                atk_md0350_font_2412
 .rodata.atk_md0350_font_1608
                0x08007f98      0x5f0 CMakeFiles/Signals_Courses.elf.dir/Drivers/atk_md0350/atk_md0350.c.obj
                0x08007f98                atk_md0350_font_1608
 .rodata.atk_md0350_font_1206
                0x08008588      0x474 CMakeFiles/Signals_Courses.elf.dir/Drivers/atk_md0350/atk_md0350.c.obj
                0x08008588                atk_md0350_font_1206
 .rodata.npio2_hw
                0x080089fc       0x80 c:/progra~2/armgnu~1/125863~1.3re/bin/../lib/gcc/arm-none-eabi/12.3.1/thumb/v7e-m+fp/hard\libm.a(libm_a-e_rem_pio2.o)
 .rodata.two_over_pi
                0x08008a7c      0x108 c:/progra~2/armgnu~1/125863~1.3re/bin/../lib/gcc/arm-none-eabi/12.3.1/thumb/v7e-m+fp/hard\libm.a(libm_a-e_rem_pio2.o)
 *fill*         0x08008b84        0x4 
 .rodata.PIo2   0x08008b88       0x40 c:/progra~2/armgnu~1/125863~1.3re/bin/../lib/gcc/arm-none-eabi/12.3.1/thumb/v7e-m+fp/hard\libm.a(libm_a-k_rem_pio2.o)
 .rodata.init_jk
                0x08008bc8       0x10 c:/progra~2/armgnu~1/125863~1.3re/bin/../lib/gcc/arm-none-eabi/12.3.1/thumb/v7e-m+fp/hard\libm.a(libm_a-k_rem_pio2.o)
                0x08008bd8                        . = ALIGN (0x4)

.ARM.extab      0x08008bd8        0x0
                0x08008bd8                        . = ALIGN (0x4)
 *(.ARM.extab* .gnu.linkonce.armextab.*)
                0x08008bd8                        . = ALIGN (0x4)

.ARM            0x08008bd8        0x8
                0x08008bd8                        . = ALIGN (0x4)
                0x08008bd8                        __exidx_start = .
 *(.ARM.exidx*)
 .ARM.exidx.text.__udivmoddi4
                0x08008bd8        0x8 c:/progra~2/armgnu~1/125863~1.3re/bin/../lib/gcc/arm-none-eabi/12.3.1/thumb/v7e-m+fp/hard\libgcc.a(_udivmoddi4.o)
                0x08008be0                        __exidx_end = .
                0x08008be0                        . = ALIGN (0x4)

.preinit_array  0x08008be0        0x0
                0x08008be0                        . = ALIGN (0x4)
                0x08008be0                        PROVIDE (__preinit_array_start = .)
 *(.preinit_array*)
                0x08008be0                        PROVIDE (__preinit_array_end = .)
                0x08008be0                        . = ALIGN (0x4)

.init_array     0x08008be0        0x8
                0x08008be0                        . = ALIGN (0x4)
                0x08008be0                        PROVIDE (__init_array_start = .)
 *(SORT_BY_NAME(.init_array.*))
 .init_array.00000
                0x08008be0        0x4 c:/progra~2/armgnu~1/125863~1.3re/bin/../lib/gcc/arm-none-eabi/12.3.1/thumb/v7e-m+fp/hard\libg.a(libc_a-__call_atexit.o)
 *(.init_array*)
 .init_array    0x08008be4        0x4 c:/progra~2/armgnu~1/125863~1.3re/bin/../lib/gcc/arm-none-eabi/12.3.1/thumb/v7e-m+fp/hard/crtbegin.o
                0x08008be8                        PROVIDE (__init_array_end = .)
                0x08008be8                        . = ALIGN (0x4)

.fini_array     0x08008be8        0x4
                0x08008be8                        . = ALIGN (0x4)
                0x08008be8                        PROVIDE (__fini_array_start = .)
 *(SORT_BY_NAME(.fini_array.*))
 *(.fini_array*)
 .fini_array    0x08008be8        0x4 c:/progra~2/armgnu~1/125863~1.3re/bin/../lib/gcc/arm-none-eabi/12.3.1/thumb/v7e-m+fp/hard/crtbegin.o
                0x08008bec                        PROVIDE (__fini_array_end = .)
                0x08008bec                        . = ALIGN (0x4)
                0x08008bec                        _sidata = LOADADDR (.data)

.rel.dyn        0x08008bec        0x0
 .rel.iplt      0x08008bec        0x0 c:/progra~2/armgnu~1/125863~1.3re/bin/../lib/gcc/arm-none-eabi/12.3.1/thumb/v7e-m+fp/hard/crtbegin.o

.data           0x20000000       0x14 load address 0x08008bec
                0x20000000                        . = ALIGN (0x4)
                0x20000000                        _sdata = .
 *(.data)
 *(.data*)
 .data.freq     0x20000000        0x4 CMakeFiles/Signals_Courses.elf.dir/Core/Src/main.c.obj
                0x20000000                freq
 .data.SystemCoreClock
                0x20000004        0x4 CMakeFiles/Signals_Courses.elf.dir/Core/Src/system_stm32f4xx.c.obj
                0x20000004                SystemCoreClock
 .data.uwTickFreq
                0x20000008        0x1 CMakeFiles/Signals_Courses.elf.dir/Drivers/STM32F4xx_HAL_Driver/Src/stm32f4xx_hal.c.obj
                0x20000008                uwTickFreq
 *fill*         0x20000009        0x3 
 .data.uwTickPrio
                0x2000000c        0x4 CMakeFiles/Signals_Courses.elf.dir/Drivers/STM32F4xx_HAL_Driver/Src/stm32f4xx_hal.c.obj
                0x2000000c                uwTickPrio
 .data.__atexit_recursive_mutex
                0x20000010        0x4 c:/progra~2/armgnu~1/125863~1.3re/bin/../lib/gcc/arm-none-eabi/12.3.1/thumb/v7e-m+fp/hard\libg.a(libc_a-__call_atexit.o)
                0x20000010                __atexit_recursive_mutex
 *(.RamFunc)
 *(.RamFunc*)
                0x20000014                        . = ALIGN (0x4)
                0x20000014                        _edata = .
                0x08008c00                        _siccmram = LOADADDR (.ccmram)

.tm_clone_table
                0x20000014        0x0 load address 0x08008c00
 .tm_clone_table
                0x20000014        0x0 c:/progra~2/armgnu~1/125863~1.3re/bin/../lib/gcc/arm-none-eabi/12.3.1/thumb/v7e-m+fp/hard/crtbegin.o
 .tm_clone_table
                0x20000014        0x0 c:/progra~2/armgnu~1/125863~1.3re/bin/../lib/gcc/arm-none-eabi/12.3.1/thumb/v7e-m+fp/hard/crtend.o

.igot.plt       0x20000014        0x0 load address 0x08008c00
 .igot.plt      0x20000014        0x0 c:/progra~2/armgnu~1/125863~1.3re/bin/../lib/gcc/arm-none-eabi/12.3.1/thumb/v7e-m+fp/hard/crtbegin.o

.ccmram         0x10000000        0x0 load address 0x08008c00
                0x10000000                        . = ALIGN (0x4)
                0x10000000                        _sccmram = .
 *(.ccmram)
 *(.ccmram*)
                0x10000000                        . = ALIGN (0x4)
                0x10000000                        _eccmram = .
                0x10000000                        . = ALIGN (0x4)

.bss            0x20000014      0x55c
                0x20000014                        _sbss = .
                0x20000014                        __bss_start__ = _sbss
 *(.bss)
 *(.bss*)
 .bss.completed.1
                0x20000014        0x1 c:/progra~2/armgnu~1/125863~1.3re/bin/../lib/gcc/arm-none-eabi/12.3.1/thumb/v7e-m+fp/hard/crtbegin.o
 *fill*         0x20000015        0x3 
 .bss.object.0  0x20000018       0x18 c:/progra~2/armgnu~1/125863~1.3re/bin/../lib/gcc/arm-none-eabi/12.3.1/thumb/v7e-m+fp/hard/crtbegin.o
 .bss.hdma_adc1
                0x20000030       0x60 CMakeFiles/Signals_Courses.elf.dir/Core/Src/adc.c.obj
                0x20000030                hdma_adc1
 .bss.hadc1     0x20000090       0x48 CMakeFiles/Signals_Courses.elf.dir/Core/Src/adc.c.obj
                0x20000090                hadc1
 .bss.hdma_dac1
                0x200000d8       0x60 CMakeFiles/Signals_Courses.elf.dir/Core/Src/dac.c.obj
                0x200000d8                hdma_dac1
 .bss.hdac      0x20000138       0x14 CMakeFiles/Signals_Courses.elf.dir/Core/Src/dac.c.obj
                0x20000138                hdac
 .bss.FSMC_Initialized
                0x2000014c        0x4 CMakeFiles/Signals_Courses.elf.dir/Core/Src/fsmc.c.obj
 .bss.hsram4    0x20000150       0x50 CMakeFiles/Signals_Courses.elf.dir/Core/Src/fsmc.c.obj
                0x20000150                hsram4
 .bss.last_tick.0
                0x200001a0        0x4 CMakeFiles/Signals_Courses.elf.dir/Core/Src/main.c.obj
 .bss.SinBuffer
                0x200001a4      0x190 CMakeFiles/Signals_Courses.elf.dir/Core/Src/main.c.obj
                0x200001a4                SinBuffer
 .bss.htim7     0x20000334       0x48 CMakeFiles/Signals_Courses.elf.dir/Core/Src/tim.c.obj
                0x20000334                htim7
 .bss.uwTick    0x2000037c        0x4 CMakeFiles/Signals_Courses.elf.dir/Drivers/STM32F4xx_HAL_Driver/Src/stm32f4xx_hal.c.obj
                0x2000037c                uwTick
 .bss.g_atk_md0350_sta
                0x20000380        0x8 CMakeFiles/Signals_Courses.elf.dir/Drivers/atk_md0350/atk_md0350.c.obj
 .bss.g_sram_handle
                0x20000388       0x50 CMakeFiles/Signals_Courses.elf.dir/Drivers/atk_md0350/atk_md0350_fsmc.c.obj
 .bss.__lock___atexit_recursive_mutex
                0x200003d8        0x1 c:/progra~2/armgnu~1/125863~1.3re/bin/../lib/gcc/arm-none-eabi/12.3.1/thumb/v7e-m+fp/hard\libg.a(libc_a-lock.o)
                0x200003d8                __lock___atexit_recursive_mutex
 *fill*         0x200003d9        0x3 
 .bss.__atexit  0x200003dc        0x4 c:/progra~2/armgnu~1/125863~1.3re/bin/../lib/gcc/arm-none-eabi/12.3.1/thumb/v7e-m+fp/hard\libg.a(libc_a-__call_atexit.o)
                0x200003dc                __atexit
 .bss.__atexit0
                0x200003e0      0x190 c:/progra~2/armgnu~1/125863~1.3re/bin/../lib/gcc/arm-none-eabi/12.3.1/thumb/v7e-m+fp/hard\libg.a(libc_a-__atexit.o)
                0x200003e0                __atexit0
 *(COMMON)
                0x20000570                        . = ALIGN (0x4)
                0x20000570                        _ebss = .
                0x20000570                        __bss_end__ = _ebss

._user_heap_stack
                0x20000570      0x600
                0x20000570                        . = ALIGN (0x8)
                [!provide]                        PROVIDE (end = .)
                0x20000570                        PROVIDE (_end = .)
                0x20000770                        . = (. + _Min_Heap_Size)
 *fill*         0x20000570      0x200 
                0x20000b70                        . = (. + _Min_Stack_Size)
 *fill*         0x20000770      0x400 
                0x20000b70                        . = ALIGN (0x8)

/DISCARD/
 libc.a(*)
 libm.a(*)
 libgcc.a(*)

.ARM.attributes
                0x00000000       0x30
 *(.ARM.attributes)
 .ARM.attributes
                0x00000000       0x22 c:/progra~2/armgnu~1/125863~1.3re/bin/../lib/gcc/arm-none-eabi/12.3.1/thumb/v7e-m+fp/hard/crti.o
 .ARM.attributes
                0x00000022       0x34 c:/progra~2/armgnu~1/125863~1.3re/bin/../lib/gcc/arm-none-eabi/12.3.1/thumb/v7e-m+fp/hard/crtbegin.o
 .ARM.attributes
                0x00000056       0x34 CMakeFiles/Signals_Courses.elf.dir/Core/Src/adc.c.obj
 .ARM.attributes
                0x0000008a       0x34 CMakeFiles/Signals_Courses.elf.dir/Core/Src/dac.c.obj
 .ARM.attributes
                0x000000be       0x34 CMakeFiles/Signals_Courses.elf.dir/Core/Src/dma.c.obj
 .ARM.attributes
                0x000000f2       0x34 CMakeFiles/Signals_Courses.elf.dir/Core/Src/fsmc.c.obj
 .ARM.attributes
                0x00000126       0x34 CMakeFiles/Signals_Courses.elf.dir/Core/Src/gpio.c.obj
 .ARM.attributes
                0x0000015a       0x34 CMakeFiles/Signals_Courses.elf.dir/Core/Src/main.c.obj
 .ARM.attributes
                0x0000018e       0x34 CMakeFiles/Signals_Courses.elf.dir/Core/Src/stm32f4xx_hal_msp.c.obj
 .ARM.attributes
                0x000001c2       0x34 CMakeFiles/Signals_Courses.elf.dir/Core/Src/stm32f4xx_it.c.obj
 .ARM.attributes
                0x000001f6       0x34 CMakeFiles/Signals_Courses.elf.dir/Core/Src/system_stm32f4xx.c.obj
 .ARM.attributes
                0x0000022a       0x34 CMakeFiles/Signals_Courses.elf.dir/Core/Src/tim.c.obj
 .ARM.attributes
                0x0000025e       0x21 CMakeFiles/Signals_Courses.elf.dir/Core/Startup/startup_stm32f407zgtx.s.obj
 .ARM.attributes
                0x0000027f       0x34 CMakeFiles/Signals_Courses.elf.dir/Drivers/STM32F4xx_HAL_Driver/Src/stm32f4xx_hal.c.obj
 .ARM.attributes
                0x000002b3       0x34 CMakeFiles/Signals_Courses.elf.dir/Drivers/STM32F4xx_HAL_Driver/Src/stm32f4xx_hal_adc.c.obj
 .ARM.attributes
                0x000002e7       0x34 CMakeFiles/Signals_Courses.elf.dir/Drivers/STM32F4xx_HAL_Driver/Src/stm32f4xx_hal_cortex.c.obj
 .ARM.attributes
                0x0000031b       0x34 CMakeFiles/Signals_Courses.elf.dir/Drivers/STM32F4xx_HAL_Driver/Src/stm32f4xx_hal_dac.c.obj
 .ARM.attributes
                0x0000034f       0x34 CMakeFiles/Signals_Courses.elf.dir/Drivers/STM32F4xx_HAL_Driver/Src/stm32f4xx_hal_dac_ex.c.obj
 .ARM.attributes
                0x00000383       0x34 CMakeFiles/Signals_Courses.elf.dir/Drivers/STM32F4xx_HAL_Driver/Src/stm32f4xx_hal_dma.c.obj
 .ARM.attributes
                0x000003b7       0x34 CMakeFiles/Signals_Courses.elf.dir/Drivers/STM32F4xx_HAL_Driver/Src/stm32f4xx_hal_gpio.c.obj
 .ARM.attributes
                0x000003eb       0x34 CMakeFiles/Signals_Courses.elf.dir/Drivers/STM32F4xx_HAL_Driver/Src/stm32f4xx_hal_rcc.c.obj
 .ARM.attributes
                0x0000041f       0x34 CMakeFiles/Signals_Courses.elf.dir/Drivers/STM32F4xx_HAL_Driver/Src/stm32f4xx_hal_sram.c.obj
 .ARM.attributes
                0x00000453       0x34 CMakeFiles/Signals_Courses.elf.dir/Drivers/STM32F4xx_HAL_Driver/Src/stm32f4xx_hal_tim.c.obj
 .ARM.attributes
                0x00000487       0x34 CMakeFiles/Signals_Courses.elf.dir/Drivers/STM32F4xx_HAL_Driver/Src/stm32f4xx_hal_tim_ex.c.obj
 .ARM.attributes
                0x000004bb       0x34 CMakeFiles/Signals_Courses.elf.dir/Drivers/STM32F4xx_HAL_Driver/Src/stm32f4xx_ll_fsmc.c.obj
 .ARM.attributes
                0x000004ef       0x34 CMakeFiles/Signals_Courses.elf.dir/Drivers/atk_md0350/atk_md0350.c.obj
 .ARM.attributes
                0x00000523       0x34 CMakeFiles/Signals_Courses.elf.dir/Drivers/atk_md0350/atk_md0350_fsmc.c.obj
 .ARM.attributes
                0x00000557       0x22 c:/progra~2/armgnu~1/125863~1.3re/bin/../lib/gcc/arm-none-eabi/12.3.1/thumb/v7e-m+fp/hard\libgcc.a(_arm_addsubdf3.o)
 .ARM.attributes
                0x00000579       0x22 c:/progra~2/armgnu~1/125863~1.3re/bin/../lib/gcc/arm-none-eabi/12.3.1/thumb/v7e-m+fp/hard\libgcc.a(_arm_muldivdf3.o)
 .ARM.attributes
                0x0000059b       0x22 c:/progra~2/armgnu~1/125863~1.3re/bin/../lib/gcc/arm-none-eabi/12.3.1/thumb/v7e-m+fp/hard\libgcc.a(_arm_fixunsdfsi.o)
 .ARM.attributes
                0x000005bd       0x22 c:/progra~2/armgnu~1/125863~1.3re/bin/../lib/gcc/arm-none-eabi/12.3.1/thumb/v7e-m+fp/hard\libgcc.a(_aeabi_uldivmod.o)
 .ARM.attributes
                0x000005df       0x34 c:/progra~2/armgnu~1/125863~1.3re/bin/../lib/gcc/arm-none-eabi/12.3.1/thumb/v7e-m+fp/hard\libgcc.a(_udivmoddi4.o)
 .ARM.attributes
                0x00000613       0x22 c:/progra~2/armgnu~1/125863~1.3re/bin/../lib/gcc/arm-none-eabi/12.3.1/thumb/v7e-m+fp/hard\libgcc.a(_dvmd_tls.o)
 .ARM.attributes
                0x00000635       0x34 c:/progra~2/armgnu~1/125863~1.3re/bin/../lib/gcc/arm-none-eabi/12.3.1/thumb/v7e-m+fp/hard\libg.a(libc_a-memset.o)
 .ARM.attributes
                0x00000669       0x34 c:/progra~2/armgnu~1/125863~1.3re/bin/../lib/gcc/arm-none-eabi/12.3.1/thumb/v7e-m+fp/hard\libg.a(libc_a-init.o)
 .ARM.attributes
                0x0000069d       0x34 c:/progra~2/armgnu~1/125863~1.3re/bin/../lib/gcc/arm-none-eabi/12.3.1/thumb/v7e-m+fp/hard\libg.a(libc_a-lock.o)
 .ARM.attributes
                0x000006d1       0x34 c:/progra~2/armgnu~1/125863~1.3re/bin/../lib/gcc/arm-none-eabi/12.3.1/thumb/v7e-m+fp/hard\libg.a(libc_a-__call_atexit.o)
 .ARM.attributes
                0x00000705       0x34 c:/progra~2/armgnu~1/125863~1.3re/bin/../lib/gcc/arm-none-eabi/12.3.1/thumb/v7e-m+fp/hard\libg.a(libc_a-atexit.o)
 .ARM.attributes
                0x00000739       0x34 c:/progra~2/armgnu~1/125863~1.3re/bin/../lib/gcc/arm-none-eabi/12.3.1/thumb/v7e-m+fp/hard\libg.a(libc_a-fini.o)
 .ARM.attributes
                0x0000076d       0x34 c:/progra~2/armgnu~1/125863~1.3re/bin/../lib/gcc/arm-none-eabi/12.3.1/thumb/v7e-m+fp/hard\libg.a(libc_a-__atexit.o)
 .ARM.attributes
                0x000007a1       0x34 c:/progra~2/armgnu~1/125863~1.3re/bin/../lib/gcc/arm-none-eabi/12.3.1/thumb/v7e-m+fp/hard/crtend.o
 .ARM.attributes
                0x000007d5       0x22 c:/progra~2/armgnu~1/125863~1.3re/bin/../lib/gcc/arm-none-eabi/12.3.1/thumb/v7e-m+fp/hard/crtn.o
 .ARM.attributes
                0x000007f7       0x34 c:/progra~2/armgnu~1/125863~1.3re/bin/../lib/gcc/arm-none-eabi/12.3.1/thumb/v7e-m+fp/hard\libm.a(libm_a-s_sin.o)
 .ARM.attributes
                0x0000082b       0x34 c:/progra~2/armgnu~1/125863~1.3re/bin/../lib/gcc/arm-none-eabi/12.3.1/thumb/v7e-m+fp/hard\libm.a(libm_a-k_cos.o)
 .ARM.attributes
                0x0000085f       0x34 c:/progra~2/armgnu~1/125863~1.3re/bin/../lib/gcc/arm-none-eabi/12.3.1/thumb/v7e-m+fp/hard\libm.a(libm_a-k_sin.o)
 .ARM.attributes
                0x00000893       0x34 c:/progra~2/armgnu~1/125863~1.3re/bin/../lib/gcc/arm-none-eabi/12.3.1/thumb/v7e-m+fp/hard\libm.a(libm_a-e_rem_pio2.o)
 .ARM.attributes
                0x000008c7       0x34 c:/progra~2/armgnu~1/125863~1.3re/bin/../lib/gcc/arm-none-eabi/12.3.1/thumb/v7e-m+fp/hard\libm.a(libm_a-s_fabs.o)
 .ARM.attributes
                0x000008fb       0x34 c:/progra~2/armgnu~1/125863~1.3re/bin/../lib/gcc/arm-none-eabi/12.3.1/thumb/v7e-m+fp/hard\libm.a(libm_a-k_rem_pio2.o)
 .ARM.attributes
                0x0000092f       0x34 c:/progra~2/armgnu~1/125863~1.3re/bin/../lib/gcc/arm-none-eabi/12.3.1/thumb/v7e-m+fp/hard\libm.a(libm_a-s_scalbn.o)
 .ARM.attributes
                0x00000963       0x34 c:/progra~2/armgnu~1/125863~1.3re/bin/../lib/gcc/arm-none-eabi/12.3.1/thumb/v7e-m+fp/hard\libm.a(libm_a-s_floor.o)
 .ARM.attributes
                0x00000997       0x22 c:/progra~2/armgnu~1/125863~1.3re/bin/../lib/gcc/arm-none-eabi/12.3.1/thumb/v7e-m+fp/hard\libgcc.a(_arm_cmpdf2.o)
 .ARM.attributes
                0x000009b9       0x22 c:/progra~2/armgnu~1/125863~1.3re/bin/../lib/gcc/arm-none-eabi/12.3.1/thumb/v7e-m+fp/hard\libgcc.a(_arm_fixdfsi.o)
OUTPUT(Signals_Courses.elf elf32-littlearm)
LOAD linker stubs
LOAD c:/progra~2/armgnu~1/125863~1.3re/bin/../lib/gcc/arm-none-eabi/12.3.1/thumb/v7e-m+fp/hard\libc.a
LOAD c:/progra~2/armgnu~1/125863~1.3re/bin/../lib/gcc/arm-none-eabi/12.3.1/thumb/v7e-m+fp/hard\libm.a
LOAD c:/progra~2/armgnu~1/125863~1.3re/bin/../lib/gcc/arm-none-eabi/12.3.1/thumb/v7e-m+fp/hard\libgcc.a

.debug_info     0x00000000    0x1b1c0
 .debug_info    0x00000000      0xa88 CMakeFiles/Signals_Courses.elf.dir/Core/Src/adc.c.obj
 .debug_info    0x00000a88      0xc2b CMakeFiles/Signals_Courses.elf.dir/Core/Src/dac.c.obj
 .debug_info    0x000016b3      0x527 CMakeFiles/Signals_Courses.elf.dir/Core/Src/dma.c.obj
 .debug_info    0x00001bda      0xb0c CMakeFiles/Signals_Courses.elf.dir/Core/Src/fsmc.c.obj
 .debug_info    0x000026e6      0x788 CMakeFiles/Signals_Courses.elf.dir/Core/Src/gpio.c.obj
 .debug_info    0x00002e6e      0xde2 CMakeFiles/Signals_Courses.elf.dir/Core/Src/main.c.obj
 .debug_info    0x00003c50      0x265 CMakeFiles/Signals_Courses.elf.dir/Core/Src/stm32f4xx_hal_msp.c.obj
 .debug_info    0x00003eb5      0x60e CMakeFiles/Signals_Courses.elf.dir/Core/Src/stm32f4xx_it.c.obj
 .debug_info    0x000044c3      0x527 CMakeFiles/Signals_Courses.elf.dir/Core/Src/system_stm32f4xx.c.obj
 .debug_info    0x000049ea      0x985 CMakeFiles/Signals_Courses.elf.dir/Core/Src/tim.c.obj
 .debug_info    0x0000536f       0x30 CMakeFiles/Signals_Courses.elf.dir/Core/Startup/startup_stm32f407zgtx.s.obj
 .debug_info    0x0000539f      0x9e2 CMakeFiles/Signals_Courses.elf.dir/Drivers/STM32F4xx_HAL_Driver/Src/stm32f4xx_hal.c.obj
 .debug_info    0x00005d81      0xe76 CMakeFiles/Signals_Courses.elf.dir/Drivers/STM32F4xx_HAL_Driver/Src/stm32f4xx_hal_adc.c.obj
 .debug_info    0x00006bf7      0xfbb CMakeFiles/Signals_Courses.elf.dir/Drivers/STM32F4xx_HAL_Driver/Src/stm32f4xx_hal_cortex.c.obj
 .debug_info    0x00007bb2      0xb46 CMakeFiles/Signals_Courses.elf.dir/Drivers/STM32F4xx_HAL_Driver/Src/stm32f4xx_hal_dac.c.obj
 .debug_info    0x000086f8      0x7eb CMakeFiles/Signals_Courses.elf.dir/Drivers/STM32F4xx_HAL_Driver/Src/stm32f4xx_hal_dac_ex.c.obj
 .debug_info    0x00008ee3      0xad9 CMakeFiles/Signals_Courses.elf.dir/Drivers/STM32F4xx_HAL_Driver/Src/stm32f4xx_hal_dma.c.obj
 .debug_info    0x000099bc      0x704 CMakeFiles/Signals_Courses.elf.dir/Drivers/STM32F4xx_HAL_Driver/Src/stm32f4xx_hal_gpio.c.obj
 .debug_info    0x0000a0c0      0xa6d CMakeFiles/Signals_Courses.elf.dir/Drivers/STM32F4xx_HAL_Driver/Src/stm32f4xx_hal_rcc.c.obj
 .debug_info    0x0000ab2d      0xf67 CMakeFiles/Signals_Courses.elf.dir/Drivers/STM32F4xx_HAL_Driver/Src/stm32f4xx_hal_sram.c.obj
 .debug_info    0x0000ba94     0x3be0 CMakeFiles/Signals_Courses.elf.dir/Drivers/STM32F4xx_HAL_Driver/Src/stm32f4xx_hal_tim.c.obj
 .debug_info    0x0000f674     0x1ac8 CMakeFiles/Signals_Courses.elf.dir/Drivers/STM32F4xx_HAL_Driver/Src/stm32f4xx_hal_tim_ex.c.obj
 .debug_info    0x0001113c      0xa33 CMakeFiles/Signals_Courses.elf.dir/Drivers/STM32F4xx_HAL_Driver/Src/stm32f4xx_ll_fsmc.c.obj
 .debug_info    0x00011b6f     0x88a2 CMakeFiles/Signals_Courses.elf.dir/Drivers/atk_md0350/atk_md0350.c.obj
 .debug_info    0x0001a411      0xdaf CMakeFiles/Signals_Courses.elf.dir/Drivers/atk_md0350/atk_md0350_fsmc.c.obj

.debug_abbrev   0x00000000     0x33f7
 .debug_abbrev  0x00000000      0x21a CMakeFiles/Signals_Courses.elf.dir/Core/Src/adc.c.obj
 .debug_abbrev  0x0000021a      0x249 CMakeFiles/Signals_Courses.elf.dir/Core/Src/dac.c.obj
 .debug_abbrev  0x00000463      0x12d CMakeFiles/Signals_Courses.elf.dir/Core/Src/dma.c.obj
 .debug_abbrev  0x00000590      0x226 CMakeFiles/Signals_Courses.elf.dir/Core/Src/fsmc.c.obj
 .debug_abbrev  0x000007b6      0x186 CMakeFiles/Signals_Courses.elf.dir/Core/Src/gpio.c.obj
 .debug_abbrev  0x0000093c      0x2eb CMakeFiles/Signals_Courses.elf.dir/Core/Src/main.c.obj
 .debug_abbrev  0x00000c27       0xd6 CMakeFiles/Signals_Courses.elf.dir/Core/Src/stm32f4xx_hal_msp.c.obj
 .debug_abbrev  0x00000cfd      0x1ba CMakeFiles/Signals_Courses.elf.dir/Core/Src/stm32f4xx_it.c.obj
 .debug_abbrev  0x00000eb7      0x11e CMakeFiles/Signals_Courses.elf.dir/Core/Src/system_stm32f4xx.c.obj
 .debug_abbrev  0x00000fd5      0x1f3 CMakeFiles/Signals_Courses.elf.dir/Core/Src/tim.c.obj
 .debug_abbrev  0x000011c8       0x24 CMakeFiles/Signals_Courses.elf.dir/Core/Startup/startup_stm32f407zgtx.s.obj
 .debug_abbrev  0x000011ec      0x240 CMakeFiles/Signals_Courses.elf.dir/Drivers/STM32F4xx_HAL_Driver/Src/stm32f4xx_hal.c.obj
 .debug_abbrev  0x0000142c      0x278 CMakeFiles/Signals_Courses.elf.dir/Drivers/STM32F4xx_HAL_Driver/Src/stm32f4xx_hal_adc.c.obj
 .debug_abbrev  0x000016a4      0x391 CMakeFiles/Signals_Courses.elf.dir/Drivers/STM32F4xx_HAL_Driver/Src/stm32f4xx_hal_cortex.c.obj
 .debug_abbrev  0x00001a35      0x20a CMakeFiles/Signals_Courses.elf.dir/Drivers/STM32F4xx_HAL_Driver/Src/stm32f4xx_hal_dac.c.obj
 .debug_abbrev  0x00001c3f      0x20b CMakeFiles/Signals_Courses.elf.dir/Drivers/STM32F4xx_HAL_Driver/Src/stm32f4xx_hal_dac_ex.c.obj
 .debug_abbrev  0x00001e4a      0x2c0 CMakeFiles/Signals_Courses.elf.dir/Drivers/STM32F4xx_HAL_Driver/Src/stm32f4xx_hal_dma.c.obj
 .debug_abbrev  0x0000210a      0x202 CMakeFiles/Signals_Courses.elf.dir/Drivers/STM32F4xx_HAL_Driver/Src/stm32f4xx_hal_gpio.c.obj
 .debug_abbrev  0x0000230c      0x2c7 CMakeFiles/Signals_Courses.elf.dir/Drivers/STM32F4xx_HAL_Driver/Src/stm32f4xx_hal_rcc.c.obj
 .debug_abbrev  0x000025d3      0x22c CMakeFiles/Signals_Courses.elf.dir/Drivers/STM32F4xx_HAL_Driver/Src/stm32f4xx_hal_sram.c.obj
 .debug_abbrev  0x000027ff      0x271 CMakeFiles/Signals_Courses.elf.dir/Drivers/STM32F4xx_HAL_Driver/Src/stm32f4xx_hal_tim.c.obj
 .debug_abbrev  0x00002a70      0x26f CMakeFiles/Signals_Courses.elf.dir/Drivers/STM32F4xx_HAL_Driver/Src/stm32f4xx_hal_tim_ex.c.obj
 .debug_abbrev  0x00002cdf      0x1ab CMakeFiles/Signals_Courses.elf.dir/Drivers/STM32F4xx_HAL_Driver/Src/stm32f4xx_ll_fsmc.c.obj
 .debug_abbrev  0x00002e8a      0x3d4 CMakeFiles/Signals_Courses.elf.dir/Drivers/atk_md0350/atk_md0350.c.obj
 .debug_abbrev  0x0000325e      0x199 CMakeFiles/Signals_Courses.elf.dir/Drivers/atk_md0350/atk_md0350_fsmc.c.obj

.debug_loclists
                0x00000000     0xa64b
 .debug_loclists
                0x00000000       0x50 CMakeFiles/Signals_Courses.elf.dir/Core/Src/adc.c.obj
 .debug_loclists
                0x00000050       0x50 CMakeFiles/Signals_Courses.elf.dir/Core/Src/dac.c.obj
 .debug_loclists
                0x000000a0       0x3a CMakeFiles/Signals_Courses.elf.dir/Core/Src/fsmc.c.obj
 .debug_loclists
                0x000000da       0x59 CMakeFiles/Signals_Courses.elf.dir/Core/Src/main.c.obj
 .debug_loclists
                0x00000133       0xdb CMakeFiles/Signals_Courses.elf.dir/Core/Src/system_stm32f4xx.c.obj
 .debug_loclists
                0x0000020e       0xc9 CMakeFiles/Signals_Courses.elf.dir/Drivers/STM32F4xx_HAL_Driver/Src/stm32f4xx_hal.c.obj
 .debug_loclists
                0x000002d7      0x800 CMakeFiles/Signals_Courses.elf.dir/Drivers/STM32F4xx_HAL_Driver/Src/stm32f4xx_hal_adc.c.obj
 .debug_loclists
                0x00000ad7      0x439 CMakeFiles/Signals_Courses.elf.dir/Drivers/STM32F4xx_HAL_Driver/Src/stm32f4xx_hal_cortex.c.obj
 .debug_loclists
                0x00000f10      0x50a CMakeFiles/Signals_Courses.elf.dir/Drivers/STM32F4xx_HAL_Driver/Src/stm32f4xx_hal_dac.c.obj
 .debug_loclists
                0x0000141a      0x2d6 CMakeFiles/Signals_Courses.elf.dir/Drivers/STM32F4xx_HAL_Driver/Src/stm32f4xx_hal_dac_ex.c.obj
 .debug_loclists
                0x000016f0      0x763 CMakeFiles/Signals_Courses.elf.dir/Drivers/STM32F4xx_HAL_Driver/Src/stm32f4xx_hal_dma.c.obj
 .debug_loclists
                0x00001e53      0x356 CMakeFiles/Signals_Courses.elf.dir/Drivers/STM32F4xx_HAL_Driver/Src/stm32f4xx_hal_gpio.c.obj
 .debug_loclists
                0x000021a9      0x3a9 CMakeFiles/Signals_Courses.elf.dir/Drivers/STM32F4xx_HAL_Driver/Src/stm32f4xx_hal_rcc.c.obj
 .debug_loclists
                0x00002552      0x877 CMakeFiles/Signals_Courses.elf.dir/Drivers/STM32F4xx_HAL_Driver/Src/stm32f4xx_hal_sram.c.obj
 .debug_loclists
                0x00002dc9     0x3331 CMakeFiles/Signals_Courses.elf.dir/Drivers/STM32F4xx_HAL_Driver/Src/stm32f4xx_hal_tim.c.obj
 .debug_loclists
                0x000060fa     0x129e CMakeFiles/Signals_Courses.elf.dir/Drivers/STM32F4xx_HAL_Driver/Src/stm32f4xx_hal_tim_ex.c.obj
 .debug_loclists
                0x00007398      0x3a2 CMakeFiles/Signals_Courses.elf.dir/Drivers/STM32F4xx_HAL_Driver/Src/stm32f4xx_ll_fsmc.c.obj
 .debug_loclists
                0x0000773a     0x2f11 CMakeFiles/Signals_Courses.elf.dir/Drivers/atk_md0350/atk_md0350.c.obj

.debug_aranges  0x00000000      0xf98
 .debug_aranges
                0x00000000       0x30 CMakeFiles/Signals_Courses.elf.dir/Core/Src/adc.c.obj
 .debug_aranges
                0x00000030       0x30 CMakeFiles/Signals_Courses.elf.dir/Core/Src/dac.c.obj
 .debug_aranges
                0x00000060       0x20 CMakeFiles/Signals_Courses.elf.dir/Core/Src/dma.c.obj
 .debug_aranges
                0x00000080       0x40 CMakeFiles/Signals_Courses.elf.dir/Core/Src/fsmc.c.obj
 .debug_aranges
                0x000000c0       0x20 CMakeFiles/Signals_Courses.elf.dir/Core/Src/gpio.c.obj
 .debug_aranges
                0x000000e0       0x40 CMakeFiles/Signals_Courses.elf.dir/Core/Src/main.c.obj
 .debug_aranges
                0x00000120       0x20 CMakeFiles/Signals_Courses.elf.dir/Core/Src/stm32f4xx_hal_msp.c.obj
 .debug_aranges
                0x00000140       0x88 CMakeFiles/Signals_Courses.elf.dir/Core/Src/stm32f4xx_it.c.obj
 .debug_aranges
                0x000001c8       0x28 CMakeFiles/Signals_Courses.elf.dir/Core/Src/system_stm32f4xx.c.obj
 .debug_aranges
                0x000001f0       0x30 CMakeFiles/Signals_Courses.elf.dir/Core/Src/tim.c.obj
 .debug_aranges
                0x00000220       0x28 CMakeFiles/Signals_Courses.elf.dir/Core/Startup/startup_stm32f407zgtx.s.obj
 .debug_aranges
                0x00000248       0xf0 CMakeFiles/Signals_Courses.elf.dir/Drivers/STM32F4xx_HAL_Driver/Src/stm32f4xx_hal.c.obj
 .debug_aranges
                0x00000338       0xe8 CMakeFiles/Signals_Courses.elf.dir/Drivers/STM32F4xx_HAL_Driver/Src/stm32f4xx_hal_adc.c.obj
 .debug_aranges
                0x00000420       0xf8 CMakeFiles/Signals_Courses.elf.dir/Drivers/STM32F4xx_HAL_Driver/Src/stm32f4xx_hal_cortex.c.obj
 .debug_aranges
                0x00000518       0xc0 CMakeFiles/Signals_Courses.elf.dir/Drivers/STM32F4xx_HAL_Driver/Src/stm32f4xx_hal_dac.c.obj
 .debug_aranges
                0x000005d8       0x80 CMakeFiles/Signals_Courses.elf.dir/Drivers/STM32F4xx_HAL_Driver/Src/stm32f4xx_hal_dac_ex.c.obj
 .debug_aranges
                0x00000658       0x90 CMakeFiles/Signals_Courses.elf.dir/Drivers/STM32F4xx_HAL_Driver/Src/stm32f4xx_hal_dma.c.obj
 .debug_aranges
                0x000006e8       0x58 CMakeFiles/Signals_Courses.elf.dir/Drivers/STM32F4xx_HAL_Driver/Src/stm32f4xx_hal_gpio.c.obj
 .debug_aranges
                0x00000740       0x88 CMakeFiles/Signals_Courses.elf.dir/Drivers/STM32F4xx_HAL_Driver/Src/stm32f4xx_hal_rcc.c.obj
 .debug_aranges
                0x000007c8       0xb8 CMakeFiles/Signals_Courses.elf.dir/Drivers/STM32F4xx_HAL_Driver/Src/stm32f4xx_hal_sram.c.obj
 .debug_aranges
                0x00000880      0x3d0 CMakeFiles/Signals_Courses.elf.dir/Drivers/STM32F4xx_HAL_Driver/Src/stm32f4xx_hal_tim.c.obj
 .debug_aranges
                0x00000c50      0x168 CMakeFiles/Signals_Courses.elf.dir/Drivers/STM32F4xx_HAL_Driver/Src/stm32f4xx_hal_tim_ex.c.obj
 .debug_aranges
                0x00000db8       0xa8 CMakeFiles/Signals_Courses.elf.dir/Drivers/STM32F4xx_HAL_Driver/Src/stm32f4xx_ll_fsmc.c.obj
 .debug_aranges
                0x00000e60      0x118 CMakeFiles/Signals_Courses.elf.dir/Drivers/atk_md0350/atk_md0350.c.obj
 .debug_aranges
                0x00000f78       0x20 CMakeFiles/Signals_Courses.elf.dir/Drivers/atk_md0350/atk_md0350_fsmc.c.obj

.debug_rnglists
                0x00000000      0xba6
 .debug_rnglists
                0x00000000       0x20 CMakeFiles/Signals_Courses.elf.dir/Core/Src/adc.c.obj
 .debug_rnglists
                0x00000020       0x20 CMakeFiles/Signals_Courses.elf.dir/Core/Src/dac.c.obj
 .debug_rnglists
                0x00000040       0x13 CMakeFiles/Signals_Courses.elf.dir/Core/Src/dma.c.obj
 .debug_rnglists
                0x00000053       0x2c CMakeFiles/Signals_Courses.elf.dir/Core/Src/fsmc.c.obj
 .debug_rnglists
                0x0000007f       0x14 CMakeFiles/Signals_Courses.elf.dir/Core/Src/gpio.c.obj
 .debug_rnglists
                0x00000093       0x2f CMakeFiles/Signals_Courses.elf.dir/Core/Src/main.c.obj
 .debug_rnglists
                0x000000c2       0x13 CMakeFiles/Signals_Courses.elf.dir/Core/Src/stm32f4xx_hal_msp.c.obj
 .debug_rnglists
                0x000000d5       0x61 CMakeFiles/Signals_Courses.elf.dir/Core/Src/stm32f4xx_it.c.obj
 .debug_rnglists
                0x00000136       0x1a CMakeFiles/Signals_Courses.elf.dir/Core/Src/system_stm32f4xx.c.obj
 .debug_rnglists
                0x00000150       0x1f CMakeFiles/Signals_Courses.elf.dir/Core/Src/tim.c.obj
 .debug_rnglists
                0x0000016f       0x19 CMakeFiles/Signals_Courses.elf.dir/Core/Startup/startup_stm32f407zgtx.s.obj
 .debug_rnglists
                0x00000188       0xaf CMakeFiles/Signals_Courses.elf.dir/Drivers/STM32F4xx_HAL_Driver/Src/stm32f4xx_hal.c.obj
 .debug_rnglists
                0x00000237       0xb0 CMakeFiles/Signals_Courses.elf.dir/Drivers/STM32F4xx_HAL_Driver/Src/stm32f4xx_hal_adc.c.obj
 .debug_rnglists
                0x000002e7       0xb5 CMakeFiles/Signals_Courses.elf.dir/Drivers/STM32F4xx_HAL_Driver/Src/stm32f4xx_hal_cortex.c.obj
 .debug_rnglists
                0x0000039c       0x8c CMakeFiles/Signals_Courses.elf.dir/Drivers/STM32F4xx_HAL_Driver/Src/stm32f4xx_hal_dac.c.obj
 .debug_rnglists
                0x00000428       0x5b CMakeFiles/Signals_Courses.elf.dir/Drivers/STM32F4xx_HAL_Driver/Src/stm32f4xx_hal_dac_ex.c.obj
 .debug_rnglists
                0x00000483       0x6c CMakeFiles/Signals_Courses.elf.dir/Drivers/STM32F4xx_HAL_Driver/Src/stm32f4xx_hal_dma.c.obj
 .debug_rnglists
                0x000004ef       0x3f CMakeFiles/Signals_Courses.elf.dir/Drivers/STM32F4xx_HAL_Driver/Src/stm32f4xx_hal_gpio.c.obj
 .debug_rnglists
                0x0000052e       0x75 CMakeFiles/Signals_Courses.elf.dir/Drivers/STM32F4xx_HAL_Driver/Src/stm32f4xx_hal_rcc.c.obj
 .debug_rnglists
                0x000005a3       0x85 CMakeFiles/Signals_Courses.elf.dir/Drivers/STM32F4xx_HAL_Driver/Src/stm32f4xx_hal_sram.c.obj
 .debug_rnglists
                0x00000628      0x302 CMakeFiles/Signals_Courses.elf.dir/Drivers/STM32F4xx_HAL_Driver/Src/stm32f4xx_hal_tim.c.obj
 .debug_rnglists
                0x0000092a      0x11b CMakeFiles/Signals_Courses.elf.dir/Drivers/STM32F4xx_HAL_Driver/Src/stm32f4xx_hal_tim_ex.c.obj
 .debug_rnglists
                0x00000a45       0x79 CMakeFiles/Signals_Courses.elf.dir/Drivers/STM32F4xx_HAL_Driver/Src/stm32f4xx_ll_fsmc.c.obj
 .debug_rnglists
                0x00000abe       0xd4 CMakeFiles/Signals_Courses.elf.dir/Drivers/atk_md0350/atk_md0350.c.obj
 .debug_rnglists
                0x00000b92       0x14 CMakeFiles/Signals_Courses.elf.dir/Drivers/atk_md0350/atk_md0350_fsmc.c.obj

.debug_line     0x00000000    0x14364
 .debug_line    0x00000000      0x3db CMakeFiles/Signals_Courses.elf.dir/Core/Src/adc.c.obj
 .debug_line    0x000003db      0x389 CMakeFiles/Signals_Courses.elf.dir/Core/Src/dac.c.obj
 .debug_line    0x00000764      0x1d2 CMakeFiles/Signals_Courses.elf.dir/Core/Src/dma.c.obj
 .debug_line    0x00000936      0x472 CMakeFiles/Signals_Courses.elf.dir/Core/Src/fsmc.c.obj
 .debug_line    0x00000da8      0x265 CMakeFiles/Signals_Courses.elf.dir/Core/Src/gpio.c.obj
 .debug_line    0x0000100d      0x587 CMakeFiles/Signals_Courses.elf.dir/Core/Src/main.c.obj
 .debug_line    0x00001594      0x17e CMakeFiles/Signals_Courses.elf.dir/Core/Src/stm32f4xx_hal_msp.c.obj
 .debug_line    0x00001712      0x394 CMakeFiles/Signals_Courses.elf.dir/Core/Src/stm32f4xx_it.c.obj
 .debug_line    0x00001aa6      0x29a CMakeFiles/Signals_Courses.elf.dir/Core/Src/system_stm32f4xx.c.obj
 .debug_line    0x00001d40      0x2f8 CMakeFiles/Signals_Courses.elf.dir/Core/Src/tim.c.obj
 .debug_line    0x00002038       0x7a CMakeFiles/Signals_Courses.elf.dir/Core/Startup/startup_stm32f407zgtx.s.obj
 .debug_line    0x000020b2      0x5d5 CMakeFiles/Signals_Courses.elf.dir/Drivers/STM32F4xx_HAL_Driver/Src/stm32f4xx_hal.c.obj
 .debug_line    0x00002687     0x115c CMakeFiles/Signals_Courses.elf.dir/Drivers/STM32F4xx_HAL_Driver/Src/stm32f4xx_hal_adc.c.obj
 .debug_line    0x000037e3      0x8c2 CMakeFiles/Signals_Courses.elf.dir/Drivers/STM32F4xx_HAL_Driver/Src/stm32f4xx_hal_cortex.c.obj
 .debug_line    0x000040a5      0x8ed CMakeFiles/Signals_Courses.elf.dir/Drivers/STM32F4xx_HAL_Driver/Src/stm32f4xx_hal_dac.c.obj
 .debug_line    0x00004992      0x580 CMakeFiles/Signals_Courses.elf.dir/Drivers/STM32F4xx_HAL_Driver/Src/stm32f4xx_hal_dac_ex.c.obj
 .debug_line    0x00004f12      0xea6 CMakeFiles/Signals_Courses.elf.dir/Drivers/STM32F4xx_HAL_Driver/Src/stm32f4xx_hal_dma.c.obj
 .debug_line    0x00005db8      0x709 CMakeFiles/Signals_Courses.elf.dir/Drivers/STM32F4xx_HAL_Driver/Src/stm32f4xx_hal_gpio.c.obj
 .debug_line    0x000064c1      0xb87 CMakeFiles/Signals_Courses.elf.dir/Drivers/STM32F4xx_HAL_Driver/Src/stm32f4xx_hal_rcc.c.obj
 .debug_line    0x00007048      0xaa9 CMakeFiles/Signals_Courses.elf.dir/Drivers/STM32F4xx_HAL_Driver/Src/stm32f4xx_hal_sram.c.obj
 .debug_line    0x00007af1     0x4ac4 CMakeFiles/Signals_Courses.elf.dir/Drivers/STM32F4xx_HAL_Driver/Src/stm32f4xx_hal_tim.c.obj
 .debug_line    0x0000c5b5     0x1d5d CMakeFiles/Signals_Courses.elf.dir/Drivers/STM32F4xx_HAL_Driver/Src/stm32f4xx_hal_tim_ex.c.obj
 .debug_line    0x0000e312      0x66b CMakeFiles/Signals_Courses.elf.dir/Drivers/STM32F4xx_HAL_Driver/Src/stm32f4xx_ll_fsmc.c.obj
 .debug_line    0x0000e97d     0x539f CMakeFiles/Signals_Courses.elf.dir/Drivers/atk_md0350/atk_md0350.c.obj
 .debug_line    0x00013d1c      0x648 CMakeFiles/Signals_Courses.elf.dir/Drivers/atk_md0350/atk_md0350_fsmc.c.obj

.debug_str      0x00000000     0x511c
 .debug_str     0x00000000      0x7a3 CMakeFiles/Signals_Courses.elf.dir/Core/Src/adc.c.obj
                                0x850 (size before relaxing)
 .debug_str     0x000007a3      0x70b CMakeFiles/Signals_Courses.elf.dir/Core/Src/dac.c.obj
                                0xd07 (size before relaxing)
 .debug_str     0x00000eae       0x3e CMakeFiles/Signals_Courses.elf.dir/Core/Src/dma.c.obj
                                0x80a (size before relaxing)
 .debug_str     0x00000eec      0x306 CMakeFiles/Signals_Courses.elf.dir/Core/Src/fsmc.c.obj
                                0x901 (size before relaxing)
 .debug_str     0x000011f2       0x7c CMakeFiles/Signals_Courses.elf.dir/Core/Src/gpio.c.obj
                                0x8d7 (size before relaxing)
 .debug_str     0x0000126e      0x368 CMakeFiles/Signals_Courses.elf.dir/Core/Src/main.c.obj
                                0xa39 (size before relaxing)
 .debug_str     0x000015d6       0x4c CMakeFiles/Signals_Courses.elf.dir/Core/Src/stm32f4xx_hal_msp.c.obj
                                0x2f8 (size before relaxing)
 .debug_str     0x00001622      0x17c CMakeFiles/Signals_Courses.elf.dir/Core/Src/stm32f4xx_it.c.obj
                                0x6a5 (size before relaxing)
 .debug_str     0x0000179e       0xfb CMakeFiles/Signals_Courses.elf.dir/Core/Src/system_stm32f4xx.c.obj
                                0x3b2 (size before relaxing)
 .debug_str     0x00001899      0x360 CMakeFiles/Signals_Courses.elf.dir/Core/Src/tim.c.obj
                                0x928 (size before relaxing)
 .debug_str     0x00001bf9       0x64 CMakeFiles/Signals_Courses.elf.dir/Core/Startup/startup_stm32f407zgtx.s.obj
                                 0x99 (size before relaxing)
 .debug_str     0x00001c5d      0x34a CMakeFiles/Signals_Courses.elf.dir/Drivers/STM32F4xx_HAL_Driver/Src/stm32f4xx_hal.c.obj
                                0xba1 (size before relaxing)
 .debug_str     0x00001fa7      0x2f8 CMakeFiles/Signals_Courses.elf.dir/Drivers/STM32F4xx_HAL_Driver/Src/stm32f4xx_hal_adc.c.obj
                                0x99f (size before relaxing)
 .debug_str     0x0000229f      0x48b CMakeFiles/Signals_Courses.elf.dir/Drivers/STM32F4xx_HAL_Driver/Src/stm32f4xx_hal_cortex.c.obj
                                0xcb2 (size before relaxing)
 .debug_str     0x0000272a      0x207 CMakeFiles/Signals_Courses.elf.dir/Drivers/STM32F4xx_HAL_Driver/Src/stm32f4xx_hal_dac.c.obj
                                0x834 (size before relaxing)
 .debug_str     0x00002931      0x160 CMakeFiles/Signals_Courses.elf.dir/Drivers/STM32F4xx_HAL_Driver/Src/stm32f4xx_hal_dac_ex.c.obj
                                0x70f (size before relaxing)
 .debug_str     0x00002a91      0x2e6 CMakeFiles/Signals_Courses.elf.dir/Drivers/STM32F4xx_HAL_Driver/Src/stm32f4xx_hal_dma.c.obj
                                0x7b3 (size before relaxing)
 .debug_str     0x00002d77      0x101 CMakeFiles/Signals_Courses.elf.dir/Drivers/STM32F4xx_HAL_Driver/Src/stm32f4xx_hal_gpio.c.obj
                                0x51d (size before relaxing)
 .debug_str     0x00002e78      0x1c4 CMakeFiles/Signals_Courses.elf.dir/Drivers/STM32F4xx_HAL_Driver/Src/stm32f4xx_hal_rcc.c.obj
                                0x743 (size before relaxing)
 .debug_str     0x0000303c      0x2b7 CMakeFiles/Signals_Courses.elf.dir/Drivers/STM32F4xx_HAL_Driver/Src/stm32f4xx_hal_sram.c.obj
                                0x9b0 (size before relaxing)
 .debug_str     0x000032f3      0xeed CMakeFiles/Signals_Courses.elf.dir/Drivers/STM32F4xx_HAL_Driver/Src/stm32f4xx_hal_tim.c.obj
                               0x173c (size before relaxing)
 .debug_str     0x000041e0      0x50e CMakeFiles/Signals_Courses.elf.dir/Drivers/STM32F4xx_HAL_Driver/Src/stm32f4xx_hal_tim_ex.c.obj
                                0xf48 (size before relaxing)
 .debug_str     0x000046ee      0x2de CMakeFiles/Signals_Courses.elf.dir/Drivers/STM32F4xx_HAL_Driver/Src/stm32f4xx_ll_fsmc.c.obj
                                0x776 (size before relaxing)
 .debug_str     0x000049cc      0x6e1 CMakeFiles/Signals_Courses.elf.dir/Drivers/atk_md0350/atk_md0350.c.obj
                                0xb43 (size before relaxing)
 .debug_str     0x000050ad       0x6f CMakeFiles/Signals_Courses.elf.dir/Drivers/atk_md0350/atk_md0350_fsmc.c.obj
                                0x8a3 (size before relaxing)

.comment        0x00000000       0x45
 .comment       0x00000000       0x45 CMakeFiles/Signals_Courses.elf.dir/Core/Src/adc.c.obj
                                 0x46 (size before relaxing)
 .comment       0x00000045       0x46 CMakeFiles/Signals_Courses.elf.dir/Core/Src/dac.c.obj
 .comment       0x00000045       0x46 CMakeFiles/Signals_Courses.elf.dir/Core/Src/dma.c.obj
 .comment       0x00000045       0x46 CMakeFiles/Signals_Courses.elf.dir/Core/Src/fsmc.c.obj
 .comment       0x00000045       0x46 CMakeFiles/Signals_Courses.elf.dir/Core/Src/gpio.c.obj
 .comment       0x00000045       0x46 CMakeFiles/Signals_Courses.elf.dir/Core/Src/main.c.obj
 .comment       0x00000045       0x46 CMakeFiles/Signals_Courses.elf.dir/Core/Src/stm32f4xx_hal_msp.c.obj
 .comment       0x00000045       0x46 CMakeFiles/Signals_Courses.elf.dir/Core/Src/stm32f4xx_it.c.obj
 .comment       0x00000045       0x46 CMakeFiles/Signals_Courses.elf.dir/Core/Src/system_stm32f4xx.c.obj
 .comment       0x00000045       0x46 CMakeFiles/Signals_Courses.elf.dir/Core/Src/tim.c.obj
 .comment       0x00000045       0x46 CMakeFiles/Signals_Courses.elf.dir/Drivers/STM32F4xx_HAL_Driver/Src/stm32f4xx_hal.c.obj
 .comment       0x00000045       0x46 CMakeFiles/Signals_Courses.elf.dir/Drivers/STM32F4xx_HAL_Driver/Src/stm32f4xx_hal_adc.c.obj
 .comment       0x00000045       0x46 CMakeFiles/Signals_Courses.elf.dir/Drivers/STM32F4xx_HAL_Driver/Src/stm32f4xx_hal_cortex.c.obj
 .comment       0x00000045       0x46 CMakeFiles/Signals_Courses.elf.dir/Drivers/STM32F4xx_HAL_Driver/Src/stm32f4xx_hal_dac.c.obj
 .comment       0x00000045       0x46 CMakeFiles/Signals_Courses.elf.dir/Drivers/STM32F4xx_HAL_Driver/Src/stm32f4xx_hal_dac_ex.c.obj
 .comment       0x00000045       0x46 CMakeFiles/Signals_Courses.elf.dir/Drivers/STM32F4xx_HAL_Driver/Src/stm32f4xx_hal_dma.c.obj
 .comment       0x00000045       0x46 CMakeFiles/Signals_Courses.elf.dir/Drivers/STM32F4xx_HAL_Driver/Src/stm32f4xx_hal_gpio.c.obj
 .comment       0x00000045       0x46 CMakeFiles/Signals_Courses.elf.dir/Drivers/STM32F4xx_HAL_Driver/Src/stm32f4xx_hal_rcc.c.obj
 .comment       0x00000045       0x46 CMakeFiles/Signals_Courses.elf.dir/Drivers/STM32F4xx_HAL_Driver/Src/stm32f4xx_hal_sram.c.obj
 .comment       0x00000045       0x46 CMakeFiles/Signals_Courses.elf.dir/Drivers/STM32F4xx_HAL_Driver/Src/stm32f4xx_hal_tim.c.obj
 .comment       0x00000045       0x46 CMakeFiles/Signals_Courses.elf.dir/Drivers/STM32F4xx_HAL_Driver/Src/stm32f4xx_hal_tim_ex.c.obj
 .comment       0x00000045       0x46 CMakeFiles/Signals_Courses.elf.dir/Drivers/STM32F4xx_HAL_Driver/Src/stm32f4xx_ll_fsmc.c.obj
 .comment       0x00000045       0x46 CMakeFiles/Signals_Courses.elf.dir/Drivers/atk_md0350/atk_md0350.c.obj
 .comment       0x00000045       0x46 CMakeFiles/Signals_Courses.elf.dir/Drivers/atk_md0350/atk_md0350_fsmc.c.obj

.debug_frame    0x00000000     0x2df0
 .debug_frame   0x00000000       0x6c CMakeFiles/Signals_Courses.elf.dir/Core/Src/adc.c.obj
 .debug_frame   0x0000006c       0x6c CMakeFiles/Signals_Courses.elf.dir/Core/Src/dac.c.obj
 .debug_frame   0x000000d8       0x30 CMakeFiles/Signals_Courses.elf.dir/Core/Src/dma.c.obj
 .debug_frame   0x00000108       0xa0 CMakeFiles/Signals_Courses.elf.dir/Core/Src/fsmc.c.obj
 .debug_frame   0x000001a8       0x38 CMakeFiles/Signals_Courses.elf.dir/Core/Src/gpio.c.obj
 .debug_frame   0x000001e0       0x88 CMakeFiles/Signals_Courses.elf.dir/Core/Src/main.c.obj
 .debug_frame   0x00000268       0x28 CMakeFiles/Signals_Courses.elf.dir/Core/Src/stm32f4xx_hal_msp.c.obj
 .debug_frame   0x00000290      0x120 CMakeFiles/Signals_Courses.elf.dir/Core/Src/stm32f4xx_it.c.obj
 .debug_frame   0x000003b0       0x30 CMakeFiles/Signals_Courses.elf.dir/Core/Src/system_stm32f4xx.c.obj
 .debug_frame   0x000003e0       0x58 CMakeFiles/Signals_Courses.elf.dir/Core/Src/tim.c.obj
 .debug_frame   0x00000438      0x1ec CMakeFiles/Signals_Courses.elf.dir/Drivers/STM32F4xx_HAL_Driver/Src/stm32f4xx_hal.c.obj
 .debug_frame   0x00000624      0x268 CMakeFiles/Signals_Courses.elf.dir/Drivers/STM32F4xx_HAL_Driver/Src/stm32f4xx_hal_adc.c.obj
 .debug_frame   0x0000088c      0x214 CMakeFiles/Signals_Courses.elf.dir/Drivers/STM32F4xx_HAL_Driver/Src/stm32f4xx_hal_cortex.c.obj
 .debug_frame   0x00000aa0      0x1f0 CMakeFiles/Signals_Courses.elf.dir/Drivers/STM32F4xx_HAL_Driver/Src/stm32f4xx_hal_dac.c.obj
 .debug_frame   0x00000c90      0x110 CMakeFiles/Signals_Courses.elf.dir/Drivers/STM32F4xx_HAL_Driver/Src/stm32f4xx_hal_dac_ex.c.obj
 .debug_frame   0x00000da0      0x188 CMakeFiles/Signals_Courses.elf.dir/Drivers/STM32F4xx_HAL_Driver/Src/stm32f4xx_hal_dma.c.obj
 .debug_frame   0x00000f28       0xd8 CMakeFiles/Signals_Courses.elf.dir/Drivers/STM32F4xx_HAL_Driver/Src/stm32f4xx_hal_gpio.c.obj
 .debug_frame   0x00001000      0x16c CMakeFiles/Signals_Courses.elf.dir/Drivers/STM32F4xx_HAL_Driver/Src/stm32f4xx_hal_rcc.c.obj
 .debug_frame   0x0000116c      0x1f8 CMakeFiles/Signals_Courses.elf.dir/Drivers/STM32F4xx_HAL_Driver/Src/stm32f4xx_hal_sram.c.obj
 .debug_frame   0x00001364      0xb10 CMakeFiles/Signals_Courses.elf.dir/Drivers/STM32F4xx_HAL_Driver/Src/stm32f4xx_hal_tim.c.obj
 .debug_frame   0x00001e74      0x40c CMakeFiles/Signals_Courses.elf.dir/Drivers/STM32F4xx_HAL_Driver/Src/stm32f4xx_hal_tim_ex.c.obj
 .debug_frame   0x00002280      0x17c CMakeFiles/Signals_Courses.elf.dir/Drivers/STM32F4xx_HAL_Driver/Src/stm32f4xx_ll_fsmc.c.obj
 .debug_frame   0x000023fc      0x37c CMakeFiles/Signals_Courses.elf.dir/Drivers/atk_md0350/atk_md0350.c.obj
 .debug_frame   0x00002778       0x40 CMakeFiles/Signals_Courses.elf.dir/Drivers/atk_md0350/atk_md0350_fsmc.c.obj
 .debug_frame   0x000027b8       0xac c:/progra~2/armgnu~1/125863~1.3re/bin/../lib/gcc/arm-none-eabi/12.3.1/thumb/v7e-m+fp/hard\libgcc.a(_arm_addsubdf3.o)
 .debug_frame   0x00002864       0x50 c:/progra~2/armgnu~1/125863~1.3re/bin/../lib/gcc/arm-none-eabi/12.3.1/thumb/v7e-m+fp/hard\libgcc.a(_arm_muldivdf3.o)
 .debug_frame   0x000028b4       0x24 c:/progra~2/armgnu~1/125863~1.3re/bin/../lib/gcc/arm-none-eabi/12.3.1/thumb/v7e-m+fp/hard\libgcc.a(_arm_fixunsdfsi.o)
 .debug_frame   0x000028d8       0x2c c:/progra~2/armgnu~1/125863~1.3re/bin/../lib/gcc/arm-none-eabi/12.3.1/thumb/v7e-m+fp/hard\libgcc.a(_aeabi_uldivmod.o)
 .debug_frame   0x00002904       0x34 c:/progra~2/armgnu~1/125863~1.3re/bin/../lib/gcc/arm-none-eabi/12.3.1/thumb/v7e-m+fp/hard\libgcc.a(_udivmoddi4.o)
 .debug_frame   0x00002938       0x2c c:/progra~2/armgnu~1/125863~1.3re/bin/../lib/gcc/arm-none-eabi/12.3.1/thumb/v7e-m+fp/hard\libg.a(libc_a-memset.o)
 .debug_frame   0x00002964       0x2c c:/progra~2/armgnu~1/125863~1.3re/bin/../lib/gcc/arm-none-eabi/12.3.1/thumb/v7e-m+fp/hard\libg.a(libc_a-init.o)
 .debug_frame   0x00002990       0xb0 c:/progra~2/armgnu~1/125863~1.3re/bin/../lib/gcc/arm-none-eabi/12.3.1/thumb/v7e-m+fp/hard\libg.a(libc_a-lock.o)
 .debug_frame   0x00002a40       0x5c c:/progra~2/armgnu~1/125863~1.3re/bin/../lib/gcc/arm-none-eabi/12.3.1/thumb/v7e-m+fp/hard\libg.a(libc_a-__call_atexit.o)
 .debug_frame   0x00002a9c       0x20 c:/progra~2/armgnu~1/125863~1.3re/bin/../lib/gcc/arm-none-eabi/12.3.1/thumb/v7e-m+fp/hard\libg.a(libc_a-atexit.o)
 .debug_frame   0x00002abc       0x34 c:/progra~2/armgnu~1/125863~1.3re/bin/../lib/gcc/arm-none-eabi/12.3.1/thumb/v7e-m+fp/hard\libg.a(libc_a-fini.o)
 .debug_frame   0x00002af0       0x34 c:/progra~2/armgnu~1/125863~1.3re/bin/../lib/gcc/arm-none-eabi/12.3.1/thumb/v7e-m+fp/hard\libg.a(libc_a-__atexit.o)
 .debug_frame   0x00002b24       0x3c c:/progra~2/armgnu~1/125863~1.3re/bin/../lib/gcc/arm-none-eabi/12.3.1/thumb/v7e-m+fp/hard\libm.a(libm_a-s_sin.o)
 .debug_frame   0x00002b60       0x4c c:/progra~2/armgnu~1/125863~1.3re/bin/../lib/gcc/arm-none-eabi/12.3.1/thumb/v7e-m+fp/hard\libm.a(libm_a-k_cos.o)
 .debug_frame   0x00002bac       0x48 c:/progra~2/armgnu~1/125863~1.3re/bin/../lib/gcc/arm-none-eabi/12.3.1/thumb/v7e-m+fp/hard\libm.a(libm_a-k_sin.o)
 .debug_frame   0x00002bf4       0x40 c:/progra~2/armgnu~1/125863~1.3re/bin/../lib/gcc/arm-none-eabi/12.3.1/thumb/v7e-m+fp/hard\libm.a(libm_a-e_rem_pio2.o)
 .debug_frame   0x00002c34       0x20 c:/progra~2/armgnu~1/125863~1.3re/bin/../lib/gcc/arm-none-eabi/12.3.1/thumb/v7e-m+fp/hard\libm.a(libm_a-s_fabs.o)
 .debug_frame   0x00002c54       0x58 c:/progra~2/armgnu~1/125863~1.3re/bin/../lib/gcc/arm-none-eabi/12.3.1/thumb/v7e-m+fp/hard\libm.a(libm_a-k_rem_pio2.o)
 .debug_frame   0x00002cac       0x2c c:/progra~2/armgnu~1/125863~1.3re/bin/../lib/gcc/arm-none-eabi/12.3.1/thumb/v7e-m+fp/hard\libm.a(libm_a-s_scalbn.o)
 .debug_frame   0x00002cd8       0x30 c:/progra~2/armgnu~1/125863~1.3re/bin/../lib/gcc/arm-none-eabi/12.3.1/thumb/v7e-m+fp/hard\libm.a(libm_a-s_floor.o)
 .debug_frame   0x00002d08       0xc4 c:/progra~2/armgnu~1/125863~1.3re/bin/../lib/gcc/arm-none-eabi/12.3.1/thumb/v7e-m+fp/hard\libgcc.a(_arm_cmpdf2.o)
 .debug_frame   0x00002dcc       0x24 c:/progra~2/armgnu~1/125863~1.3re/bin/../lib/gcc/arm-none-eabi/12.3.1/thumb/v7e-m+fp/hard\libgcc.a(_arm_fixdfsi.o)

.debug_line_str
                0x00000000      0x15f
 .debug_line_str
                0x00000000       0x7d CMakeFiles/Signals_Courses.elf.dir/Core/Startup/startup_stm32f407zgtx.s.obj
 .debug_line_str
                0x0000007d       0xce c:/progra~2/armgnu~1/125863~1.3re/bin/../lib/gcc/arm-none-eabi/12.3.1/thumb/v7e-m+fp/hard\libgcc.a(_arm_addsubdf3.o)
 .debug_line_str
                0x0000014b       0xce c:/progra~2/armgnu~1/125863~1.3re/bin/../lib/gcc/arm-none-eabi/12.3.1/thumb/v7e-m+fp/hard\libgcc.a(_arm_muldivdf3.o)
 .debug_line_str
                0x0000014b       0xce c:/progra~2/armgnu~1/125863~1.3re/bin/../lib/gcc/arm-none-eabi/12.3.1/thumb/v7e-m+fp/hard\libgcc.a(_arm_fixunsdfsi.o)
 .debug_line_str
                0x0000014b        0x8 c:/progra~2/armgnu~1/125863~1.3re/bin/../lib/gcc/arm-none-eabi/12.3.1/thumb/v7e-m+fp/hard\libgcc.a(_aeabi_uldivmod.o)
                                 0xc9 (size before relaxing)
 .debug_line_str
                0x00000153        0xc c:/progra~2/armgnu~1/125863~1.3re/bin/../lib/gcc/arm-none-eabi/12.3.1/thumb/v7e-m+fp/hard\libgcc.a(_dvmd_tls.o)
                                 0xcd (size before relaxing)
 .debug_line_str
                0x0000015f       0xce c:/progra~2/armgnu~1/125863~1.3re/bin/../lib/gcc/arm-none-eabi/12.3.1/thumb/v7e-m+fp/hard\libgcc.a(_arm_cmpdf2.o)
 .debug_line_str
                0x0000015f       0xce c:/progra~2/armgnu~1/125863~1.3re/bin/../lib/gcc/arm-none-eabi/12.3.1/thumb/v7e-m+fp/hard\libgcc.a(_arm_fixdfsi.o)
