Archive member included to satisfy reference by file (symbol)

C:/Users/hslnb/DOCUME~1/TENCEN~1/221757~1/FileRecv/HEART_~1/MIDDLE~1/ST/ARM/DSP/Lib\libarm_cortexM4lf_math.a(arm_rfft_q15.o)
                              CMakeFiles/BusyHeart.elf.dir/Core/Src/freertos.c.obj (arm_rfft_q15)
C:/Users/hslnb/DOCUME~1/TENCEN~1/221757~1/FileRecv/HEART_~1/MIDDLE~1/ST/ARM/DSP/Lib\libarm_cortexM4lf_math.a(arm_rfft_init_q15.o)
                              CMakeFiles/BusyHeart.elf.dir/Core/Src/freertos.c.obj (arm_rfft_init_q15)
C:/Users/hslnb/DOCUME~1/TENCEN~1/221757~1/FileRecv/HEART_~1/MIDDLE~1/ST/ARM/DSP/Lib\libarm_cortexM4lf_math.a(arm_const_structs.o)
                              C:/Users/hslnb/DOCUME~1/TENCEN~1/221757~1/FileRecv/HEART_~1/MIDDLE~1/ST/ARM/DSP/Lib\libarm_cortexM4lf_math.a(arm_rfft_init_q15.o) (arm_cfft_sR_q15_len4096)
C:/Users/hslnb/DOCUME~1/TENCEN~1/221757~1/FileRecv/HEART_~1/MIDDLE~1/ST/ARM/DSP/Lib\libarm_cortexM4lf_math.a(arm_common_tables.o)
                              C:/Users/hslnb/DOCUME~1/TENCEN~1/221757~1/FileRecv/HEART_~1/MIDDLE~1/ST/ARM/DSP/Lib\libarm_cortexM4lf_math.a(arm_rfft_init_q15.o) (realCoefBQ15)
C:/Users/hslnb/DOCUME~1/TENCEN~1/221757~1/FileRecv/HEART_~1/MIDDLE~1/ST/ARM/DSP/Lib\libarm_cortexM4lf_math.a(arm_cfft_q15.o)
                              C:/Users/hslnb/DOCUME~1/TENCEN~1/221757~1/FileRecv/HEART_~1/MIDDLE~1/ST/ARM/DSP/Lib\libarm_cortexM4lf_math.a(arm_rfft_q15.o) (arm_cfft_q15)
C:/Users/hslnb/DOCUME~1/TENCEN~1/221757~1/FileRecv/HEART_~1/MIDDLE~1/ST/ARM/DSP/Lib\libarm_cortexM4lf_math.a(arm_cfft_radix4_q15.o)
                              C:/Users/hslnb/DOCUME~1/TENCEN~1/221757~1/FileRecv/HEART_~1/MIDDLE~1/ST/ARM/DSP/Lib\libarm_cortexM4lf_math.a(arm_cfft_q15.o) (arm_radix4_butterfly_q15)
C:/Users/hslnb/DOCUME~1/TENCEN~1/221757~1/FileRecv/HEART_~1/MIDDLE~1/ST/ARM/DSP/Lib\libarm_cortexM4lf_math.a(arm_bitreversal2.o)
                              C:/Users/hslnb/DOCUME~1/TENCEN~1/221757~1/FileRecv/HEART_~1/MIDDLE~1/ST/ARM/DSP/Lib\libarm_cortexM4lf_math.a(arm_cfft_q15.o) (arm_bitreversal_16)
C:/Users/hslnb/DOCUME~1/TENCEN~1/221757~1/FileRecv/HEART_~1/MIDDLE~1/ST/ARM/DSP/Lib\libarm_cortexM4lf_math.a(arm_bitreversal.o)
                              C:/Users/hslnb/DOCUME~1/TENCEN~1/221757~1/FileRecv/HEART_~1/MIDDLE~1/ST/ARM/DSP/Lib\libarm_cortexM4lf_math.a(arm_cfft_radix4_q15.o) (arm_bitreversal_q15)
c:/progra~2/armgnu~1/125863~1.3re/bin/../lib/gcc/arm-none-eabi/12.3.1/thumb/v7e-m+fp/hard\libgcc.a(_arm_muldf3.o)
                              CMakeFiles/BusyHeart.elf.dir/Core/Src/freertos.c.obj (__aeabi_dmul)
c:/progra~2/armgnu~1/125863~1.3re/bin/../lib/gcc/arm-none-eabi/12.3.1/thumb/v7e-m+fp/hard\libgcc.a(_arm_addsubdf3.o)
                              CMakeFiles/BusyHeart.elf.dir/Core/Src/freertos.c.obj (__aeabi_dsub)
c:/progra~2/armgnu~1/125863~1.3re/bin/../lib/gcc/arm-none-eabi/12.3.1/thumb/v7e-m+fp/hard\libgcc.a(_arm_muldivdf3.o)
                              CMakeFiles/BusyHeart.elf.dir/Core/Src/freertos.c.obj (__aeabi_ddiv)
c:/progra~2/armgnu~1/125863~1.3re/bin/../lib/gcc/arm-none-eabi/12.3.1/thumb/v7e-m+fp/hard\libgcc.a(_arm_cmpdf2.o)
                              CMakeFiles/BusyHeart.elf.dir/Core/Src/freertos.c.obj (__aeabi_dcmplt)
c:/progra~2/armgnu~1/125863~1.3re/bin/../lib/gcc/arm-none-eabi/12.3.1/thumb/v7e-m+fp/hard\libgcc.a(_arm_fixdfsi.o)
                              CMakeFiles/BusyHeart.elf.dir/Core/Src/freertos.c.obj (__aeabi_d2iz)
c:/progra~2/armgnu~1/125863~1.3re/bin/../lib/gcc/arm-none-eabi/12.3.1/thumb/v7e-m+fp/hard\libgcc.a(_aeabi_uldivmod.o)
                              CMakeFiles/BusyHeart.elf.dir/Drivers/STM32F4xx_HAL_Driver/Src/stm32f4xx_hal_rcc.c.obj (__aeabi_uldivmod)
c:/progra~2/armgnu~1/125863~1.3re/bin/../lib/gcc/arm-none-eabi/12.3.1/thumb/v7e-m+fp/hard\libgcc.a(_udivmoddi4.o)
                              c:/progra~2/armgnu~1/125863~1.3re/bin/../lib/gcc/arm-none-eabi/12.3.1/thumb/v7e-m+fp/hard\libgcc.a(_aeabi_uldivmod.o) (__udivmoddi4)
c:/progra~2/armgnu~1/125863~1.3re/bin/../lib/gcc/arm-none-eabi/12.3.1/thumb/v7e-m+fp/hard\libgcc.a(_dvmd_tls.o)
                              c:/progra~2/armgnu~1/125863~1.3re/bin/../lib/gcc/arm-none-eabi/12.3.1/thumb/v7e-m+fp/hard\libgcc.a(_aeabi_uldivmod.o) (__aeabi_ldiv0)
c:/progra~2/armgnu~1/125863~1.3re/bin/../lib/gcc/arm-none-eabi/12.3.1/thumb/v7e-m+fp/hard\libg.a(libc_a-exit.o)
                              c:/progra~2/armgnu~1/125863~1.3re/bin/../lib/gcc/arm-none-eabi/12.3.1/thumb/v7e-m+fp/hard/crt0.o (exit)
c:/progra~2/armgnu~1/125863~1.3re/bin/../lib/gcc/arm-none-eabi/12.3.1/thumb/v7e-m+fp/hard\libg.a(libc_a-findfp.o)
                              c:/progra~2/armgnu~1/125863~1.3re/bin/../lib/gcc/arm-none-eabi/12.3.1/thumb/v7e-m+fp/hard\libg.a(libc_a-exit.o) (__stdio_exit_handler)
c:/progra~2/armgnu~1/125863~1.3re/bin/../lib/gcc/arm-none-eabi/12.3.1/thumb/v7e-m+fp/hard\libg.a(libc_a-fwalk.o)
[...]
Memory Configuration

Name             Origin             Length             Attributes
CCMRAM           0x10000000         0x00010000         xrw
RAM              0x20000000         0x00020000         xrw
FLASH            0x08000000         0x00100000         xr
*default*        0x00000000         0xffffffff

Linker script and memory map

LOAD c:/progra~2/armgnu~1/125863~1.3re/bin/../lib/gcc/arm-none-eabi/12.3.1/thumb/v7e-m+fp/hard/crti.o
LOAD c:/progra~2/armgnu~1/125863~1.3re/bin/../lib/gcc/arm-none-eabi/12.3.1/thumb/v7e-m+fp/hard/crtbegin.o
LOAD c:/progra~2/armgnu~1/125863~1.3re/bin/../lib/gcc/arm-none-eabi/12.3.1/thumb/v7e-m+fp/hard/crt0.o
LOAD CMakeFiles/BusyHeart.elf.dir/Core/Src/freertos.c.obj
LOAD CMakeFiles/BusyHeart.elf.dir/Core/Src/fsmc.c.obj
LOAD CMakeFiles/BusyHeart.elf.dir/Core/Src/gpio.c.obj
LOAD CMakeFiles/BusyHeart.elf.dir/Core/Src/main.c.obj
LOAD CMakeFiles/BusyHeart.elf.dir/Core/Src/spi.c.obj
LOAD CMakeFiles/BusyHeart.elf.dir/Core/Src/stm32f4xx_hal_msp.c.obj
LOAD CMakeFiles/BusyHeart.elf.dir/Core/Src/stm32f4xx_hal_timebase_tim.c.obj
LOAD CMakeFiles/BusyHeart.elf.dir/Core/Src/stm32f4xx_it.c.obj
LOAD CMakeFiles/BusyHeart.elf.dir/Core/Src/syscalls.c.obj
LOAD CMakeFiles/BusyHeart.elf.dir/Core/Src/sysmem.c.obj
LOAD CMakeFiles/BusyHeart.elf.dir/Core/Src/system_stm32f4xx.c.obj
LOAD CMakeFiles/BusyHeart.elf.dir/Core/Src/usart.c.obj
LOAD CMakeFiles/BusyHeart.elf.dir/Core/Startup/startup_stm32f407zgtx.s.obj
LOAD CMakeFiles/BusyHeart.elf.dir/Drivers/STM32F4xx_HAL_Driver/Src/stm32f4xx_hal.c.obj
LOAD CMakeFiles/BusyHeart.elf.dir/Drivers/STM32F4xx_HAL_Driver/Src/stm32f4xx_hal_cortex.c.obj
LOAD CMakeFiles/BusyHeart.elf.dir/Drivers/STM32F4xx_HAL_Driver/Src/stm32f4xx_hal_dma.c.obj
LOAD CMakeFiles/BusyHeart.elf.dir/Drivers/STM32F4xx_HAL_Driver/Src/stm32f4xx_hal_dma_ex.c.obj
LOAD CMakeFiles/BusyHeart.elf.dir/Drivers/STM32F4xx_HAL_Driver/Src/stm32f4xx_hal_exti.c.obj
LOAD CMakeFiles/BusyHeart.elf.dir/Drivers/STM32F4xx_HAL_Driver/Src/stm32f4xx_hal_flash.c.obj
LOAD CMakeFiles/BusyHeart.elf.dir/Drivers/STM32F4xx_HAL_Driver/Src/stm32f4xx_hal_flash_ex.c.obj
LOAD CMakeFiles/BusyHeart.elf.dir/Drivers/STM32F4xx_HAL_Driver/Src/stm32f4xx_hal_flash_ramfunc.c.obj
LOAD CMakeFiles/BusyHeart.elf.dir/Drivers/STM32F4xx_HAL_Driver/Src/stm32f4xx_hal_gpio.c.obj
LOAD CMakeFiles/BusyHeart.elf.dir/Drivers/STM32F4xx_HAL_Driver/Src/stm32f4xx_hal_pwr.c.obj
LOAD CMakeFiles/BusyHeart.elf.dir/Drivers/STM32F4xx_HAL_Driver/Src/stm32f4xx_hal_pwr_ex.c.obj
LOAD CMakeFiles/BusyHeart.elf.dir/Drivers/STM32F4xx_HAL_Driver/Src/stm32f4xx_hal_rcc.c.obj
LOAD CMakeFiles/BusyHeart.elf.dir/Drivers/STM32F4xx_HAL_Driver/Src/stm32f4xx_hal_rcc_ex.c.obj
LOAD CMakeFiles/BusyHeart.elf.dir/Drivers/STM32F4xx_HAL_Driver/Src/stm32f4xx_hal_spi.c.obj
LOAD CMakeFiles/BusyHeart.elf.dir/Drivers/STM32F4xx_HAL_Driver/Src/stm32f4xx_hal_sram.c.obj
LOAD CMakeFiles/BusyHeart.elf.dir/Drivers/STM32F4xx_HAL_Driver/Src/stm32f4xx_hal_tim.c.obj
LOAD CMakeFiles/BusyHeart.elf.dir/Drivers/STM32F4xx_HAL_Driver/Src/stm32f4xx_hal_tim_ex.c.obj
LOAD CMakeFiles/BusyHeart.elf.dir/Drivers/STM32F4xx_HAL_Driver/Src/stm32f4xx_hal_uart.c.obj
LOAD CMakeFiles/BusyHeart.elf.dir/Drivers/STM32F4xx_HAL_Driver/Src/stm32f4xx_ll_fsmc.c.obj
LOAD CMakeFiles/BusyHeart.elf.dir/Drivers/ads1292/ads1292.c.obj
LOAD CMakeFiles/BusyHeart.elf.dir/Drivers/atk_md0350/atk_md0350.c.obj
LOAD CMakeFiles/BusyHeart.elf.dir/Drivers/atk_md0350/atk_md0350_fsmc.c.obj
LOAD CMakeFiles/BusyHeart.elf.dir/Drivers/iir_filter/iir_filter.c.obj
LOAD CMakeFiles/BusyHeart.elf.dir/Drivers/led/led.c.obj
LOAD CMakeFiles/BusyHeart.elf.dir/Middlewares/Third_Party/FreeRTOS/Source/CMSIS_RTOS_V2/cmsis_os2.c.obj
LOAD CMakeFiles/BusyHeart.elf.dir/Middlewares/Third_Party/FreeRTOS/Source/croutine.c.obj
LOAD CMakeFiles/BusyHeart.elf.dir/Middlewares/Third_Party/FreeRTOS/Source/event_groups.c.obj
LOAD CMakeFiles/BusyHeart.elf.dir/Middlewares/Third_Party/FreeRTOS/Source/list.c.obj
LOAD CMakeFiles/BusyHeart.elf.dir/Middlewares/Third_Party/FreeRTOS/Source/portable/GCC/ARM_CM4F/port.c.obj
LOAD CMakeFiles/BusyHeart.elf.dir/Middlewares/Third_Party/FreeRTOS/Source/portable/MemMang/heap_4.c.obj
LOAD CMakeFiles/BusyHeart.elf.dir/Middlewares/Third_Party/FreeRTOS/Source/queue.c.obj
LOAD CMakeFiles/BusyHeart.elf.dir/Middlewares/Third_Party/FreeRTOS/Source/stream_buffer.c.obj
LOAD CMakeFiles/BusyHeart.elf.dir/Middlewares/Third_Party/FreeRTOS/Source/tasks.c.obj
LOAD CMakeFiles/BusyHeart.elf.dir/Middlewares/Third_Party/FreeRTOS/Source/timers.c.obj
LOAD C:/Users/hslnb/DOCUME~1/TENCEN~1/221757~1/FileRecv/HEART_~1/MIDDLE~1/ST/ARM/DSP/Lib\libarm_cortexM4lf_math.a
START GROUP
LOAD c:/progra~2/armgnu~1/125863~1.3re/bin/../lib/gcc/arm-none-eabi/12.3.1/thumb/v7e-m+fp/hard\libgcc.a
LOAD c:/progra~2/armgnu~1/125863~1.3re/bin/../lib/gcc/arm-none-eabi/12.3.1/thumb/v7e-m+fp/hard\libg.a
LOAD c:/progra~2/armgnu~1/125863~1.3re/bin/../lib/gcc/arm-none-eabi/12.3.1/thumb/v7e-m+fp/hard\libc.a
END GROUP
LOAD c:/progra~2/armgnu~1/125863~1.3re/bin/../lib/gcc/arm-none-eabi/12.3.1/thumb/v7e-m+fp/hard/crtend.o
LOAD c:/progra~2/armgnu~1/125863~1.3re/bin/../lib/gcc/arm-none-eabi/12.3.1/thumb/v7e-m+fp/hard/crtn.o
                0x20020000                        _estack = (ORIGIN (RAM) + LENGTH (RAM))
                0x00000200                        _Min_Heap_Size = 0x200
                0x00000400                        _Min_Stack_Size = 0x400

.isr_vector     0x08000000      0x188
                0x08000000                        . = ALIGN (0x4)
 *(.isr_vector)
 .isr_vector    0x08000000      0x188 CMakeFiles/BusyHeart.elf.dir/Core/Startup/startup_stm32f407zgtx.s.obj
                0x08000000                g_pfnVectors
                0x08000188                        . = ALIGN (0x4)

.text           0x080001c0     0xe6b4
                0x080001c0                        . = ALIGN (0x4)
 *(.text)
 .text          0x080001c0      0x378 c:/progra~2/armgnu~1/125863~1.3re/bin/../lib/gcc/arm-none-eabi/12.3.1/thumb/v7e-m+fp/hard\libgcc.a(_arm_addsubdf3.o)
                0x080001c0                __aeabi_drsub
                0x080001c8                __aeabi_dsub
                0x080001c8                __subdf3
                0x080001cc                __aeabi_dadd
                0x080001cc                __adddf3
                0x08000444                __floatunsidf
                0x08000444                __aeabi_ui2d
                0x08000464                __floatsidf
                0x08000464                __aeabi_i2d
                0x08000488                __aeabi_f2d
                0x08000488                __extendsfdf2
                0x080004cc                __floatundidf
                0x080004cc                __aeabi_ul2d
                0x080004dc                __floatdidf
                0x080004dc                __aeabi_l2d
 .text          0x08000538      0x424 c:/progra~2/armgnu~1/125863~1.3re/bin/../lib/gcc/arm-none-eabi/12.3.1/thumb/v7e-m+fp/hard\libgcc.a(_arm_muldivdf3.o)
                0x08000538                __aeabi_dmul
                0x08000538                __muldf3
                0x0800078c                __divdf3
                0x0800078c                __aeabi_ddiv
 .text          0x0800095c      0x110 c:/progra~2/armgnu~1/125863~1.3re/bin/../lib/gcc/arm-none-eabi/12.3.1/thumb/v7e-m+fp/hard\libgcc.a(_arm_cmpdf2.o)
                0x0800095c                __gtdf2
                0x0800095c                __gedf2
                0x08000964                __ltdf2
                0x08000964                __ledf2
                0x0800096c                __nedf2
                0x0800096c                __eqdf2
                0x0800096c                __cmpdf2
                0x080009e8                __aeabi_cdrcmple
                0x080009f8                __aeabi_cdcmpeq
                0x080009f8                __aeabi_cdcmple
                0x08000a08                __aeabi_dcmpeq
                0x08000a1c                __aeabi_dcmplt
                0x08000a30                __aeabi_dcmple
                0x08000a44                __aeabi_dcmpge
                0x08000a58                __aeabi_dcmpgt
 .text          0x08000a6c       0x50 c:/progra~2/armgnu~1/125863~1.3re/bin/../lib/gcc/arm-none-eabi/12.3.1/thumb/v7e-m+fp/hard\libgcc.a(_arm_fixdfsi.o)
                0x08000a6c                __aeabi_d2iz
                0x08000a6c                __fixdfsi
 .text          0x08000abc       0x30 c:/progra~2/armgnu~1/125863~1.3re/bin/../lib/gcc/arm-none-eabi/12.3.1/thumb/v7e-m+fp/hard\libgcc.a(_aeabi_uldivmod.o)
                0x08000abc                __aeabi_uldivmod
 .text          0x08000aec        0x4 c:/progra~2/armgnu~1/125863~1.3re/bin/../lib/gcc/arm-none-eabi/12.3.1/thumb/v7e-m+fp/hard\libgcc.a(_dvmd_tls.o)
                0x08000aec                __aeabi_idiv0
                0x08000aec                __aeabi_ldiv0
 .text          0x08000af0      0x134 c:/progra~2/armgnu~1/125863~1.3re/bin/../lib/gcc/arm-none-eabi/12.3.1/thumb/v7e-m+fp/hard\libg.a(libc_a-memcpy.o)
                0x08000af0                memcpy
 *fill*         0x08000c24       0x1c 
 .text          0x08000c40       0xd8 c:/progra~2/armgnu~1/125863~1.3re/bin/../lib/gcc/arm-none-eabi/12.3.1/thumb/v7e-m+fp/hard\libg.a(libc_a-strlen.o)
                0x08000c40                strlen
 *fill*         0x08000d18        0x8 
 .text          0x08000d20       0xa0 c:/progra~2/armgnu~1/125863~1.3re/bin/../lib/gcc/arm-none-eabi/12.3.1/thumb/v7e-m+fp/hard\libg.a(libc_a-memchr.o)
                0x08000d20                memchr
 .text          0x08000dc0       0x2c c:/progra~2/armgnu~1/125863~1.3re/bin/../lib/gcc/arm-none-eabi/12.3.1/thumb/v7e-m+fp/hard\libgcc.a(_arm_unorddf2.o)
                0x08000dc0                __unorddf2
                0x08000dc0                __aeabi_dcmpun
 *(.text*)
 .text.deregister_tm_clones
                0x08000dec       0x1c c:/progra~2/armgnu~1/125863~1.3re/bin/../lib/gcc/arm-none-eabi/12.3.1/thumb/v7e-m+fp/hard/crtbegin.o
 .text.register_tm_clones
                0x08000e08       0x24 c:/progra~2/armgnu~1/125863~1.3re/bin/../lib/gcc/arm-none-eabi/12.3.1/thumb/v7e-m+fp/hard/crtbegin.o
 .text.__do_global_dtors_aux
                0x08000e2c       0x28 c:/progra~2/armgnu~1/125863~1.3re/bin/../lib/gcc/arm-none-eabi/12.3.1/thumb/v7e-m+fp/hard/crtbegin.o
 .text.frame_dummy
                0x08000e54       0x24 c:/progra~2/armgnu~1/125863~1.3re/bin/../lib/gcc/arm-none-eabi/12.3.1/thumb/v7e-m+fp/hard/crtbegin.o
 .text.draw_fft
                0x08000e78      0x150 CMakeFiles/BusyHeart.elf.dir/Core/Src/freertos.c.obj
 .text.StartDefaultTask
                0x08000fc8      0x27c CMakeFiles/BusyHeart.elf.dir/Core/Src/freertos.c.obj
                0x08000fc8                StartDefaultTask
 .text.FFTTask  0x08001244       0x8c CMakeFiles/BusyHeart.elf.dir/Core/Src/freertos.c.obj
                0x08001244                FFTTask
 .text.BeepTask
                0x080012d0        0xa CMakeFiles/BusyHeart.elf.dir/Core/Src/freertos.c.obj
                0x080012d0                BeepTask
 *fill*         0x080012da        0x2 
 .text.KeyScanTask
                0x080012dc      0x120 CMakeFiles/BusyHeart.elf.dir/Core/Src/freertos.c.obj
                0x080012dc                KeyScanTask
 .text.HAL_GPIO_EXTI_Callback
                0x080013fc       0x48 CMakeFiles/BusyHeart.elf.dir/Core/Src/freertos.c.obj
                0x080013fc                HAL_GPIO_EXTI_Callback
 *fill*         0x08001444        0x4 
 .text.lcd_draw_heartbeat
                0x08001448      0x49c CMakeFiles/BusyHeart.elf.dir/Core/Src/freertos.c.obj
                0x08001448                lcd_draw_heartbeat
 .text.DrawTask
                0x080018e4       0x30 CMakeFiles/BusyHeart.elf.dir/Core/Src/freertos.c.obj
                0x080018e4                DrawTask
 .text.MX_FREERTOS_Init
                0x08001914       0xc8 CMakeFiles/BusyHeart.elf.dir/Core/Src/freertos.c.obj
                0x08001914                MX_FREERTOS_Init
 .text.HAL_FSMC_MspInit
                0x080019dc       0xb4 CMakeFiles/BusyHeart.elf.dir/Core/Src/fsmc.c.obj
 .text.MX_FSMC_Init
                0x08001a90       0x70 CMakeFiles/BusyHeart.elf.dir/Core/Src/fsmc.c.obj
                0x08001a90                MX_FSMC_Init
 .text.HAL_SRAM_MspInit
                0x08001b00        0x8 CMakeFiles/BusyHeart.elf.dir/Core/Src/fsmc.c.obj
                0x08001b00                HAL_SRAM_MspInit
 .text.MX_GPIO_Init
                0x08001b08      0x198 CMakeFiles/BusyHeart.elf.dir/Core/Src/gpio.c.obj
                0x08001b08                MX_GPIO_Init
 .text.HAL_TIM_PeriodElapsedCallback
                0x08001ca0       0x18 CMakeFiles/BusyHeart.elf.dir/Core/Src/main.c.obj
                0x08001ca0                HAL_TIM_PeriodElapsedCallback
 .text.Error_Handler
                0x08001cb8        0x4 CMakeFiles/BusyHeart.elf.dir/Core/Src/main.c.obj
                0x08001cb8                Error_Handler
 .text.SystemClock_Config
                0x08001cbc       0xa8 CMakeFiles/BusyHeart.elf.dir/Core/Src/main.c.obj
                0x08001cbc                SystemClock_Config
 .text.main     0x08001d64       0x8c CMakeFiles/BusyHeart.elf.dir/Core/Src/main.c.obj
                0x08001d64                main
 .text.MX_SPI1_Init
                0x08001df0       0x44 CMakeFiles/BusyHeart.elf.dir/Core/Src/spi.c.obj
                0x08001df0                MX_SPI1_Init
 .text.HAL_SPI_MspInit
                0x08001e34       0x7c CMakeFiles/BusyHeart.elf.dir/Core/Src/spi.c.obj
                0x08001e34                HAL_SPI_MspInit
 .text.HAL_MspInit
                0x08001eb0       0x44 CMakeFiles/BusyHeart.elf.dir/Core/Src/stm32f4xx_hal_msp.c.obj
                0x08001eb0                HAL_MspInit
 .text.HAL_InitTick
                0x08001ef4       0xa4 CMakeFiles/BusyHeart.elf.dir/Core/Src/stm32f4xx_hal_timebase_tim.c.obj
                0x08001ef4                HAL_InitTick
 .text.NMI_Handler
                0x08001f98        0x2 CMakeFiles/BusyHeart.elf.dir/Core/Src/stm32f4xx_it.c.obj
                0x08001f98                NMI_Handler
 .text.HardFault_Handler
                0x08001f9a        0x2 CMakeFiles/BusyHeart.elf.dir/Core/Src/stm32f4xx_it.c.obj
                0x08001f9a                HardFault_Handler
 .text.MemManage_Handler
                0x08001f9c        0x2 CMakeFiles/BusyHeart.elf.dir/Core/Src/stm32f4xx_it.c.obj
                0x08001f9c                MemManage_Handler
 .text.BusFault_Handler
                0x08001f9e        0x2 CMakeFiles/BusyHeart.elf.dir/Core/Src/stm32f4xx_it.c.obj
                0x08001f9e                BusFault_Handler
 .text.UsageFault_Handler
                0x08001fa0        0x2 CMakeFiles/BusyHeart.elf.dir/Core/Src/stm32f4xx_it.c.obj
                0x08001fa0                UsageFault_Handler
 .text.DebugMon_Handler
                0x08001fa2        0x2 CMakeFiles/BusyHeart.elf.dir/Core/Src/stm32f4xx_it.c.obj
                0x08001fa2                DebugMon_Handler
 .text.EXTI4_IRQHandler
                0x08001fa4        0xa CMakeFiles/BusyHeart.elf.dir/Core/Src/stm32f4xx_it.c.obj
                0x08001fa4                EXTI4_IRQHandler
 *fill*         0x08001fae        0x2 
 .text.SPI1_IRQHandler
                0x08001fb0       0x10 CMakeFiles/BusyHeart.elf.dir/Core/Src/stm32f4xx_it.c.obj
                0x08001fb0                SPI1_IRQHandler
 .text.TIM6_DAC_IRQHandler
                0x08001fc0       0x10 CMakeFiles/BusyHeart.elf.dir/Core/Src/stm32f4xx_it.c.obj
                0x08001fc0                TIM6_DAC_IRQHandler
 .text._getpid  0x08001fd0        0x4 CMakeFiles/BusyHeart.elf.dir/Core/Src/syscalls.c.obj
                0x08001fd0                _getpid
 .text._kill    0x08001fd4       0x10 CMakeFiles/BusyHeart.elf.dir/Core/Src/syscalls.c.obj
                0x08001fd4                _kill
 .text._exit    0x08001fe4        0xc CMakeFiles/BusyHeart.elf.dir/Core/Src/syscalls.c.obj
                0x08001fe4                _exit
 .text._read    0x08001ff0       0x20 CMakeFiles/BusyHeart.elf.dir/Core/Src/syscalls.c.obj
                0x08001ff0                _read
 .text._write   0x08002010       0x1c CMakeFiles/BusyHeart.elf.dir/Core/Src/syscalls.c.obj
                0x08002010                _write
 .text._close   0x0800202c        0x6 CMakeFiles/BusyHeart.elf.dir/Core/Src/syscalls.c.obj
                0x0800202c                _close
 .text._fstat   0x08002032        0xa CMakeFiles/BusyHeart.elf.dir/Core/Src/syscalls.c.obj
                0x08002032                _fstat
 .text._isatty  0x0800203c        0x4 CMakeFiles/BusyHeart.elf.dir/Core/Src/syscalls.c.obj
                0x0800203c                _isatty
 .text._lseek   0x08002040        0x4 CMakeFiles/BusyHeart.elf.dir/Core/Src/syscalls.c.obj
                0x08002040                _lseek
 .text._sbrk    0x08002044       0x48 CMakeFiles/BusyHeart.elf.dir/Core/Src/sysmem.c.obj
                0x08002044                _sbrk
 .text.SystemInit
                0x0800208c       0x14 CMakeFiles/BusyHeart.elf.dir/Core/Src/system_stm32f4xx.c.obj
                0x0800208c                SystemInit
 .text.MX_USART1_UART_Init
                0x080020a0       0x34 CMakeFiles/BusyHeart.elf.dir/Core/Src/usart.c.obj
                0x080020a0                MX_USART1_UART_Init
 .text.HAL_UART_MspInit
                0x080020d4       0x74 CMakeFiles/BusyHeart.elf.dir/Core/Src/usart.c.obj
                0x080020d4                HAL_UART_MspInit
 .text.Reset_Handler
                0x08002148       0x50 CMakeFiles/BusyHeart.elf.dir/Core/Startup/startup_stm32f407zgtx.s.obj
                0x08002148                Reset_Handler
 .text.Default_Handler
                0x08002198        0x2 CMakeFiles/BusyHeart.elf.dir/Core/Startup/startup_stm32f407zgtx.s.obj
                0x08002198                RTC_Alarm_IRQHandler
                0x08002198                HASH_RNG_IRQHandler
                0x08002198                EXTI2_IRQHandler
                0x08002198                TIM8_CC_IRQHandler
                0x08002198                TIM1_CC_IRQHandler
                0x08002198                DMA2_Stream5_IRQHandler
                0x08002198                DMA1_Stream5_IRQHandler
                0x08002198                PVD_IRQHandler
                0x08002198                SDIO_IRQHandler
                0x08002198                TAMP_STAMP_IRQHandler
                0x08002198                CAN2_RX1_IRQHandler
                0x08002198                EXTI3_IRQHandler
                0x08002198                TIM8_TRG_COM_TIM14_IRQHandler
                0x08002198                TIM1_UP_TIM10_IRQHandler
                0x08002198                TIM8_UP_TIM13_IRQHandler
                0x08002198                I2C3_ER_IRQHandler
                0x08002198                EXTI0_IRQHandler
                0x08002198                I2C2_EV_IRQHandler
                0x08002198                DMA1_Stream2_IRQHandler
                0x08002198                CAN1_RX0_IRQHandler
                0x08002198                FPU_IRQHandler
                0x08002198                OTG_HS_WKUP_IRQHandler
                0x08002198                CAN2_SCE_IRQHandler
                0x08002198                DMA2_Stream2_IRQHandler
                0x08002198                TIM1_BRK_TIM9_IRQHandler
                0x08002198                DCMI_IRQHandler
                0x08002198                CAN2_RX0_IRQHandler
                0x08002198                DMA2_Stream3_IRQHandler
                0x08002198                USART6_IRQHandler
                0x08002198                USART3_IRQHandler
                0x08002198                CAN1_RX1_IRQHandler
                0x08002198                UART5_IRQHandler
                0x08002198                DMA2_Stream0_IRQHandler
                0x08002198                TIM4_IRQHandler
                0x08002198                I2C1_EV_IRQHandler
                0x08002198                DMA1_Stream6_IRQHandler
                0x08002198                DMA1_Stream1_IRQHandler
                0x08002198                UART4_IRQHandler
                0x08002198                TIM3_IRQHandler
                0x08002198                RCC_IRQHandler
                0x08002198                TIM8_BRK_TIM12_IRQHandler
                0x08002198                Default_Handler
                0x08002198                EXTI15_10_IRQHandler
                0x08002198                ADC_IRQHandler
                0x08002198                DMA1_Stream7_IRQHandler
                0x08002198                TIM7_IRQHandler
                0x08002198                CAN2_TX_IRQHandler
                0x08002198                TIM5_IRQHandler
                0x08002198                DMA2_Stream7_IRQHandler
                0x08002198                I2C3_EV_IRQHandler
                0x08002198                EXTI9_5_IRQHandler
                0x08002198                RTC_WKUP_IRQHandler
                0x08002198                ETH_WKUP_IRQHandler
                0x08002198                SPI2_IRQHandler
                0x08002198                OTG_HS_EP1_IN_IRQHandler
                0x08002198                DMA1_Stream0_IRQHandler
                0x08002198                CAN1_TX_IRQHandler
                0x08002198                FSMC_IRQHandler
                0x08002198                ETH_IRQHandler
                0x08002198                OTG_HS_EP1_OUT_IRQHandler
                0x08002198                WWDG_IRQHandler
                0x08002198                TIM2_IRQHandler
                0x08002198                OTG_FS_WKUP_IRQHandler
                0x08002198                TIM1_TRG_COM_TIM11_IRQHandler
                0x08002198                OTG_HS_IRQHandler
                0x08002198                EXTI1_IRQHandler
                0x08002198                USART2_IRQHandler
                0x08002198                I2C2_ER_IRQHandler
                0x08002198                DMA2_Stream1_IRQHandler
                0x08002198                CAN1_SCE_IRQHandler
                0x08002198                FLASH_IRQHandler
                0x08002198                DMA2_Stream4_IRQHandler
                0x08002198                USART1_IRQHandler
                0x08002198                OTG_FS_IRQHandler
                0x08002198                SPI3_IRQHandler
                0x08002198                DMA1_Stream4_IRQHandler
                0x08002198                I2C1_ER_IRQHandler
                0x08002198                DMA2_Stream6_IRQHandler
                0x08002198                DMA1_Stream3_IRQHandler
 *fill*         0x0800219a        0x2 
 .text.HAL_Init
                0x0800219c       0x34 CMakeFiles/BusyHeart.elf.dir/Drivers/STM32F4xx_HAL_Driver/Src/stm32f4xx_hal.c.obj
                0x0800219c                HAL_Init
 .text.HAL_IncTick
                0x080021d0       0x18 CMakeFiles/BusyHeart.elf.dir/Drivers/STM32F4xx_HAL_Driver/Src/stm32f4xx_hal.c.obj
                0x080021d0                HAL_IncTick
 .text.HAL_GetTick
                0x080021e8        0xc CMakeFiles/BusyHeart.elf.dir/Drivers/STM32F4xx_HAL_Driver/Src/stm32f4xx_hal.c.obj
                0x080021e8                HAL_GetTick
 .text.HAL_Delay
                0x080021f4       0x28 CMakeFiles/BusyHeart.elf.dir/Drivers/STM32F4xx_HAL_Driver/Src/stm32f4xx_hal.c.obj
                0x080021f4                HAL_Delay
 .text.__NVIC_SetPriority
                0x0800221c       0x28 CMakeFiles/BusyHeart.elf.dir/Drivers/STM32F4xx_HAL_Driver/Src/stm32f4xx_hal_cortex.c.obj
 .text.NVIC_EncodePriority
                0x08002244       0x3e CMakeFiles/BusyHeart.elf.dir/Drivers/STM32F4xx_HAL_Driver/Src/stm32f4xx_hal_cortex.c.obj
 *fill*         0x08002282        0x2 
 .text.HAL_NVIC_SetPriorityGrouping
                0x08002284       0x24 CMakeFiles/BusyHeart.elf.dir/Drivers/STM32F4xx_HAL_Driver/Src/stm32f4xx_hal_cortex.c.obj
                0x08002284                HAL_NVIC_SetPriorityGrouping
 .text.HAL_NVIC_SetPriority
                0x080022a8       0x20 CMakeFiles/BusyHeart.elf.dir/Drivers/STM32F4xx_HAL_Driver/Src/stm32f4xx_hal_cortex.c.obj
                0x080022a8                HAL_NVIC_SetPriority
 .text.HAL_NVIC_EnableIRQ
                0x080022c8       0x1c CMakeFiles/BusyHeart.elf.dir/Drivers/STM32F4xx_HAL_Driver/Src/stm32f4xx_hal_cortex.c.obj
                0x080022c8                HAL_NVIC_EnableIRQ
 .text.HAL_DMA_Abort_IT
                0x080022e4       0x26 CMakeFiles/BusyHeart.elf.dir/Drivers/STM32F4xx_HAL_Driver/Src/stm32f4xx_hal_dma.c.obj
                0x080022e4                HAL_DMA_Abort_IT
 *fill*         0x0800230a        0x2 
 .text.HAL_GPIO_Init
                0x0800230c      0x1ec CMakeFiles/BusyHeart.elf.dir/Drivers/STM32F4xx_HAL_Driver/Src/stm32f4xx_hal_gpio.c.obj
                0x0800230c                HAL_GPIO_Init
 .text.HAL_GPIO_ReadPin
                0x080024f8        0xe CMakeFiles/BusyHeart.elf.dir/Drivers/STM32F4xx_HAL_Driver/Src/stm32f4xx_hal_gpio.c.obj
                0x080024f8                HAL_GPIO_ReadPin
 .text.HAL_GPIO_WritePin
                0x08002506        0xc CMakeFiles/BusyHeart.elf.dir/Drivers/STM32F4xx_HAL_Driver/Src/stm32f4xx_hal_gpio.c.obj
                0x08002506                HAL_GPIO_WritePin
 .text.HAL_GPIO_TogglePin
                0x08002512       0x12 CMakeFiles/BusyHeart.elf.dir/Drivers/STM32F4xx_HAL_Driver/Src/stm32f4xx_hal_gpio.c.obj
                0x08002512                HAL_GPIO_TogglePin
 .text.HAL_GPIO_EXTI_IRQHandler
                0x08002524       0x1c CMakeFiles/BusyHeart.elf.dir/Drivers/STM32F4xx_HAL_Driver/Src/stm32f4xx_hal_gpio.c.obj
                0x08002524                HAL_GPIO_EXTI_IRQHandler
 .text.HAL_RCC_OscConfig
                0x08002540      0x3f8 CMakeFiles/BusyHeart.elf.dir/Drivers/STM32F4xx_HAL_Driver/Src/stm32f4xx_hal_rcc.c.obj
                0x08002540                HAL_RCC_OscConfig
 .text.HAL_RCC_GetSysClockFreq
                0x08002938       0xdc CMakeFiles/BusyHeart.elf.dir/Drivers/STM32F4xx_HAL_Driver/Src/stm32f4xx_hal_rcc.c.obj
                0x08002938                HAL_RCC_GetSysClockFreq
 .text.HAL_RCC_ClockConfig
                0x08002a14      0x160 CMakeFiles/BusyHeart.elf.dir/Drivers/STM32F4xx_HAL_Driver/Src/stm32f4xx_hal_rcc.c.obj
                0x08002a14                HAL_RCC_ClockConfig
 .text.HAL_RCC_GetHCLKFreq
                0x08002b74        0xc CMakeFiles/BusyHeart.elf.dir/Drivers/STM32F4xx_HAL_Driver/Src/stm32f4xx_hal_rcc.c.obj
                0x08002b74                HAL_RCC_GetHCLKFreq
 .text.HAL_RCC_GetPCLK1Freq
                0x08002b80       0x20 CMakeFiles/BusyHeart.elf.dir/Drivers/STM32F4xx_HAL_Driver/Src/stm32f4xx_hal_rcc.c.obj
                0x08002b80                HAL_RCC_GetPCLK1Freq
 .text.HAL_RCC_GetPCLK2Freq
                0x08002ba0       0x20 CMakeFiles/BusyHeart.elf.dir/Drivers/STM32F4xx_HAL_Driver/Src/stm32f4xx_hal_rcc.c.obj
                0x08002ba0                HAL_RCC_GetPCLK2Freq
 .text.HAL_RCC_GetClockConfig
                0x08002bc0       0x3c CMakeFiles/BusyHeart.elf.dir/Drivers/STM32F4xx_HAL_Driver/Src/stm32f4xx_hal_rcc.c.obj
                0x08002bc0                HAL_RCC_GetClockConfig
 .text.SPI_WaitFlagStateUntilTimeout
                0x08002bfc       0xc8 CMakeFiles/BusyHeart.elf.dir/Drivers/STM32F4xx_HAL_Driver/Src/stm32f4xx_hal_spi.c.obj
 .text.SPI_EndRxTxTransaction
                0x08002cc4       0x68 CMakeFiles/BusyHeart.elf.dir/Drivers/STM32F4xx_HAL_Driver/Src/stm32f4xx_hal_spi.c.obj
 .text.HAL_SPI_Init
                0x08002d2c       0xbe CMakeFiles/BusyHeart.elf.dir/Drivers/STM32F4xx_HAL_Driver/Src/stm32f4xx_hal_spi.c.obj
                0x08002d2c                HAL_SPI_Init
 .text.HAL_SPI_TransmitReceive
                0x08002dea      0x238 CMakeFiles/BusyHeart.elf.dir/Drivers/STM32F4xx_HAL_Driver/Src/stm32f4xx_hal_spi.c.obj
                0x08002dea                HAL_SPI_TransmitReceive
 .text.HAL_SPI_ErrorCallback
                0x08003022        0x2 CMakeFiles/BusyHeart.elf.dir/Drivers/STM32F4xx_HAL_Driver/Src/stm32f4xx_hal_spi.c.obj
                0x08003022                HAL_SPI_ErrorCallback
 .text.HAL_SPI_IRQHandler
                0x08003024      0x118 CMakeFiles/BusyHeart.elf.dir/Drivers/STM32F4xx_HAL_Driver/Src/stm32f4xx_hal_spi.c.obj
                0x08003024                HAL_SPI_IRQHandler
 .text.SPI_DMAAbortOnError
                0x0800313c       0x10 CMakeFiles/BusyHeart.elf.dir/Drivers/STM32F4xx_HAL_Driver/Src/stm32f4xx_hal_spi.c.obj
 .text.HAL_SRAM_Init
                0x0800314c       0x58 CMakeFiles/BusyHeart.elf.dir/Drivers/STM32F4xx_HAL_Driver/Src/stm32f4xx_hal_sram.c.obj
                0x0800314c                HAL_SRAM_Init
 .text.HAL_TIM_Base_MspInit
                0x080031a4        0x2 CMakeFiles/BusyHeart.elf.dir/Drivers/STM32F4xx_HAL_Driver/Src/stm32f4xx_hal_tim.c.obj
                0x080031a4                HAL_TIM_Base_MspInit
 *fill*         0x080031a6        0x2 
 .text.HAL_TIM_Base_Start_IT
                0x080031a8       0x88 CMakeFiles/BusyHeart.elf.dir/Drivers/STM32F4xx_HAL_Driver/Src/stm32f4xx_hal_tim.c.obj
                0x080031a8                HAL_TIM_Base_Start_IT
 .text.HAL_TIM_OC_DelayElapsedCallback
                0x08003230        0x2 CMakeFiles/BusyHeart.elf.dir/Drivers/STM32F4xx_HAL_Driver/Src/stm32f4xx_hal_tim.c.obj
                0x08003230                HAL_TIM_OC_DelayElapsedCallback
 .text.HAL_TIM_IC_CaptureCallback
                0x08003232        0x2 CMakeFiles/BusyHeart.elf.dir/Drivers/STM32F4xx_HAL_Driver/Src/stm32f4xx_hal_tim.c.obj
                0x08003232                HAL_TIM_IC_CaptureCallback
 .text.HAL_TIM_PWM_PulseFinishedCallback
                0x08003234        0x2 CMakeFiles/BusyHeart.elf.dir/Drivers/STM32F4xx_HAL_Driver/Src/stm32f4xx_hal_tim.c.obj
                0x08003234                HAL_TIM_PWM_PulseFinishedCallback
 .text.HAL_TIM_TriggerCallback
                0x08003236        0x2 CMakeFiles/BusyHeart.elf.dir/Drivers/STM32F4xx_HAL_Driver/Src/stm32f4xx_hal_tim.c.obj
                0x08003236                HAL_TIM_TriggerCallback
 .text.HAL_TIM_IRQHandler
                0x08003238      0x17a CMakeFiles/BusyHeart.elf.dir/Drivers/STM32F4xx_HAL_Driver/Src/stm32f4xx_hal_tim.c.obj
                0x08003238                HAL_TIM_IRQHandler
 *fill*         0x080033b2        0x2 
 .text.TIM_Base_SetConfig
                0x080033b4       0xc8 CMakeFiles/BusyHeart.elf.dir/Drivers/STM32F4xx_HAL_Driver/Src/stm32f4xx_hal_tim.c.obj
                0x080033b4                TIM_Base_SetConfig
 .text.HAL_TIM_Base_Init
                0x0800347c       0x58 CMakeFiles/BusyHeart.elf.dir/Drivers/STM32F4xx_HAL_Driver/Src/stm32f4xx_hal_tim.c.obj
                0x0800347c                HAL_TIM_Base_Init
 .text.HAL_TIMEx_CommutCallback
                0x080034d4        0x2 CMakeFiles/BusyHeart.elf.dir/Drivers/STM32F4xx_HAL_Driver/Src/stm32f4xx_hal_tim_ex.c.obj
                0x080034d4                HAL_TIMEx_CommutCallback
 .text.HAL_TIMEx_BreakCallback
                0x080034d6        0x2 CMakeFiles/BusyHeart.elf.dir/Drivers/STM32F4xx_HAL_Driver/Src/stm32f4xx_hal_tim_ex.c.obj
                0x080034d6                HAL_TIMEx_BreakCallback
 .text.UART_SetConfig
                0x080034d8      0x110 CMakeFiles/BusyHeart.elf.dir/Drivers/STM32F4xx_HAL_Driver/Src/stm32f4xx_hal_uart.c.obj
 .text.UART_WaitOnFlagUntilTimeout
                0x080035e8       0x84 CMakeFiles/BusyHeart.elf.dir/Drivers/STM32F4xx_HAL_Driver/Src/stm32f4xx_hal_uart.c.obj
 .text.HAL_UART_Init
                0x0800366c       0x5e CMakeFiles/BusyHeart.elf.dir/Drivers/STM32F4xx_HAL_Driver/Src/stm32f4xx_hal_uart.c.obj
                0x0800366c                HAL_UART_Init
 .text.HAL_UART_Transmit
                0x080036ca       0xd8 CMakeFiles/BusyHeart.elf.dir/Drivers/STM32F4xx_HAL_Driver/Src/stm32f4xx_hal_uart.c.obj
                0x080036ca                HAL_UART_Transmit
 *fill*         0x080037a2        0x2 
 .text.FSMC_NORSRAM_Init
                0x080037a4       0x6c CMakeFiles/BusyHeart.elf.dir/Drivers/STM32F4xx_HAL_Driver/Src/stm32f4xx_ll_fsmc.c.obj
                0x080037a4                FSMC_NORSRAM_Init
 .text.FSMC_NORSRAM_Timing_Init
                0x08003810       0x44 CMakeFiles/BusyHeart.elf.dir/Drivers/STM32F4xx_HAL_Driver/Src/stm32f4xx_ll_fsmc.c.obj
                0x08003810                FSMC_NORSRAM_Timing_Init
 .text.FSMC_NORSRAM_Extended_Timing_Init
                0x08003854       0x44 CMakeFiles/BusyHeart.elf.dir/Drivers/STM32F4xx_HAL_Driver/Src/stm32f4xx_ll_fsmc.c.obj
                0x08003854                FSMC_NORSRAM_Extended_Timing_Init
 .text.ads1292_read_register
                0x08003898       0x58 CMakeFiles/BusyHeart.elf.dir/Drivers/ads1292/ads1292.c.obj
                0x08003898                ads1292_read_register
 .text.ads1292_write_register
                0x080038f0       0x60 CMakeFiles/BusyHeart.elf.dir/Drivers/ads1292/ads1292.c.obj
                0x080038f0                ads1292_write_register
 .text.ads1292_use_test_signal
                0x08003950       0x16 CMakeFiles/BusyHeart.elf.dir/Drivers/ads1292/ads1292.c.obj
                0x08003950                ads1292_use_test_signal
 .text.ads1292_use_external_signal
                0x08003966       0x16 CMakeFiles/BusyHeart.elf.dir/Drivers/ads1292/ads1292.c.obj
                0x08003966                ads1292_use_external_signal
 .text.ads1292_send_cmd
                0x0800397c       0x4c CMakeFiles/BusyHeart.elf.dir/Drivers/ads1292/ads1292.c.obj
                0x0800397c                ads1292_send_cmd
 .text.ads1292_init
                0x080039c8       0xac CMakeFiles/BusyHeart.elf.dir/Drivers/ads1292/ads1292.c.obj
                0x080039c8                ads1292_init
 *fill*         0x08003a74        0x4 
 .text.ads1292_read_channel1
                0x08003a78       0xc4 CMakeFiles/BusyHeart.elf.dir/Drivers/ads1292/ads1292.c.obj
                0x08003a78                ads1292_read_channel1
 *fill*         0x08003b3c        0x4 
 .text.ads1292_read_channel2
                0x08003b40       0xb4 CMakeFiles/BusyHeart.elf.dir/Drivers/ads1292/ads1292.c.obj
                0x08003b40                ads1292_read_channel2
 .text.atk_md0350_get_chip_id
                0x08003bf4       0x52 CMakeFiles/BusyHeart.elf.dir/Drivers/atk_md0350/atk_md0350.c.obj
 .text.atk_md0350_set_column_address
                0x08003c46       0x24 CMakeFiles/BusyHeart.elf.dir/Drivers/atk_md0350/atk_md0350.c.obj
 .text.atk_md0350_set_page_address
                0x08003c6a       0x24 CMakeFiles/BusyHeart.elf.dir/Drivers/atk_md0350/atk_md0350.c.obj
 .text.atk_md0350_start_write_memory
                0x08003c8e        0xc CMakeFiles/BusyHeart.elf.dir/Drivers/atk_md0350/atk_md0350.c.obj
 *fill*         0x08003c9a        0x2 
 .text.atk_md0350_hw_init
                0x08003c9c       0x58 CMakeFiles/BusyHeart.elf.dir/Drivers/atk_md0350/atk_md0350.c.obj
 .text.atk_md0350_reg_init
                0x08003cf4      0xde0 CMakeFiles/BusyHeart.elf.dir/Drivers/atk_md0350/atk_md0350.c.obj
 .text.atk_md0350_backlight_on
                0x08004ad4       0x14 CMakeFiles/BusyHeart.elf.dir/Drivers/atk_md0350/atk_md0350.c.obj
                0x08004ad4                atk_md0350_backlight_on
 .text.atk_md0350_display_on
                0x08004ae8        0xc CMakeFiles/BusyHeart.elf.dir/Drivers/atk_md0350/atk_md0350.c.obj
                0x08004ae8                atk_md0350_display_on
 .text.atk_md0350_set_scan_dir
                0x08004af4      0x148 CMakeFiles/BusyHeart.elf.dir/Drivers/atk_md0350/atk_md0350.c.obj
                0x08004af4                atk_md0350_set_scan_dir
 .text.atk_md0350_set_disp_dir
                0x08004c3c       0x64 CMakeFiles/BusyHeart.elf.dir/Drivers/atk_md0350/atk_md0350.c.obj
                0x08004c3c                atk_md0350_set_disp_dir
 .text.atk_md0350_fill
                0x08004ca0       0x48 CMakeFiles/BusyHeart.elf.dir/Drivers/atk_md0350/atk_md0350.c.obj
                0x08004ca0                atk_md0350_fill
 .text.atk_md0350_clear
                0x08004ce8       0x1c CMakeFiles/BusyHeart.elf.dir/Drivers/atk_md0350/atk_md0350.c.obj
                0x08004ce8                atk_md0350_clear
 .text.atk_md0350_init
                0x08004d04       0x54 CMakeFiles/BusyHeart.elf.dir/Drivers/atk_md0350/atk_md0350.c.obj
                0x08004d04                atk_md0350_init
 .text.atk_md0350_draw_point
                0x08004d58       0x22 CMakeFiles/BusyHeart.elf.dir/Drivers/atk_md0350/atk_md0350.c.obj
                0x08004d58                atk_md0350_draw_point
 .text.atk_md0350_draw_line
                0x08004d7a       0xa6 CMakeFiles/BusyHeart.elf.dir/Drivers/atk_md0350/atk_md0350.c.obj
                0x08004d7a                atk_md0350_draw_line
 .text.atk_md0350_show_char
                0x08004e20       0xec CMakeFiles/BusyHeart.elf.dir/Drivers/atk_md0350/atk_md0350.c.obj
                0x08004e20                atk_md0350_show_char
 .text.atk_md0350_show_string
                0x08004f0c       0xc2 CMakeFiles/BusyHeart.elf.dir/Drivers/atk_md0350/atk_md0350.c.obj
                0x08004f0c                atk_md0350_show_string
 *fill*         0x08004fce        0x2 
 .text.atk_md0350_fsmc_init
                0x08004fd0      0x3d0 CMakeFiles/BusyHeart.elf.dir/Drivers/atk_md0350/atk_md0350_fsmc.c.obj
                0x08004fd0                atk_md0350_fsmc_init
 .text.iir_filter_init
                0x080053a0       0x56 CMakeFiles/BusyHeart.elf.dir/Drivers/iir_filter/iir_filter.c.obj
                0x080053a0                iir_filter_init
 .text.iir_filter_process
                0x080053f6       0xc6 CMakeFiles/BusyHeart.elf.dir/Drivers/iir_filter/iir_filter.c.obj
                0x080053f6                iir_filter_process
 .text.led_ds0_off
                0x080054bc       0x14 CMakeFiles/BusyHeart.elf.dir/Drivers/led/led.c.obj
                0x080054bc                led_ds0_off
 .text.led_ds1_toggle
                0x080054d0       0x14 CMakeFiles/BusyHeart.elf.dir/Drivers/led/led.c.obj
                0x080054d0                led_ds1_toggle
 .text.SysTick_Handler
                0x080054e4       0x18 CMakeFiles/BusyHeart.elf.dir/Middlewares/Third_Party/FreeRTOS/Source/CMSIS_RTOS_V2/cmsis_os2.c.obj
                0x080054e4                SysTick_Handler
 .text.osKernelInitialize
                0x080054fc       0x24 CMakeFiles/BusyHeart.elf.dir/Middlewares/Third_Party/FreeRTOS/Source/CMSIS_RTOS_V2/cmsis_os2.c.obj
                0x080054fc                osKernelInitialize
 .text.osKernelStart
                0x08005520       0x38 CMakeFiles/BusyHeart.elf.dir/Middlewares/Third_Party/FreeRTOS/Source/CMSIS_RTOS_V2/cmsis_os2.c.obj
                0x08005520                osKernelStart
 .text.osThreadNew
                0x08005558       0xbc CMakeFiles/BusyHeart.elf.dir/Middlewares/Third_Party/FreeRTOS/Source/CMSIS_RTOS_V2/cmsis_os2.c.obj
                0x08005558                osThreadNew
 .text.osDelay  0x08005614       0x1c CMakeFiles/BusyHeart.elf.dir/Middlewares/Third_Party/FreeRTOS/Source/CMSIS_RTOS_V2/cmsis_os2.c.obj
                0x08005614                osDelay
 .text.osSemaphoreNew
                0x08005630       0xb2 CMakeFiles/BusyHeart.elf.dir/Middlewares/Third_Party/FreeRTOS/Source/CMSIS_RTOS_V2/cmsis_os2.c.obj
                0x08005630                osSemaphoreNew
 .text.osSemaphoreAcquire
                0x080056e2       0x68 CMakeFiles/BusyHeart.elf.dir/Middlewares/Third_Party/FreeRTOS/Source/CMSIS_RTOS_V2/cmsis_os2.c.obj
                0x080056e2                osSemaphoreAcquire
 .text.osSemaphoreRelease
                0x0800574a       0x5e CMakeFiles/BusyHeart.elf.dir/Middlewares/Third_Party/FreeRTOS/Source/CMSIS_RTOS_V2/cmsis_os2.c.obj
                0x0800574a                osSemaphoreRelease
 .text.vApplicationGetIdleTaskMemory
                0x080057a8       0x18 CMakeFiles/BusyHeart.elf.dir/Middlewares/Third_Party/FreeRTOS/Source/CMSIS_RTOS_V2/cmsis_os2.c.obj
                0x080057a8                vApplicationGetIdleTaskMemory
 .text.vApplicationGetTimerTaskMemory
                0x080057c0       0x18 CMakeFiles/BusyHeart.elf.dir/Middlewares/Third_Party/FreeRTOS/Source/CMSIS_RTOS_V2/cmsis_os2.c.obj
                0x080057c0                vApplicationGetTimerTaskMemory
 .text.vListInitialise
                0x080057d8       0x16 CMakeFiles/BusyHeart.elf.dir/Middlewares/Third_Party/FreeRTOS/Source/list.c.obj
                0x080057d8                vListInitialise
 .text.vListInitialiseItem
                0x080057ee        0x6 CMakeFiles/BusyHeart.elf.dir/Middlewares/Third_Party/FreeRTOS/Source/list.c.obj
                0x080057ee                vListInitialiseItem
 .text.vListInsertEnd
                0x080057f4       0x16 CMakeFiles/BusyHeart.elf.dir/Middlewares/Third_Party/FreeRTOS/Source/list.c.obj
                0x080057f4                vListInsertEnd
 .text.vListInsert
                0x0800580a       0x32 CMakeFiles/BusyHeart.elf.dir/Middlewares/Third_Party/FreeRTOS/Source/list.c.obj
                0x0800580a                vListInsert
 .text.uxListRemove
                0x0800583c       0x26 CMakeFiles/BusyHeart.elf.dir/Middlewares/Third_Party/FreeRTOS/Source/list.c.obj
                0x0800583c                uxListRemove
 *fill*         0x08005862        0x2 
 .text.prvTaskExitError
                0x08005864       0x40 CMakeFiles/BusyHeart.elf.dir/Middlewares/Third_Party/FreeRTOS/Source/portable/GCC/ARM_CM4F/port.c.obj
 .text.prvPortStartFirstTask
                0x080058a4       0x28 CMakeFiles/BusyHeart.elf.dir/Middlewares/Third_Party/FreeRTOS/Source/portable/GCC/ARM_CM4F/port.c.obj
 .text.vPortEnableVFP
                0x080058cc       0x14 CMakeFiles/BusyHeart.elf.dir/Middlewares/Third_Party/FreeRTOS/Source/portable/GCC/ARM_CM4F/port.c.obj
 .text.pxPortInitialiseStack
                0x080058e0       0x2c CMakeFiles/BusyHeart.elf.dir/Middlewares/Third_Party/FreeRTOS/Source/portable/GCC/ARM_CM4F/port.c.obj
                0x080058e0                pxPortInitialiseStack
 *fill*         0x0800590c        0x4 
 .text.SVC_Handler
                0x08005910       0x24 CMakeFiles/BusyHeart.elf.dir/Middlewares/Third_Party/FreeRTOS/Source/portable/GCC/ARM_CM4F/port.c.obj
                0x08005910                SVC_Handler
 .text.vPortEnterCritical
                0x08005934       0x44 CMakeFiles/BusyHeart.elf.dir/Middlewares/Third_Party/FreeRTOS/Source/portable/GCC/ARM_CM4F/port.c.obj
                0x08005934                vPortEnterCritical
 .text.vPortExitCritical
                0x08005978       0x2c CMakeFiles/BusyHeart.elf.dir/Middlewares/Third_Party/FreeRTOS/Source/portable/GCC/ARM_CM4F/port.c.obj
                0x08005978                vPortExitCritical
 *fill*         0x080059a4        0xc 
 .text.PendSV_Handler
                0x080059b0       0x64 CMakeFiles/BusyHeart.elf.dir/Middlewares/Third_Party/FreeRTOS/Source/portable/GCC/ARM_CM4F/port.c.obj
                0x080059b0                PendSV_Handler
 .text.xPortSysTickHandler
                0x08005a14       0x2c CMakeFiles/BusyHeart.elf.dir/Middlewares/Third_Party/FreeRTOS/Source/portable/GCC/ARM_CM4F/port.c.obj
                0x08005a14                xPortSysTickHandler
 .text.vPortSetupTimerInterrupt
                0x08005a40       0x28 CMakeFiles/BusyHeart.elf.dir/Middlewares/Third_Party/FreeRTOS/Source/portable/GCC/ARM_CM4F/port.c.obj
                0x08005a40                vPortSetupTimerInterrupt
 .text.xPortStartScheduler
                0x08005a68      0x118 CMakeFiles/BusyHeart.elf.dir/Middlewares/Third_Party/FreeRTOS/Source/portable/GCC/ARM_CM4F/port.c.obj
                0x08005a68                xPortStartScheduler
 .text.vPortValidateInterruptPriority
                0x08005b80       0x5c CMakeFiles/BusyHeart.elf.dir/Middlewares/Third_Party/FreeRTOS/Source/portable/GCC/ARM_CM4F/port.c.obj
                0x08005b80                vPortValidateInterruptPriority
 .text.prvHeapInit
                0x08005bdc       0x68 CMakeFiles/BusyHeart.elf.dir/Middlewares/Third_Party/FreeRTOS/Source/portable/MemMang/heap_4.c.obj
 .text.prvInsertBlockIntoFreeList
                0x08005c44       0x64 CMakeFiles/BusyHeart.elf.dir/Middlewares/Third_Party/FreeRTOS/Source/portable/MemMang/heap_4.c.obj
 .text.pvPortMalloc
                0x08005ca8      0x104 CMakeFiles/BusyHeart.elf.dir/Middlewares/Third_Party/FreeRTOS/Source/portable/MemMang/heap_4.c.obj
                0x08005ca8                pvPortMalloc
 .text.vPortFree
                0x08005dac       0x7c CMakeFiles/BusyHeart.elf.dir/Middlewares/Third_Party/FreeRTOS/Source/portable/MemMang/heap_4.c.obj
                0x08005dac                vPortFree
 .text.prvGetDisinheritPriorityAfterTimeout
                0x08005e28       0x10 CMakeFiles/BusyHeart.elf.dir/Middlewares/Third_Party/FreeRTOS/Source/queue.c.obj
 .text.prvIsQueueFull
                0x08005e38       0x1e CMakeFiles/BusyHeart.elf.dir/Middlewares/Third_Party/FreeRTOS/Source/queue.c.obj
 .text.prvIsQueueEmpty
                0x08005e56       0x1a CMakeFiles/BusyHeart.elf.dir/Middlewares/Third_Party/FreeRTOS/Source/queue.c.obj
 .text.prvCopyDataToQueue
                0x08005e70       0x76 CMakeFiles/BusyHeart.elf.dir/Middlewares/Third_Party/FreeRTOS/Source/queue.c.obj
 .text.prvCopyDataFromQueue
                0x08005ee6       0x24 CMakeFiles/BusyHeart.elf.dir/Middlewares/Third_Party/FreeRTOS/Source/queue.c.obj
 .text.prvUnlockQueue
                0x08005f0a       0x6e CMakeFiles/BusyHeart.elf.dir/Middlewares/Third_Party/FreeRTOS/Source/queue.c.obj
 .text.xQueueGenericReset
                0x08005f78       0x84 CMakeFiles/BusyHeart.elf.dir/Middlewares/Third_Party/FreeRTOS/Source/queue.c.obj
                0x08005f78                xQueueGenericReset
 .text.prvInitialiseNewQueue
                0x08005ffc       0x22 CMakeFiles/BusyHeart.elf.dir/Middlewares/Third_Party/FreeRTOS/Source/queue.c.obj
 .text.xQueueGenericCreateStatic
                0x0800601e       0x94 CMakeFiles/BusyHeart.elf.dir/Middlewares/Third_Party/FreeRTOS/Source/queue.c.obj
                0x0800601e                xQueueGenericCreateStatic
 .text.xQueueGenericCreate
                0x080060b2       0x48 CMakeFiles/BusyHeart.elf.dir/Middlewares/Third_Party/FreeRTOS/Source/queue.c.obj
                0x080060b2                xQueueGenericCreate
 .text.xQueueCreateCountingSemaphoreStatic
                0x080060fa       0x46 CMakeFiles/BusyHeart.elf.dir/Middlewares/Third_Party/FreeRTOS/Source/queue.c.obj
                0x080060fa                xQueueCreateCountingSemaphoreStatic
 .text.xQueueCreateCountingSemaphore
                0x08006140       0x3c CMakeFiles/BusyHeart.elf.dir/Middlewares/Third_Party/FreeRTOS/Source/queue.c.obj
                0x08006140                xQueueCreateCountingSemaphore
 .text.xQueueGenericSend
                0x0800617c      0x188 CMakeFiles/BusyHeart.elf.dir/Middlewares/Third_Party/FreeRTOS/Source/queue.c.obj
                0x0800617c                xQueueGenericSend
 .text.xQueueGenericSendFromISR
                0x08006304       0xce CMakeFiles/BusyHeart.elf.dir/Middlewares/Third_Party/FreeRTOS/Source/queue.c.obj
                0x08006304                xQueueGenericSendFromISR
 .text.xQueueGiveFromISR
                0x080063d2       0xb2 CMakeFiles/BusyHeart.elf.dir/Middlewares/Third_Party/FreeRTOS/Source/queue.c.obj
                0x080063d2                xQueueGiveFromISR
 .text.xQueueReceive
                0x08006484      0x15e CMakeFiles/BusyHeart.elf.dir/Middlewares/Third_Party/FreeRTOS/Source/queue.c.obj
                0x08006484                xQueueReceive
 .text.xQueueSemaphoreTake
                0x080065e2      0x1a6 CMakeFiles/BusyHeart.elf.dir/Middlewares/Third_Party/FreeRTOS/Source/queue.c.obj
                0x080065e2                xQueueSemaphoreTake
 .text.xQueueReceiveFromISR
                0x08006788       0xae CMakeFiles/BusyHeart.elf.dir/Middlewares/Third_Party/FreeRTOS/Source/queue.c.obj
                0x08006788                xQueueReceiveFromISR
 *fill*         0x08006836        0x2 
 .text.vQueueAddToRegistry
                0x08006838       0x28 CMakeFiles/BusyHeart.elf.dir/Middlewares/Third_Party/FreeRTOS/Source/queue.c.obj
                0x08006838                vQueueAddToRegistry
 .text.vQueueUnregisterQueue
                0x08006860       0x2c CMakeFiles/BusyHeart.elf.dir/Middlewares/Third_Party/FreeRTOS/Source/queue.c.obj
                0x08006860                vQueueUnregisterQueue
 .text.vQueueDelete
                0x0800688c       0x2c CMakeFiles/BusyHeart.elf.dir/Middlewares/Third_Party/FreeRTOS/Source/queue.c.obj
                0x0800688c                vQueueDelete
 .text.vQueueWaitForMessageRestricted
                0x080068b8       0x52 CMakeFiles/BusyHeart.elf.dir/Middlewares/Third_Party/FreeRTOS/Source/queue.c.obj
                0x080068b8                vQueueWaitForMessageRestricted
 *fill*         0x0800690a        0x2 
 .text.prvResetNextTaskUnblockTime
                0x0800690c       0x2c CMakeFiles/BusyHeart.elf.dir/Middlewares/Third_Party/FreeRTOS/Source/tasks.c.obj
 .text.prvInitialiseNewTask
                0x08006938       0xa2 CMakeFiles/BusyHeart.elf.dir/Middlewares/Third_Party/FreeRTOS/Source/tasks.c.obj
 *fill*         0x080069da        0x2 
 .text.prvInitialiseTaskLists
                0x080069dc       0x68 CMakeFiles/BusyHeart.elf.dir/Middlewares/Third_Party/FreeRTOS/Source/tasks.c.obj
 .text.prvAddNewTaskToReadyList
                0x08006a44       0xac CMakeFiles/BusyHeart.elf.dir/Middlewares/Third_Party/FreeRTOS/Source/tasks.c.obj
 .text.prvDeleteTCB
                0x08006af0       0x38 CMakeFiles/BusyHeart.elf.dir/Middlewares/Third_Party/FreeRTOS/Source/tasks.c.obj
 .text.prvCheckTasksWaitingTermination
                0x08006b28       0x4c CMakeFiles/BusyHeart.elf.dir/Middlewares/Third_Party/FreeRTOS/Source/tasks.c.obj
 .text.prvIdleTask
                0x08006b74       0x28 CMakeFiles/BusyHeart.elf.dir/Middlewares/Third_Party/FreeRTOS/Source/tasks.c.obj
 .text.prvAddCurrentTaskToDelayedList
                0x08006b9c       0x7c CMakeFiles/BusyHeart.elf.dir/Middlewares/Third_Party/FreeRTOS/Source/tasks.c.obj
 .text.xTaskCreateStatic
                0x08006c18       0x76 CMakeFiles/BusyHeart.elf.dir/Middlewares/Third_Party/FreeRTOS/Source/tasks.c.obj
                0x08006c18                xTaskCreateStatic
 .text.xTaskCreate
                0x08006c8e       0x64 CMakeFiles/BusyHeart.elf.dir/Middlewares/Third_Party/FreeRTOS/Source/tasks.c.obj
                0x08006c8e                xTaskCreate
 *fill*         0x08006cf2        0x2 
 .text.vTaskStartScheduler
                0x08006cf4       0x98 CMakeFiles/BusyHeart.elf.dir/Middlewares/Third_Party/FreeRTOS/Source/tasks.c.obj
                0x08006cf4                vTaskStartScheduler
 .text.vTaskSuspendAll
                0x08006d8c       0x10 CMakeFiles/BusyHeart.elf.dir/Middlewares/Third_Party/FreeRTOS/Source/tasks.c.obj
                0x08006d8c                vTaskSuspendAll
 .text.xTaskGetTickCount
                0x08006d9c        0xc CMakeFiles/BusyHeart.elf.dir/Middlewares/Third_Party/FreeRTOS/Source/tasks.c.obj
                0x08006d9c                xTaskGetTickCount
 .text.xTaskIncrementTick
                0x08006da8      0x118 CMakeFiles/BusyHeart.elf.dir/Middlewares/Third_Party/FreeRTOS/Source/tasks.c.obj
                0x08006da8                xTaskIncrementTick
 .text.xTaskResumeAll
                0x08006ec0       0xf8 CMakeFiles/BusyHeart.elf.dir/Middlewares/Third_Party/FreeRTOS/Source/tasks.c.obj
                0x08006ec0                xTaskResumeAll
 .text.vTaskDelay
                0x08006fb8       0x4c CMakeFiles/BusyHeart.elf.dir/Middlewares/Third_Party/FreeRTOS/Source/tasks.c.obj
                0x08006fb8                vTaskDelay
 .text.vTaskSwitchContext
                0x08007004       0x98 CMakeFiles/BusyHeart.elf.dir/Middlewares/Third_Party/FreeRTOS/Source/tasks.c.obj
                0x08007004                vTaskSwitchContext
 .text.vTaskPlaceOnEventList
                0x0800709c       0x30 CMakeFiles/BusyHeart.elf.dir/Middlewares/Third_Party/FreeRTOS/Source/tasks.c.obj
                0x0800709c                vTaskPlaceOnEventList
 .text.vTaskPlaceOnEventListRestricted
                0x080070cc       0x38 CMakeFiles/BusyHeart.elf.dir/Middlewares/Third_Party/FreeRTOS/Source/tasks.c.obj
                0x080070cc                vTaskPlaceOnEventListRestricted
 .text.xTaskRemoveFromEventList
                0x08007104       0x8c CMakeFiles/BusyHeart.elf.dir/Middlewares/Third_Party/FreeRTOS/Source/tasks.c.obj
                0x08007104                xTaskRemoveFromEventList
 .text.vTaskInternalSetTimeOutState
                0x08007190       0x18 CMakeFiles/BusyHeart.elf.dir/Middlewares/Third_Party/FreeRTOS/Source/tasks.c.obj
                0x08007190                vTaskInternalSetTimeOutState
 .text.xTaskCheckForTimeOut
                0x080071a8       0x84 CMakeFiles/BusyHeart.elf.dir/Middlewares/Third_Party/FreeRTOS/Source/tasks.c.obj
                0x080071a8                xTaskCheckForTimeOut
 .text.vTaskMissedYield
                0x0800722c        0xc CMakeFiles/BusyHeart.elf.dir/Middlewares/Third_Party/FreeRTOS/Source/tasks.c.obj
                0x0800722c                vTaskMissedYield
 .text.xTaskGetSchedulerState
                0x08007238       0x20 CMakeFiles/BusyHeart.elf.dir/Middlewares/Third_Party/FreeRTOS/Source/tasks.c.obj
                0x08007238                xTaskGetSchedulerState
 .text.xTaskPriorityInherit
                0x08007258       0x98 CMakeFiles/BusyHeart.elf.dir/Middlewares/Third_Party/FreeRTOS/Source/tasks.c.obj
                0x08007258                xTaskPriorityInherit
 .text.xTaskPriorityDisinherit
                0x080072f0       0x90 CMakeFiles/BusyHeart.elf.dir/Middlewares/Third_Party/FreeRTOS/Source/tasks.c.obj
                0x080072f0                xTaskPriorityDisinherit
 .text.vTaskPriorityDisinheritAfterTimeout
                0x08007380       0xa0 CMakeFiles/BusyHeart.elf.dir/Middlewares/Third_Party/FreeRTOS/Source/tasks.c.obj
                0x08007380                vTaskPriorityDisinheritAfterTimeout
 .text.pvTaskIncrementMutexHeldCount
                0x08007420       0x1c CMakeFiles/BusyHeart.elf.dir/Middlewares/Third_Party/FreeRTOS/Source/tasks.c.obj
                0x08007420                pvTaskIncrementMutexHeldCount
 .text.prvGetNextExpireTime
                0x0800743c       0x20 CMakeFiles/BusyHeart.elf.dir/Middlewares/Third_Party/FreeRTOS/Source/timers.c.obj
 .text.prvInsertTimerInActiveList
                0x0800745c       0x48 CMakeFiles/BusyHeart.elf.dir/Middlewares/Third_Party/FreeRTOS/Source/timers.c.obj
 .text.prvCheckForValidListAndQueue
                0x080074a4       0x70 CMakeFiles/BusyHeart.elf.dir/Middlewares/Third_Party/FreeRTOS/Source/timers.c.obj
 .text.xTimerCreateTimerTask
                0x08007514       0x64 CMakeFiles/BusyHeart.elf.dir/Middlewares/Third_Party/FreeRTOS/Source/timers.c.obj
                0x08007514                xTimerCreateTimerTask
 .text.xTimerGenericCommand
                0x08007578       0x6c CMakeFiles/BusyHeart.elf.dir/Middlewares/Third_Party/FreeRTOS/Source/timers.c.obj
                0x08007578                xTimerGenericCommand
 .text.prvSwitchTimerLists
                0x080075e4       0x7c CMakeFiles/BusyHeart.elf.dir/Middlewares/Third_Party/FreeRTOS/Source/timers.c.obj
 .text.prvSampleTimeNow
                0x08007660       0x2c CMakeFiles/BusyHeart.elf.dir/Middlewares/Third_Party/FreeRTOS/Source/timers.c.obj
 .text.prvProcessExpiredTimer
                0x0800768c       0x6c CMakeFiles/BusyHeart.elf.dir/Middlewares/Third_Party/FreeRTOS/Source/timers.c.obj
 .text.prvProcessTimerOrBlockTask
                0x080076f8       0x74 CMakeFiles/BusyHeart.elf.dir/Middlewares/Third_Party/FreeRTOS/Source/timers.c.obj
 .text.prvProcessReceivedCommands
                0x0800776c      0x10c CMakeFiles/BusyHeart.elf.dir/Middlewares/Third_Party/FreeRTOS/Source/timers.c.obj
 .text.prvTimerTask
                0x08007878       0x16 CMakeFiles/BusyHeart.elf.dir/Middlewares/Third_Party/FreeRTOS/Source/timers.c.obj
 *fill*         0x0800788e        0x2 
 .text.arm_rfft_q15
                0x08007890      0x134 C:/Users/hslnb/DOCUME~1/TENCEN~1/221757~1/FileRecv/HEART_~1/MIDDLE~1/ST/ARM/DSP/Lib\libarm_cortexM4lf_math.a(arm_rfft_q15.o)
                0x08007890                arm_rfft_q15
 .text.arm_rfft_init_q15
                0x080079c4       0xec C:/Users/hslnb/DOCUME~1/TENCEN~1/221757~1/FileRecv/HEART_~1/MIDDLE~1/ST/ARM/DSP/Lib\libarm_cortexM4lf_math.a(arm_rfft_init_q15.o)
                0x080079c4                arm_rfft_init_q15
 .text.arm_cfft_radix4by2_q15
                0x08007ab0       0xc4 C:/Users/hslnb/DOCUME~1/TENCEN~1/221757~1/FileRecv/HEART_~1/MIDDLE~1/ST/ARM/DSP/Lib\libarm_cortexM4lf_math.a(arm_cfft_q15.o)
                0x08007ab0                arm_cfft_radix4by2_q15
 .text.arm_cfft_radix4by2_inverse_q15
                0x08007b74       0xc4 C:/Users/hslnb/DOCUME~1/TENCEN~1/221757~1/FileRecv/HEART_~1/MIDDLE~1/ST/ARM/DSP/Lib\libarm_cortexM4lf_math.a(arm_cfft_q15.o)
                0x08007b74                arm_cfft_radix4by2_inverse_q15
 .text.arm_cfft_q15
                0x08007c38       0xd8 C:/Users/hslnb/DOCUME~1/TENCEN~1/221757~1/FileRecv/HEART_~1/MIDDLE~1/ST/ARM/DSP/Lib\libarm_cortexM4lf_math.a(arm_cfft_q15.o)
                0x08007c38                arm_cfft_q15
 .text.arm_radix4_butterfly_q15
                0x08007d10      0x268 C:/Users/hslnb/DOCUME~1/TENCEN~1/221757~1/FileRecv/HEART_~1/MIDDLE~1/ST/ARM/DSP/Lib\libarm_cortexM4lf_math.a(arm_cfft_radix4_q15.o)
                0x08007d10                arm_radix4_butterfly_q15
 .text.arm_radix4_butterfly_inverse_q15
                0x08007f78      0x268 C:/Users/hslnb/DOCUME~1/TENCEN~1/221757~1/FileRecv/HEART_~1/MIDDLE~1/ST/ARM/DSP/Lib\libarm_cortexM4lf_math.a(arm_cfft_radix4_q15.o)
                0x08007f78                arm_radix4_butterfly_inverse_q15
 .text.arm_bitreversal_16
                0x080081e0       0x44 C:/Users/hslnb/DOCUME~1/TENCEN~1/221757~1/FileRecv/HEART_~1/MIDDLE~1/ST/ARM/DSP/Lib\libarm_cortexM4lf_math.a(arm_bitreversal2.o)
                0x080081e0                arm_bitreversal_16
 .text.__udivmoddi4
                0x08008224      0x2bc c:/progra~2/armgnu~1/125863~1.3re/bin/../lib/gcc/arm-none-eabi/12.3.1/thumb/v7e-m+fp/hard\libgcc.a(_udivmoddi4.o)
                0x08008224                __udivmoddi4
 .text.stdio_exit_handler
                0x080084e0       0x18 c:/progra~2/armgnu~1/125863~1.3re/bin/../lib/gcc/arm-none-eabi/12.3.1/thumb/v7e-m+fp/hard\libg.a(libc_a-findfp.o)
 .text.cleanup_stdio
                0x080084f8       0x40 c:/progra~2/armgnu~1/125863~1.3re/bin/../lib/gcc/arm-none-eabi/12.3.1/thumb/v7e-m+fp/hard\libg.a(libc_a-findfp.o)
 .text.global_stdio_init.part.0
                0x08008538       0xf0 c:/progra~2/armgnu~1/125863~1.3re/bin/../lib/gcc/arm-none-eabi/12.3.1/thumb/v7e-m+fp/hard\libg.a(libc_a-findfp.o)
 .text.__sinit  0x08008628       0x3c c:/progra~2/armgnu~1/125863~1.3re/bin/../lib/gcc/arm-none-eabi/12.3.1/thumb/v7e-m+fp/hard\libg.a(libc_a-findfp.o)
                0x08008628                __sinit
 .text.__sfp_lock_acquire
                0x08008664        0xc c:/progra~2/armgnu~1/125863~1.3re/bin/../lib/gcc/arm-none-eabi/12.3.1/thumb/v7e-m+fp/hard\libg.a(libc_a-findfp.o)
                0x08008664                __sfp_lock_acquire
 .text.__sfp_lock_release
                0x08008670        0xc c:/progra~2/armgnu~1/125863~1.3re/bin/../lib/gcc/arm-none-eabi/12.3.1/thumb/v7e-m+fp/hard\libg.a(libc_a-findfp.o)
                0x08008670                __sfp_lock_release
 .text._fwalk_sglue
                0x0800867c       0x48 c:/progra~2/armgnu~1/125863~1.3re/bin/../lib/gcc/arm-none-eabi/12.3.1/thumb/v7e-m+fp/hard\libg.a(libc_a-fwalk.o)
                0x0800867c                _fwalk_sglue
 .text.snprintf
                0x080086c4       0x88 c:/progra~2/armgnu~1/125863~1.3re/bin/../lib/gcc/arm-none-eabi/12.3.1/thumb/v7e-m+fp/hard\libg.a(libc_a-snprintf.o)
                0x080086c4                snprintf
 .text.__sread  0x0800874c       0x24 c:/progra~2/armgnu~1/125863~1.3re/bin/../lib/gcc/arm-none-eabi/12.3.1/thumb/v7e-m+fp/hard\libg.a(libc_a-stdio.o)
                0x0800874c                __sread
 .text.__swrite
                0x08008770       0x40 c:/progra~2/armgnu~1/125863~1.3re/bin/../lib/gcc/arm-none-eabi/12.3.1/thumb/v7e-m+fp/hard\libg.a(libc_a-stdio.o)
                0x08008770                __swrite
 .text.__sseek  0x080087b0       0x24 c:/progra~2/armgnu~1/125863~1.3re/bin/../lib/gcc/arm-none-eabi/12.3.1/thumb/v7e-m+fp/hard\libg.a(libc_a-stdio.o)
                0x080087b0                __sseek
 .text.__sclose
                0x080087d4        0x8 c:/progra~2/armgnu~1/125863~1.3re/bin/../lib/gcc/arm-none-eabi/12.3.1/thumb/v7e-m+fp/hard\libg.a(libc_a-stdio.o)
                0x080087d4                __sclose
 .text.memset   0x080087dc       0xa4 c:/progra~2/armgnu~1/125863~1.3re/bin/../lib/gcc/arm-none-eabi/12.3.1/thumb/v7e-m+fp/hard\libg.a(libc_a-memset.o)
                0x080087dc                memset
 .text._close_r
                0x08008880       0x24 c:/progra~2/armgnu~1/125863~1.3re/bin/../lib/gcc/arm-none-eabi/12.3.1/thumb/v7e-m+fp/hard\libg.a(libc_a-closer.o)
                0x08008880                _close_r
 .text._lseek_r
                0x080088a4       0x2c c:/progra~2/armgnu~1/125863~1.3re/bin/../lib/gcc/arm-none-eabi/12.3.1/thumb/v7e-m+fp/hard\libg.a(libc_a-lseekr.o)
                0x080088a4                _lseek_r
 .text._read_r  0x080088d0       0x2c c:/progra~2/armgnu~1/125863~1.3re/bin/../lib/gcc/arm-none-eabi/12.3.1/thumb/v7e-m+fp/hard\libg.a(libc_a-readr.o)
                0x080088d0                _read_r
 .text._write_r
                0x080088fc       0x2c c:/progra~2/armgnu~1/125863~1.3re/bin/../lib/gcc/arm-none-eabi/12.3.1/thumb/v7e-m+fp/hard\libg.a(libc_a-writer.o)
                0x080088fc                _write_r
 .text.__errno  0x08008928        0xc c:/progra~2/armgnu~1/125863~1.3re/bin/../lib/gcc/arm-none-eabi/12.3.1/thumb/v7e-m+fp/hard\libg.a(libc_a-errno.o)
                0x08008928                __errno
 .text.__libc_init_array
                0x08008934       0x50 c:/progra~2/armgnu~1/125863~1.3re/bin/../lib/gcc/arm-none-eabi/12.3.1/thumb/v7e-m+fp/hard\libg.a(libc_a-init.o)
                0x08008934                __libc_init_array
 .text.__retarget_lock_init_recursive
                0x08008984        0x4 c:/progra~2/armgnu~1/125863~1.3re/bin/../lib/gcc/arm-none-eabi/12.3.1/thumb/v7e-m+fp/hard\libg.a(libc_a-lock.o)
                0x08008984                __retarget_lock_init_recursive
 .text.__retarget_lock_close_recursive
                0x08008988        0x4 c:/progra~2/armgnu~1/125863~1.3re/bin/../lib/gcc/arm-none-eabi/12.3.1/thumb/v7e-m+fp/hard\libg.a(libc_a-lock.o)
                0x08008988                __retarget_lock_close_recursive
 .text.__retarget_lock_acquire_recursive
                0x0800898c        0x4 c:/progra~2/armgnu~1/125863~1.3re/bin/../lib/gcc/arm-none-eabi/12.3.1/thumb/v7e-m+fp/hard\libg.a(libc_a-lock.o)
                0x0800898c                __retarget_lock_acquire_recursive
 .text.__retarget_lock_release_recursive
                0x08008990        0x4 c:/progra~2/armgnu~1/125863~1.3re/bin/../lib/gcc/arm-none-eabi/12.3.1/thumb/v7e-m+fp/hard\libg.a(libc_a-lock.o)
                0x08008990                __retarget_lock_release_recursive
 .text.startup.register_fini
                0x08008994       0x14 c:/progra~2/armgnu~1/125863~1.3re/bin/../lib/gcc/arm-none-eabi/12.3.1/thumb/v7e-m+fp/hard\libg.a(libc_a-__call_atexit.o)
 .text.atexit   0x080089a8        0xc c:/progra~2/armgnu~1/125863~1.3re/bin/../lib/gcc/arm-none-eabi/12.3.1/thumb/v7e-m+fp/hard\libg.a(libc_a-atexit.o)
                0x080089a8                atexit
 .text._malloc_trim_r
                0x080089b4       0xb8 c:/progra~2/armgnu~1/125863~1.3re/bin/../lib/gcc/arm-none-eabi/12.3.1/thumb/v7e-m+fp/hard\libg.a(libc_a-freer.o)
                0x080089b4                _malloc_trim_r
 .text._free_r  0x08008a6c      0x1fc c:/progra~2/armgnu~1/125863~1.3re/bin/../lib/gcc/arm-none-eabi/12.3.1/thumb/v7e-m+fp/hard\libg.a(libc_a-freer.o)
                0x08008a6c                _free_r
 .text._malloc_r
                0x08008c68      0x574 c:/progra~2/armgnu~1/125863~1.3re/bin/../lib/gcc/arm-none-eabi/12.3.1/thumb/v7e-m+fp/hard\libg.a(libc_a-mallocr.o)
                0x08008c68                _malloc_r
 .text.__malloc_lock
                0x080091dc        0xc c:/progra~2/armgnu~1/125863~1.3re/bin/../lib/gcc/arm-none-eabi/12.3.1/thumb/v7e-m+fp/hard\libg.a(libc_a-mlock.o)
                0x080091dc                __malloc_lock
 .text.__malloc_unlock
                0x080091e8        0xc c:/progra~2/armgnu~1/125863~1.3re/bin/../lib/gcc/arm-none-eabi/12.3.1/thumb/v7e-m+fp/hard\libg.a(libc_a-mlock.o)
                0x080091e8                __malloc_unlock
 *fill*         0x080091f4        0x4 
 .text._svfprintf_r
                0x080091f8     0x1bc0 c:/progra~2/armgnu~1/125863~1.3re/bin/../lib/gcc/arm-none-eabi/12.3.1/thumb/v7e-m+fp/hard\libg.a(libc_a-svfprintf.o)
                0x080091f8                _svfprintf_r
 .text._fclose_r
                0x0800adb8       0xc0 c:/progra~2/armgnu~1/125863~1.3re/bin/../lib/gcc/arm-none-eabi/12.3.1/thumb/v7e-m+fp/hard\libg.a(libc_a-fclose.o)
                0x0800adb8                _fclose_r
 .text.__sflush_r
                0x0800ae78      0x138 c:/progra~2/armgnu~1/125863~1.3re/bin/../lib/gcc/arm-none-eabi/12.3.1/thumb/v7e-m+fp/hard\libg.a(libc_a-fflush.o)
                0x0800ae78                __sflush_r
 .text._fflush_r
                0x0800afb0       0x54 c:/progra~2/armgnu~1/125863~1.3re/bin/../lib/gcc/arm-none-eabi/12.3.1/thumb/v7e-m+fp/hard\libg.a(libc_a-fflush.o)
                0x0800afb0                _fflush_r
 .text.strncpy  0x0800b004       0x68 c:/progra~2/armgnu~1/125863~1.3re/bin/../lib/gcc/arm-none-eabi/12.3.1/thumb/v7e-m+fp/hard\libg.a(libc_a-strncpy.o)
                0x0800b004                strncpy
 .text.__locale_mb_cur_max
                0x0800b06c        0xc c:/progra~2/armgnu~1/125863~1.3re/bin/../lib/gcc/arm-none-eabi/12.3.1/thumb/v7e-m+fp/hard\libg.a(libc_a-locale.o)
                0x0800b06c                __locale_mb_cur_max
 .text._localeconv_r
                0x0800b078        0x8 c:/progra~2/armgnu~1/125863~1.3re/bin/../lib/gcc/arm-none-eabi/12.3.1/thumb/v7e-m+fp/hard\libg.a(libc_a-localeconv.o)
                0x0800b078                _localeconv_r
 .text._sbrk_r  0x0800b080       0x24 c:/progra~2/armgnu~1/125863~1.3re/bin/../lib/gcc/arm-none-eabi/12.3.1/thumb/v7e-m+fp/hard\libg.a(libc_a-sbrkr.o)
                0x0800b080                _sbrk_r
 .text.__libc_fini_array
                0x0800b0a4       0x28 c:/progra~2/armgnu~1/125863~1.3re/bin/../lib/gcc/arm-none-eabi/12.3.1/thumb/v7e-m+fp/hard\libg.a(libc_a-fini.o)
                0x0800b0a4                __libc_fini_array
 .text.sysconf  0x0800b0cc       0x1c c:/progra~2/armgnu~1/125863~1.3re/bin/../lib/gcc/arm-none-eabi/12.3.1/thumb/v7e-m+fp/hard\libg.a(libc_a-sysconf.o)
                0x0800b0cc                sysconf
 .text.frexp    0x0800b0e8       0x68 c:/progra~2/armgnu~1/125863~1.3re/bin/../lib/gcc/arm-none-eabi/12.3.1/thumb/v7e-m+fp/hard\libg.a(libm_a-s_frexp.o)
                0x0800b0e8                frexp
 .text.__register_exitproc
                0x0800b150       0x80 c:/progra~2/armgnu~1/125863~1.3re/bin/../lib/gcc/arm-none-eabi/12.3.1/thumb/v7e-m+fp/hard\libg.a(libc_a-__atexit.o)
                0x0800b150                __register_exitproc
 .text.quorem   0x0800b1d0      0x12c c:/progra~2/armgnu~1/125863~1.3re/bin/../lib/gcc/arm-none-eabi/12.3.1/thumb/v7e-m+fp/hard\libg.a(libc_a-dtoa.o)
 *fill*         0x0800b2fc        0x4 
 .text._dtoa_r  0x0800b300      0xe4c c:/progra~2/armgnu~1/125863~1.3re/bin/../lib/gcc/arm-none-eabi/12.3.1/thumb/v7e-m+fp/hard\libg.a(libc_a-dtoa.o)
                0x0800b300                _dtoa_r
 .text.__ascii_mbtowc
                0x0800c14c       0x2c c:/progra~2/armgnu~1/125863~1.3re/bin/../lib/gcc/arm-none-eabi/12.3.1/thumb/v7e-m+fp/hard\libg.a(libc_a-mbtowc_r.o)
                0x0800c14c                __ascii_mbtowc
 .text._Balloc  0x0800c178       0x4c c:/progra~2/armgnu~1/125863~1.3re/bin/../lib/gcc/arm-none-eabi/12.3.1/thumb/v7e-m+fp/hard\libg.a(libc_a-mprec.o)
                0x0800c178                _Balloc
 .text._Bfree   0x0800c1c4       0x14 c:/progra~2/armgnu~1/125863~1.3re/bin/../lib/gcc/arm-none-eabi/12.3.1/thumb/v7e-m+fp/hard\libg.a(libc_a-mprec.o)
                0x0800c1c4                _Bfree
 .text.__multadd
                0x0800c1d8       0xa0 c:/progra~2/armgnu~1/125863~1.3re/bin/../lib/gcc/arm-none-eabi/12.3.1/thumb/v7e-m+fp/hard\libg.a(libc_a-mprec.o)
                0x0800c1d8                __multadd
 .text.__hi0bits
                0x0800c278       0x44 c:/progra~2/armgnu~1/125863~1.3re/bin/../lib/gcc/arm-none-eabi/12.3.1/thumb/v7e-m+fp/hard\libg.a(libc_a-mprec.o)
                0x0800c278                __hi0bits
 .text.__lo0bits
                0x0800c2bc       0x60 c:/progra~2/armgnu~1/125863~1.3re/bin/../lib/gcc/arm-none-eabi/12.3.1/thumb/v7e-m+fp/hard\libg.a(libc_a-mprec.o)
                0x0800c2bc                __lo0bits
 .text.__i2b    0x0800c31c       0x5c c:/progra~2/armgnu~1/125863~1.3re/bin/../lib/gcc/arm-none-eabi/12.3.1/thumb/v7e-m+fp/hard\libg.a(libc_a-mprec.o)
                0x0800c31c                __i2b
 .text.__multiply
                0x0800c378      0x16c c:/progra~2/armgnu~1/125863~1.3re/bin/../lib/gcc/arm-none-eabi/12.3.1/thumb/v7e-m+fp/hard\libg.a(libc_a-mprec.o)
                0x0800c378                __multiply
 .text.__pow5mult
                0x0800c4e4       0xb4 c:/progra~2/armgnu~1/125863~1.3re/bin/../lib/gcc/arm-none-eabi/12.3.1/thumb/v7e-m+fp/hard\libg.a(libc_a-mprec.o)
                0x0800c4e4                __pow5mult
 .text.__lshift
                0x0800c598       0xf0 c:/progra~2/armgnu~1/125863~1.3re/bin/../lib/gcc/arm-none-eabi/12.3.1/thumb/v7e-m+fp/hard\libg.a(libc_a-mprec.o)
                0x0800c598                __lshift
 .text.__mcmp   0x0800c688       0x44 c:/progra~2/armgnu~1/125863~1.3re/bin/../lib/gcc/arm-none-eabi/12.3.1/thumb/v7e-m+fp/hard\libg.a(libc_a-mprec.o)
                0x0800c688                __mcmp
 .text.__mdiff  0x0800c6cc      0x164 c:/progra~2/armgnu~1/125863~1.3re/bin/../lib/gcc/arm-none-eabi/12.3.1/thumb/v7e-m+fp/hard\libg.a(libc_a-mprec.o)
                0x0800c6cc                __mdiff
 .text.__d2b    0x0800c830       0xc0 c:/progra~2/armgnu~1/125863~1.3re/bin/../lib/gcc/arm-none-eabi/12.3.1/thumb/v7e-m+fp/hard\libg.a(libc_a-mprec.o)
                0x0800c830                __d2b
 .text.__ascii_wctomb
                0x0800c8f0       0x1c c:/progra~2/armgnu~1/125863~1.3re/bin/../lib/gcc/arm-none-eabi/12.3.1/thumb/v7e-m+fp/hard\libg.a(libc_a-wctomb_r.o)
                0x0800c8f0                __ascii_wctomb
 .text._wcrtomb_r
                0x0800c90c       0x4c c:/progra~2/armgnu~1/125863~1.3re/bin/../lib/gcc/arm-none-eabi/12.3.1/thumb/v7e-m+fp/hard\libg.a(libc_a-wcrtomb.o)
                0x0800c90c                _wcrtomb_r
 .text._wcsrtombs_r
                0x0800c958       0x18 c:/progra~2/armgnu~1/125863~1.3re/bin/../lib/gcc/arm-none-eabi/12.3.1/thumb/v7e-m+fp/hard\libg.a(libc_a-wcsrtombs.o)
                0x0800c958                _wcsrtombs_r
 .text.__ssprint_r
                0x0800c970      0x108 c:/progra~2/armgnu~1/125863~1.3re/bin/../lib/gcc/arm-none-eabi/12.3.1/thumb/v7e-m+fp/hard\libg.a(libc_a-svfiprintf.o)
                0x0800c970                __ssprint_r
 .text.memmove  0x0800ca78      0x100 c:/progra~2/armgnu~1/125863~1.3re/bin/../lib/gcc/arm-none-eabi/12.3.1/thumb/v7e-m+fp/hard\libg.a(libc_a-memmove.o)
                0x0800ca78                memmove
 .text.__assert_func
                0x0800cb78       0x40 c:/progra~2/armgnu~1/125863~1.3re/bin/../lib/gcc/arm-none-eabi/12.3.1/thumb/v7e-m+fp/hard\libg.a(libc_a-assert.o)
                0x0800cb78                __assert_func
 .text._calloc_r
                0x0800cbb8       0x6c c:/progra~2/armgnu~1/125863~1.3re/bin/../lib/gcc/arm-none-eabi/12.3.1/thumb/v7e-m+fp/hard\libg.a(libc_a-callocr.o)
                0x0800cbb8                _calloc_r
 .text._realloc_r
                0x0800cc24      0x344 c:/progra~2/armgnu~1/125863~1.3re/bin/../lib/gcc/arm-none-eabi/12.3.1/thumb/v7e-m+fp/hard\libg.a(libc_a-reallocr.o)
                0x0800cc24                _realloc_r
 .text._wcsnrtombs_l
                0x0800cf68       0xfc c:/progra~2/armgnu~1/125863~1.3re/bin/../lib/gcc/arm-none-eabi/12.3.1/thumb/v7e-m+fp/hard\libg.a(libc_a-wcsnrtombs.o)
                0x0800cf68                _wcsnrtombs_l
 .text._wcsnrtombs_r
                0x0800d064       0x24 c:/progra~2/armgnu~1/125863~1.3re/bin/../lib/gcc/arm-none-eabi/12.3.1/thumb/v7e-m+fp/hard\libg.a(libc_a-wcsnrtombs.o)
                0x0800d064                _wcsnrtombs_r
 .text.fiprintf
                0x0800d088       0x28 c:/progra~2/armgnu~1/125863~1.3re/bin/../lib/gcc/arm-none-eabi/12.3.1/thumb/v7e-m+fp/hard\libg.a(libc_a-fiprintf.o)
                0x0800d088                fiprintf
 .text.__sprint_r.part.0
                0x0800d0b0       0x78 c:/progra~2/armgnu~1/125863~1.3re/bin/../lib/gcc/arm-none-eabi/12.3.1/thumb/v7e-m+fp/hard\libg.a(libc_a-vfiprintf.o)
 .text._vfiprintf_r
                0x0800d128      0xfa8 c:/progra~2/armgnu~1/125863~1.3re/bin/../lib/gcc/arm-none-eabi/12.3.1/thumb/v7e-m+fp/hard\libg.a(libc_a-vfiprintf.o)
                0x0800d128                _vfiprintf_r
 .text.__sbprintf
                0x0800e0d0       0x80 c:/progra~2/armgnu~1/125863~1.3re/bin/../lib/gcc/arm-none-eabi/12.3.1/thumb/v7e-m+fp/hard\libg.a(libc_a-vfiprintf.o)
 .text.__sfvwrite_r
                0x0800e150      0x300 c:/progra~2/armgnu~1/125863~1.3re/bin/../lib/gcc/arm-none-eabi/12.3.1/thumb/v7e-m+fp/hard\libg.a(libc_a-fvwrite.o)
                0x0800e150                __sfvwrite_r
 .text.__swsetup_r
                0x0800e450       0xc0 c:/progra~2/armgnu~1/125863~1.3re/bin/../lib/gcc/arm-none-eabi/12.3.1/thumb/v7e-m+fp/hard\libg.a(libc_a-wsetup.o)
                0x0800e450                __swsetup_r
 .text.__fputwc
                0x0800e510       0x7c c:/progra~2/armgnu~1/125863~1.3re/bin/../lib/gcc/arm-none-eabi/12.3.1/thumb/v7e-m+fp/hard\libg.a(libc_a-fputwc.o)
                0x0800e510                __fputwc
 .text._fputwc_r
                0x0800e58c       0x60 c:/progra~2/armgnu~1/125863~1.3re/bin/../lib/gcc/arm-none-eabi/12.3.1/thumb/v7e-m+fp/hard\libg.a(libc_a-fputwc.o)
                0x0800e58c                _fputwc_r
 .text.abort    0x0800e5ec       0x10 c:/progra~2/armgnu~1/125863~1.3re/bin/../lib/gcc/arm-none-eabi/12.3.1/thumb/v7e-m+fp/hard\libg.a(libc_a-abort.o)
                0x0800e5ec                abort
 .text.__smakebuf_r
                0x0800e5fc       0xdc c:/progra~2/armgnu~1/125863~1.3re/bin/../lib/gcc/arm-none-eabi/12.3.1/thumb/v7e-m+fp/hard\libg.a(libc_a-makebuf.o)
                0x0800e5fc                __smakebuf_r
 .text.__swbuf_r
                0x0800e6d8       0xac c:/progra~2/armgnu~1/125863~1.3re/bin/../lib/gcc/arm-none-eabi/12.3.1/thumb/v7e-m+fp/hard\libg.a(libc_a-wbuf.o)
                0x0800e6d8                __swbuf_r
 .text.raise    0x0800e784       0x58 c:/progra~2/armgnu~1/125863~1.3re/bin/../lib/gcc/arm-none-eabi/12.3.1/thumb/v7e-m+fp/hard\libg.a(libc_a-signal.o)
                0x0800e784                raise
 .text._fstat_r
                0x0800e7dc       0x2c c:/progra~2/armgnu~1/125863~1.3re/bin/../lib/gcc/arm-none-eabi/12.3.1/thumb/v7e-m+fp/hard\libg.a(libc_a-fstatr.o)
                0x0800e7dc                _fstat_r
 .text._isatty_r
                0x0800e808       0x24 c:/progra~2/armgnu~1/125863~1.3re/bin/../lib/gcc/arm-none-eabi/12.3.1/thumb/v7e-m+fp/hard\libg.a(libc_a-isattyr.o)
                0x0800e808                _isatty_r
 .text._kill_r  0x0800e82c       0x2c c:/progra~2/armgnu~1/125863~1.3re/bin/../lib/gcc/arm-none-eabi/12.3.1/thumb/v7e-m+fp/hard\libg.a(libc_a-signalr.o)
                0x0800e82c                _kill_r
 .text._getpid_r
                0x0800e858        0x4 c:/progra~2/armgnu~1/125863~1.3re/bin/../lib/gcc/arm-none-eabi/12.3.1/thumb/v7e-m+fp/hard\libg.a(libc_a-signalr.o)
                0x0800e858                _getpid_r
 *(.glue_7)
 .glue_7        0x0800e85c        0x0 linker stubs
 *(.glue_7t)
 .glue_7t       0x0800e85c        0x0 linker stubs
 *(.eh_frame)
 .eh_frame      0x0800e85c        0x0 c:/progra~2/armgnu~1/125863~1.3re/bin/../lib/gcc/arm-none-eabi/12.3.1/thumb/v7e-m+fp/hard/crtbegin.o
 *(.init)
 .init          0x0800e85c        0x4 c:/progra~2/armgnu~1/125863~1.3re/bin/../lib/gcc/arm-none-eabi/12.3.1/thumb/v7e-m+fp/hard/crti.o
                0x0800e85c                _init
 .init          0x0800e860        0x8 c:/progra~2/armgnu~1/125863~1.3re/bin/../lib/gcc/arm-none-eabi/12.3.1/thumb/v7e-m+fp/hard/crtn.o
 *(.fini)
 .fini          0x0800e868        0x4 c:/progra~2/armgnu~1/125863~1.3re/bin/../lib/gcc/arm-none-eabi/12.3.1/thumb/v7e-m+fp/hard/crti.o
                0x0800e868                _fini
 .fini          0x0800e86c        0x8 c:/progra~2/armgnu~1/125863~1.3re/bin/../lib/gcc/arm-none-eabi/12.3.1/thumb/v7e-m+fp/hard/crtn.o
                0x0800e874                        . = ALIGN (0x4)
                0x0800e874                        _etext = .

.vfp11_veneer   0x0800e874        0x0
 .vfp11_veneer  0x0800e874        0x0 linker stubs

.v4_bx          0x0800e874        0x0
 .v4_bx         0x0800e874        0x0 linker stubs

.iplt           0x0800e874        0x0
 .iplt          0x0800e874        0x0 c:/progra~2/armgnu~1/125863~1.3re/bin/../lib/gcc/arm-none-eabi/12.3.1/thumb/v7e-m+fp/hard/crtbegin.o

.rodata         0x0800e878    0x153d4
                0x0800e878                        . = ALIGN (0x4)
 *(.rodata)
 .rodata        0x0800e878        0x3 CMakeFiles/BusyHeart.elf.dir/Drivers/ads1292/ads1292.c.obj
 *(.rodata*)
 *fill*         0x0800e87b        0x1 
 .rodata.draw_fft.str1.4
                0x0800e87c        0xf CMakeFiles/BusyHeart.elf.dir/Core/Src/freertos.c.obj
 *fill*         0x0800e88b        0x1 
 .rodata.StartDefaultTask.str1.4
                0x0800e88c        0x8 CMakeFiles/BusyHeart.elf.dir/Core/Src/freertos.c.obj
 .rodata.lcd_draw_heartbeat.str1.4
                0x0800e894       0x55 CMakeFiles/BusyHeart.elf.dir/Core/Src/freertos.c.obj
 *fill*         0x0800e8e9        0x3 
 .rodata.str1.4
                0x0800e8ec       0x68 CMakeFiles/BusyHeart.elf.dir/Core/Src/freertos.c.obj
 .rodata.fftAvailable_attributes
                0x0800e954       0x10 CMakeFiles/BusyHeart.elf.dir/Core/Src/freertos.c.obj
                0x0800e954                fftAvailable_attributes
 .rodata.drawValueAvailable_attributes
                0x0800e964       0x10 CMakeFiles/BusyHeart.elf.dir/Core/Src/freertos.c.obj
                0x0800e964                drawValueAvailable_attributes
 .rodata.adsAvaiable_attributes
                0x0800e974       0x10 CMakeFiles/BusyHeart.elf.dir/Core/Src/freertos.c.obj
                0x0800e974                adsAvaiable_attributes
 .rodata.keyScanTask_attributes
                0x0800e984       0x24 CMakeFiles/BusyHeart.elf.dir/Core/Src/freertos.c.obj
                0x0800e984                keyScanTask_attributes
 .rodata.beepTask_attributes
                0x0800e9a8       0x24 CMakeFiles/BusyHeart.elf.dir/Core/Src/freertos.c.obj
                0x0800e9a8                beepTask_attributes
 .rodata.fftTask_attributes
                0x0800e9cc       0x24 CMakeFiles/BusyHeart.elf.dir/Core/Src/freertos.c.obj
                0x0800e9cc                fftTask_attributes
 .rodata.drawTask_attributes
                0x0800e9f0       0x24 CMakeFiles/BusyHeart.elf.dir/Core/Src/freertos.c.obj
                0x0800e9f0                drawTask_attributes
 .rodata.defaultTask_attributes
                0x0800ea14       0x24 CMakeFiles/BusyHeart.elf.dir/Core/Src/freertos.c.obj
                0x0800ea14                defaultTask_attributes
 .rodata.main.str1.4
                0x0800ea38       0x15 CMakeFiles/BusyHeart.elf.dir/Core/Src/main.c.obj
 *fill*         0x0800ea4d        0x3 
 .rodata.APBPrescTable
                0x0800ea50        0x8 CMakeFiles/BusyHeart.elf.dir/Core/Src/system_stm32f4xx.c.obj
                0x0800ea50                APBPrescTable
 .rodata.AHBPrescTable
                0x0800ea58       0x10 CMakeFiles/BusyHeart.elf.dir/Core/Src/system_stm32f4xx.c.obj
                0x0800ea58                AHBPrescTable
 .rodata.ads1292_init.str1.4
                0x0800ea68        0x8 CMakeFiles/BusyHeart.elf.dir/Drivers/ads1292/ads1292.c.obj
 .rodata.atk_md0350_font_3216
                0x0800ea70     0x17c0 CMakeFiles/BusyHeart.elf.dir/Drivers/atk_md0350/atk_md0350.c.obj
                0x0800ea70                atk_md0350_font_3216
 .rodata.atk_md0350_font_2412
                0x08010230      0xd5c CMakeFiles/BusyHeart.elf.dir/Drivers/atk_md0350/atk_md0350.c.obj
                0x08010230                atk_md0350_font_2412
 .rodata.atk_md0350_font_1608
                0x08010f8c      0x5f0 CMakeFiles/BusyHeart.elf.dir/Drivers/atk_md0350/atk_md0350.c.obj
                0x08010f8c                atk_md0350_font_1608
 .rodata.atk_md0350_font_1206
                0x0801157c      0x474 CMakeFiles/BusyHeart.elf.dir/Drivers/atk_md0350/atk_md0350.c.obj
                0x0801157c                atk_md0350_font_1206
 .rodata.vTaskStartScheduler.str1.4
                0x080119f0        0x5 CMakeFiles/BusyHeart.elf.dir/Middlewares/Third_Party/FreeRTOS/Source/tasks.c.obj
 *fill*         0x080119f5        0x3 
 .rodata.prvCheckForValidListAndQueue.str1.4
                0x080119f8        0x5 CMakeFiles/BusyHeart.elf.dir/Middlewares/Third_Party/FreeRTOS/Source/timers.c.obj
 *fill*         0x080119fd        0x3 
 .rodata.xTimerCreateTimerTask.str1.4
                0x08011a00        0x8 CMakeFiles/BusyHeart.elf.dir/Middlewares/Third_Party/FreeRTOS/Source/timers.c.obj
 .rodata.arm_cfft_sR_q15_len1024
                0x08011a08       0x10 C:/Users/hslnb/DOCUME~1/TENCEN~1/221757~1/FileRecv/HEART_~1/MIDDLE~1/ST/ARM/DSP/Lib\libarm_cortexM4lf_math.a(arm_const_structs.o)
                0x08011a08                arm_cfft_sR_q15_len1024
 .rodata.arm_cfft_sR_q15_len128
                0x08011a18       0x10 C:/Users/hslnb/DOCUME~1/TENCEN~1/221757~1/FileRecv/HEART_~1/MIDDLE~1/ST/ARM/DSP/Lib\libarm_cortexM4lf_math.a(arm_const_structs.o)
                0x08011a18                arm_cfft_sR_q15_len128
 .rodata.arm_cfft_sR_q15_len16
                0x08011a28       0x10 C:/Users/hslnb/DOCUME~1/TENCEN~1/221757~1/FileRecv/HEART_~1/MIDDLE~1/ST/ARM/DSP/Lib\libarm_cortexM4lf_math.a(arm_const_structs.o)
                0x08011a28                arm_cfft_sR_q15_len16
 .rodata.arm_cfft_sR_q15_len2048
                0x08011a38       0x10 C:/Users/hslnb/DOCUME~1/TENCEN~1/221757~1/FileRecv/HEART_~1/MIDDLE~1/ST/ARM/DSP/Lib\libarm_cortexM4lf_math.a(arm_const_structs.o)
                0x08011a38                arm_cfft_sR_q15_len2048
 .rodata.arm_cfft_sR_q15_len256
                0x08011a48       0x10 C:/Users/hslnb/DOCUME~1/TENCEN~1/221757~1/FileRecv/HEART_~1/MIDDLE~1/ST/ARM/DSP/Lib\libarm_cortexM4lf_math.a(arm_const_structs.o)
                0x08011a48                arm_cfft_sR_q15_len256
 .rodata.arm_cfft_sR_q15_len32
                0x08011a58       0x10 C:/Users/hslnb/DOCUME~1/TENCEN~1/221757~1/FileRecv/HEART_~1/MIDDLE~1/ST/ARM/DSP/Lib\libarm_cortexM4lf_math.a(arm_const_structs.o)
                0x08011a58                arm_cfft_sR_q15_len32
 .rodata.arm_cfft_sR_q15_len4096
                0x08011a68       0x10 C:/Users/hslnb/DOCUME~1/TENCEN~1/221757~1/FileRecv/HEART_~1/MIDDLE~1/ST/ARM/DSP/Lib\libarm_cortexM4lf_math.a(arm_const_structs.o)
                0x08011a68                arm_cfft_sR_q15_len4096
 .rodata.arm_cfft_sR_q15_len512
                0x08011a78       0x10 C:/Users/hslnb/DOCUME~1/TENCEN~1/221757~1/FileRecv/HEART_~1/MIDDLE~1/ST/ARM/DSP/Lib\libarm_cortexM4lf_math.a(arm_const_structs.o)
                0x08011a78                arm_cfft_sR_q15_len512
 .rodata.arm_cfft_sR_q15_len64
                0x08011a88       0x10 C:/Users/hslnb/DOCUME~1/TENCEN~1/221757~1/FileRecv/HEART_~1/MIDDLE~1/ST/ARM/DSP/Lib\libarm_cortexM4lf_math.a(arm_const_structs.o)
                0x08011a88                arm_cfft_sR_q15_len64
 .rodata.armBitRevIndexTable_fixed_1024
                0x08011a98      0x7c0 C:/Users/hslnb/DOCUME~1/TENCEN~1/221757~1/FileRecv/HEART_~1/MIDDLE~1/ST/ARM/DSP/Lib\libarm_cortexM4lf_math.a(arm_common_tables.o)
                0x08011a98                armBitRevIndexTable_fixed_1024
 .rodata.armBitRevIndexTable_fixed_128
                0x08012258       0xe0 C:/Users/hslnb/DOCUME~1/TENCEN~1/221757~1/FileRecv/HEART_~1/MIDDLE~1/ST/ARM/DSP/Lib\libarm_cortexM4lf_math.a(arm_common_tables.o)
                0x08012258                armBitRevIndexTable_fixed_128
 .rodata.armBitRevIndexTable_fixed_16
                0x08012338       0x18 C:/Users/hslnb/DOCUME~1/TENCEN~1/221757~1/FileRecv/HEART_~1/MIDDLE~1/ST/ARM/DSP/Lib\libarm_cortexM4lf_math.a(arm_common_tables.o)
                0x08012338                armBitRevIndexTable_fixed_16
 .rodata.armBitRevIndexTable_fixed_2048
                0x08012350      0xf80 C:/Users/hslnb/DOCUME~1/TENCEN~1/221757~1/FileRecv/HEART_~1/MIDDLE~1/ST/ARM/DSP/Lib\libarm_cortexM4lf_math.a(arm_common_tables.o)
                0x08012350                armBitRevIndexTable_fixed_2048
 .rodata.armBitRevIndexTable_fixed_256
                0x080132d0      0x1e0 C:/Users/hslnb/DOCUME~1/TENCEN~1/221757~1/FileRecv/HEART_~1/MIDDLE~1/ST/ARM/DSP/Lib\libarm_cortexM4lf_math.a(arm_common_tables.o)
                0x080132d0                armBitRevIndexTable_fixed_256
 .rodata.armBitRevIndexTable_fixed_32
                0x080134b0       0x30 C:/Users/hslnb/DOCUME~1/TENCEN~1/221757~1/FileRecv/HEART_~1/MIDDLE~1/ST/ARM/DSP/Lib\libarm_cortexM4lf_math.a(arm_common_tables.o)
                0x080134b0                armBitRevIndexTable_fixed_32
 .rodata.armBitRevIndexTable_fixed_4096
                0x080134e0     0x1f80 C:/Users/hslnb/DOCUME~1/TENCEN~1/221757~1/FileRecv/HEART_~1/MIDDLE~1/ST/ARM/DSP/Lib\libarm_cortexM4lf_math.a(arm_common_tables.o)
                0x080134e0                armBitRevIndexTable_fixed_4096
 .rodata.armBitRevIndexTable_fixed_512
                0x08015460      0x3c0 C:/Users/hslnb/DOCUME~1/TENCEN~1/221757~1/FileRecv/HEART_~1/MIDDLE~1/ST/ARM/DSP/Lib\libarm_cortexM4lf_math.a(arm_common_tables.o)
                0x08015460                armBitRevIndexTable_fixed_512
 .rodata.armBitRevIndexTable_fixed_64
                0x08015820       0x70 C:/Users/hslnb/DOCUME~1/TENCEN~1/221757~1/FileRecv/HEART_~1/MIDDLE~1/ST/ARM/DSP/Lib\libarm_cortexM4lf_math.a(arm_common_tables.o)
                0x08015820                armBitRevIndexTable_fixed_64
 .rodata.realCoefAQ15
                0x08015890     0x4000 C:/Users/hslnb/DOCUME~1/TENCEN~1/221757~1/FileRecv/HEART_~1/MIDDLE~1/ST/ARM/DSP/Lib\libarm_cortexM4lf_math.a(arm_common_tables.o)
                0x08015890                realCoefAQ15
 .rodata.realCoefBQ15
                0x08019890     0x4000 C:/Users/hslnb/DOCUME~1/TENCEN~1/221757~1/FileRecv/HEART_~1/MIDDLE~1/ST/ARM/DSP/Lib\libarm_cortexM4lf_math.a(arm_common_tables.o)
                0x08019890                realCoefBQ15
 .rodata.twiddleCoef_1024_q15
                0x0801d890      0xc00 C:/Users/hslnb/DOCUME~1/TENCEN~1/221757~1/FileRecv/HEART_~1/MIDDLE~1/ST/ARM/DSP/Lib\libarm_cortexM4lf_math.a(arm_common_tables.o)
                0x0801d890                twiddleCoef_1024_q15
 .rodata.twiddleCoef_128_q15
                0x0801e490      0x180 C:/Users/hslnb/DOCUME~1/TENCEN~1/221757~1/FileRecv/HEART_~1/MIDDLE~1/ST/ARM/DSP/Lib\libarm_cortexM4lf_math.a(arm_common_tables.o)
                0x0801e490                twiddleCoef_128_q15
 .rodata.twiddleCoef_16_q15
                0x0801e610       0x30 C:/Users/hslnb/DOCUME~1/TENCEN~1/221757~1/FileRecv/HEART_~1/MIDDLE~1/ST/ARM/DSP/Lib\libarm_cortexM4lf_math.a(arm_common_tables.o)
                0x0801e610                twiddleCoef_16_q15
 .rodata.twiddleCoef_2048_q15
                0x0801e640     0x1800 C:/Users/hslnb/DOCUME~1/TENCEN~1/221757~1/FileRecv/HEART_~1/MIDDLE~1/ST/ARM/DSP/Lib\libarm_cortexM4lf_math.a(arm_common_tables.o)
                0x0801e640                twiddleCoef_2048_q15
 .rodata.twiddleCoef_256_q15
                0x0801fe40      0x300 C:/Users/hslnb/DOCUME~1/TENCEN~1/221757~1/FileRecv/HEART_~1/MIDDLE~1/ST/ARM/DSP/Lib\libarm_cortexM4lf_math.a(arm_common_tables.o)
                0x0801fe40                twiddleCoef_256_q15
 .rodata.twiddleCoef_32_q15
                0x08020140       0x60 C:/Users/hslnb/DOCUME~1/TENCEN~1/221757~1/FileRecv/HEART_~1/MIDDLE~1/ST/ARM/DSP/Lib\libarm_cortexM4lf_math.a(arm_common_tables.o)
                0x08020140                twiddleCoef_32_q15
 .rodata.twiddleCoef_4096_q15
                0x080201a0     0x3000 C:/Users/hslnb/DOCUME~1/TENCEN~1/221757~1/FileRecv/HEART_~1/MIDDLE~1/ST/ARM/DSP/Lib\libarm_cortexM4lf_math.a(arm_common_tables.o)
                0x080201a0                twiddleCoef_4096_q15
 .rodata.twiddleCoef_512_q15
                0x080231a0      0x600 C:/Users/hslnb/DOCUME~1/TENCEN~1/221757~1/FileRecv/HEART_~1/MIDDLE~1/ST/ARM/DSP/Lib\libarm_cortexM4lf_math.a(arm_common_tables.o)
                0x080231a0                twiddleCoef_512_q15
 .rodata.twiddleCoef_64_q15
                0x080237a0       0xc0 C:/Users/hslnb/DOCUME~1/TENCEN~1/221757~1/FileRecv/HEART_~1/MIDDLE~1/ST/ARM/DSP/Lib\libarm_cortexM4lf_math.a(arm_common_tables.o)
                0x080237a0                twiddleCoef_64_q15
 .rodata._svfprintf_r.str1.4
                0x08023860       0x42 c:/progra~2/armgnu~1/125863~1.3re/bin/../lib/gcc/arm-none-eabi/12.3.1/thumb/v7e-m+fp/hard\libg.a(libc_a-svfprintf.o)
 *fill*         0x080238a2        0x2 
 .rodata.zeroes.0
                0x080238a4       0x10 c:/progra~2/armgnu~1/125863~1.3re/bin/../lib/gcc/arm-none-eabi/12.3.1/thumb/v7e-m+fp/hard\libg.a(libc_a-svfprintf.o)
 .rodata.blanks.1
                0x080238b4       0x10 c:/progra~2/armgnu~1/125863~1.3re/bin/../lib/gcc/arm-none-eabi/12.3.1/thumb/v7e-m+fp/hard\libg.a(libc_a-svfprintf.o)
 .rodata.str1.4
                0x080238c4       0x48 c:/progra~2/armgnu~1/125863~1.3re/bin/../lib/gcc/arm-none-eabi/12.3.1/thumb/v7e-m+fp/hard\libg.a(libc_a-locale.o)
                                 0x4c (size before relaxing)
 .rodata._dtoa_r.str1.4
                0x0802390c       0x7d c:/progra~2/armgnu~1/125863~1.3re/bin/../lib/gcc/arm-none-eabi/12.3.1/thumb/v7e-m+fp/hard\libg.a(libc_a-dtoa.o)
                                 0x81 (size before relaxing)
 *fill*         0x08023989        0x3 
 .rodata.__multadd.str1.4
                0x0802398c       0x5a c:/progra~2/armgnu~1/125863~1.3re/bin/../lib/gcc/arm-none-eabi/12.3.1/thumb/v7e-m+fp/hard\libg.a(libc_a-mprec.o)
                                 0x6e (size before relaxing)
 *fill*         0x080239e6        0x2 
 .rodata.p05.0  0x080239e8        0xc c:/progra~2/armgnu~1/125863~1.3re/bin/../lib/gcc/arm-none-eabi/12.3.1/thumb/v7e-m+fp/hard\libg.a(libc_a-mprec.o)
 *fill*         0x080239f4        0x4 
 .rodata.__mprec_bigtens
                0x080239f8       0x28 c:/progra~2/armgnu~1/125863~1.3re/bin/../lib/gcc/arm-none-eabi/12.3.1/thumb/v7e-m+fp/hard\libg.a(libc_a-mprec.o)
                0x080239f8                __mprec_bigtens
 .rodata.__mprec_tens
                0x08023a20       0xc8 c:/progra~2/armgnu~1/125863~1.3re/bin/../lib/gcc/arm-none-eabi/12.3.1/thumb/v7e-m+fp/hard\libg.a(libc_a-mprec.o)
                0x08023a20                __mprec_tens
 .rodata._ctype_
                0x08023ae8      0x101 c:/progra~2/armgnu~1/125863~1.3re/bin/../lib/gcc/arm-none-eabi/12.3.1/thumb/v7e-m+fp/hard\libg.a(libc_a-ctype_.o)
                0x08023ae8                _ctype_
 *fill*         0x08023be9        0x3 
 .rodata.__assert_func.str1.4
                0x08023bec       0x3f c:/progra~2/armgnu~1/125863~1.3re/bin/../lib/gcc/arm-none-eabi/12.3.1/thumb/v7e-m+fp/hard\libg.a(libc_a-assert.o)
                                 0x43 (size before relaxing)
 .rodata._vfiprintf_r.str1.4
                0x08023c2b       0x2f c:/progra~2/armgnu~1/125863~1.3re/bin/../lib/gcc/arm-none-eabi/12.3.1/thumb/v7e-m+fp/hard\libg.a(libc_a-vfiprintf.o)
 *fill*         0x08023c2b        0x1 
 .rodata.zeroes.0
                0x08023c2c       0x10 c:/progra~2/armgnu~1/125863~1.3re/bin/../lib/gcc/arm-none-eabi/12.3.1/thumb/v7e-m+fp/hard\libg.a(libc_a-vfiprintf.o)
 .rodata.blanks.1
                0x08023c3c       0x10 c:/progra~2/armgnu~1/125863~1.3re/bin/../lib/gcc/arm-none-eabi/12.3.1/thumb/v7e-m+fp/hard\libg.a(libc_a-vfiprintf.o)
                0x08023c4c                        . = ALIGN (0x4)

.ARM.extab      0x08023c4c        0x0
                0x08023c4c                        . = ALIGN (0x4)
 *(.ARM.extab* .gnu.linkonce.armextab.*)
                0x08023c4c                        . = ALIGN (0x4)

.ARM            0x08023c4c        0x8
                0x08023c4c                        . = ALIGN (0x4)
                0x08023c4c                        __exidx_start = .
 *(.ARM.exidx*)
 .ARM.exidx     0x08023c4c        0x8 c:/progra~2/armgnu~1/125863~1.3re/bin/../lib/gcc/arm-none-eabi/12.3.1/thumb/v7e-m+fp/hard\libg.a(libc_a-memcpy.o)
 .ARM.exidx     0x08023c54        0x0 c:/progra~2/armgnu~1/125863~1.3re/bin/../lib/gcc/arm-none-eabi/12.3.1/thumb/v7e-m+fp/hard\libg.a(libc_a-strlen.o)
                                  0x8 (size before relaxing)
 .ARM.exidx     0x08023c54        0x0 c:/progra~2/armgnu~1/125863~1.3re/bin/../lib/gcc/arm-none-eabi/12.3.1/thumb/v7e-m+fp/hard\libg.a(libc_a-memchr.o)
                                  0x8 (size before relaxing)
 .ARM.exidx.text.__udivmoddi4
                0x08023c54        0x0 c:/progra~2/armgnu~1/125863~1.3re/bin/../lib/gcc/arm-none-eabi/12.3.1/thumb/v7e-m+fp/hard\libgcc.a(_udivmoddi4.o)
                                  0x8 (size before relaxing)
                0x08023c54                        __exidx_end = .
                0x08023c54                        . = ALIGN (0x4)

.rel.dyn        0x08023c54        0x0
 .rel.iplt      0x08023c54        0x0 c:/progra~2/armgnu~1/125863~1.3re/bin/../lib/gcc/arm-none-eabi/12.3.1/thumb/v7e-m+fp/hard/crtbegin.o
