Archive member included to satisfy reference by file (symbol)

C:\STM32_WorkSpace\Signals_Courses\Middlewares\ST\ARM\DSP\Lib\libarm_cortexM4lf_math.a(arm_const_structs.o)
                              CMakeFiles/Signals_Courses.elf.dir/Core/Src/main.c.obj (arm_cfft_sR_f32_len4096)
C:\STM32_WorkSpace\Signals_Courses\Middlewares\ST\ARM\DSP\Lib\libarm_cortexM4lf_math.a(arm_common_tables.o)
                              C:\STM32_WorkSpace\Signals_Courses\Middlewares\ST\ARM\DSP\Lib\libarm_cortexM4lf_math.a(arm_const_structs.o) (realCoefBQ15)
C:\STM32_WorkSpace\Signals_Courses\Middlewares\ST\ARM\DSP\Lib\libarm_cortexM4lf_math.a(arm_cfft_f32.o)
                              CMakeFiles/Signals_Courses.elf.dir/Core/Src/main.c.obj (arm_cfft_f32)
C:\STM32_WorkSpace\Signals_Courses\Middlewares\ST\ARM\DSP\Lib\libarm_cortexM4lf_math.a(arm_bitreversal2.o)
                              C:\STM32_WorkSpace\Signals_Courses\Middlewares\ST\ARM\DSP\Lib\libarm_cortexM4lf_math.a(arm_cfft_f32.o) (arm_bitreversal_32)
C:\STM32_WorkSpace\Signals_Courses\Middlewares\ST\ARM\DSP\Lib\libarm_cortexM4lf_math.a(arm_cmplx_mag_f32.o)
                              CMakeFiles/Signals_Courses.elf.dir/Core/Src/main.c.obj (arm_cmplx_mag_f32)
C:\STM32_WorkSpace\Signals_Courses\Middlewares\ST\ARM\DSP\Lib\libarm_cortexM4lf_math.a(arm_cfft_radix8_f32.o)
                              C:\STM32_WorkSpace\Signals_Courses\Middlewares\ST\ARM\DSP\Lib\libarm_cortexM4lf_math.a(arm_cfft_f32.o) (arm_radix8_butterfly_f32)
c:/progra~2/armgnu~1/125863~1.3re/bin/../lib/gcc/arm-none-eabi/12.3.1/thumb/v7e-m+fp/hard\libgcc.a(_arm_muldf3.o)
                              CMakeFiles/Signals_Courses.elf.dir/Core/Src/main.c.obj (__aeabi_dmul)
c:/progra~2/armgnu~1/125863~1.3re/bin/../lib/gcc/arm-none-eabi/12.3.1/thumb/v7e-m+fp/hard\libgcc.a(_arm_addsubdf3.o)
                              CMakeFiles/Signals_Courses.elf.dir/Core/Src/main.c.obj (__aeabi_dadd)
c:/progra~2/armgnu~1/125863~1.3re/bin/../lib/gcc/arm-none-eabi/12.3.1/thumb/v7e-m+fp/hard\libgcc.a(_arm_fixunsdfsi.o)
                              CMakeFiles/Signals_Courses.elf.dir/Core/Src/main.c.obj (__aeabi_d2uiz)
c:/progra~2/armgnu~1/125863~1.3re/bin/../lib/gcc/arm-none-eabi/12.3.1/thumb/v7e-m+fp/hard\libgcc.a(_aeabi_uldivmod.o)
                              CMakeFiles/Signals_Courses.elf.dir/Drivers/STM32F4xx_HAL_Driver/Src/stm32f4xx_hal_rcc.c.obj (__aeabi_uldivmod)
c:/progra~2/armgnu~1/125863~1.3re/bin/../lib/gcc/arm-none-eabi/12.3.1/thumb/v7e-m+fp/hard\libgcc.a(_udivmoddi4.o)
                              c:/progra~2/armgnu~1/125863~1.3re/bin/../lib/gcc/arm-none-eabi/12.3.1/thumb/v7e-m+fp/hard\libgcc.a(_aeabi_uldivmod.o) (__udivmoddi4)
c:/progra~2/armgnu~1/125863~1.3re/bin/../lib/gcc/arm-none-eabi/12.3.1/thumb/v7e-m+fp/hard\libgcc.a(_dvmd_tls.o)
                              c:/progra~2/armgnu~1/125863~1.3re/bin/../lib/gcc/arm-none-eabi/12.3.1/thumb/v7e-m+fp/hard\libgcc.a(_aeabi_uldivmod.o) (__aeabi_ldiv0)
c:/progra~2/armgnu~1/125863~1.3re/bin/../lib/gcc/arm-none-eabi/12.3.1/thumb/v7e-m+fp/hard\libg.a(libc_a-exit.o)
                              c:/progra~2/armgnu~1/125863~1.3re/bin/../lib/gcc/arm-none-eabi/12.3.1/thumb/v7e-m+fp/hard/crt0.o (exit)
c:/progra~2/armgnu~1/125863~1.3re/bin/../lib/gcc/arm-none-eabi/12.3.1/thumb/v7e-m+fp/hard\libg.a(libc_a-findfp.o)
                              c:/progra~2/armgnu~1/125863~1.3re/bin/../lib/gcc/arm-none-eabi/12.3.1/thumb/v7e-m+fp/hard\libg.a(libc_a-exit.o) (__stdio_exit_handler)
c:/progra~2/armgnu~1/125863~1.3re/bin/../lib/gcc/arm-none-eabi/12.3.1/thumb/v7e-m+fp/hard\libg.a(libc_a-fwalk.o)
                              c:/progra~2/armgnu~1/125863~1.3re/bin/../lib/gcc/arm-none-eabi/12.3.1/thumb/v7e-m+fp/hard\libg.a(libc_a-findfp.o) (_fwalk_sglue)
c:/progra~2/armgnu~1/125863~1.3re/bin/../lib/gcc/arm-none-eabi/12.3.1/thumb/v7e-m+fp/hard\libg.a(libc_a-snprintf.o)
                              CMakeFiles/Signals_Courses.elf.dir/Core/Src/main.c.obj (snprintf)
c:/progra~2/armgnu~1/125863~1.3re/bin/../lib/gcc/arm-none-eabi/12.3.1/thumb/v7e-m+fp/hard\libg.a(libc_a-stdio.o)
                              c:/progra~2/armgnu~1/125863~1.3re/bin/../lib/gcc/arm-none-eabi/12.3.1/thumb/v7e-m+fp/hard\libg.a(libc_a-findfp.o) (__sread)
c:/progra~2/armgnu~1/125863~1.3re/bin/../lib/gcc/arm-none-eabi/12.3.1/thumb/v7e-m+fp/hard\libg.a(libc_a-memset.o)
                              c:/progra~2/armgnu~1/125863~1.3re/bin/../lib/gcc/arm-none-eabi/12.3.1/thumb/v7e-m+fp/hard/crt0.o (memset)
c:/progra~2/armgnu~1/125863~1.3re/bin/../lib/gcc/arm-none-eabi/12.3.1/thumb/v7e-m+fp/hard\libg.a(libc_a-closer.o)
                              c:/progra~2/armgnu~1/125863~1.3re/bin/../lib/gcc/arm-none-eabi/12.3.1/thumb/v7e-m+fp/hard\libg.a(libc_a-stdio.o) (_close_r)
c:/progra~2/armgnu~1/125863~1.3re/bin/../lib/gcc/arm-none-eabi/12.3.1/thumb/v7e-m+fp/hard\libg.a(libc_a-reent.o)
[...]
Memory Configuration

Name             Origin             Length             Attributes
CCMRAM           0x10000000         0x00010000         xrw
RAM              0x20000000         0x00020000         xrw
FLASH            0x08000000         0x00100000         xr
*default*        0x00000000         0xffffffff

Linker script and memory map

LOAD c:/progra~2/armgnu~1/125863~1.3re/bin/../lib/gcc/arm-none-eabi/12.3.1/thumb/v7e-m+fp/hard/crti.o
LOAD c:/progra~2/armgnu~1/125863~1.3re/bin/../lib/gcc/arm-none-eabi/12.3.1/thumb/v7e-m+fp/hard/crtbegin.o
LOAD c:/progra~2/armgnu~1/125863~1.3re/bin/../lib/gcc/arm-none-eabi/12.3.1/thumb/v7e-m+fp/hard/crt0.o
LOAD CMakeFiles/Signals_Courses.elf.dir/Core/Src/adc.c.obj
LOAD CMakeFiles/Signals_Courses.elf.dir/Core/Src/dac.c.obj
LOAD CMakeFiles/Signals_Courses.elf.dir/Core/Src/dma.c.obj
LOAD CMakeFiles/Signals_Courses.elf.dir/Core/Src/fsmc.c.obj
LOAD CMakeFiles/Signals_Courses.elf.dir/Core/Src/gpio.c.obj
LOAD CMakeFiles/Signals_Courses.elf.dir/Core/Src/main.c.obj
LOAD CMakeFiles/Signals_Courses.elf.dir/Core/Src/stm32f4xx_hal_msp.c.obj
LOAD CMakeFiles/Signals_Courses.elf.dir/Core/Src/stm32f4xx_it.c.obj
LOAD CMakeFiles/Signals_Courses.elf.dir/Core/Src/syscalls.c.obj
LOAD CMakeFiles/Signals_Courses.elf.dir/Core/Src/sysmem.c.obj
LOAD CMakeFiles/Signals_Courses.elf.dir/Core/Src/system_stm32f4xx.c.obj
LOAD CMakeFiles/Signals_Courses.elf.dir/Core/Src/tim.c.obj
LOAD CMakeFiles/Signals_Courses.elf.dir/Core/Startup/startup_stm32f407zgtx.s.obj
LOAD CMakeFiles/Signals_Courses.elf.dir/Drivers/STM32F4xx_HAL_Driver/Src/stm32f4xx_hal.c.obj
LOAD CMakeFiles/Signals_Courses.elf.dir/Drivers/STM32F4xx_HAL_Driver/Src/stm32f4xx_hal_adc.c.obj
LOAD CMakeFiles/Signals_Courses.elf.dir/Drivers/STM32F4xx_HAL_Driver/Src/stm32f4xx_hal_adc_ex.c.obj
LOAD CMakeFiles/Signals_Courses.elf.dir/Drivers/STM32F4xx_HAL_Driver/Src/stm32f4xx_hal_cortex.c.obj
LOAD CMakeFiles/Signals_Courses.elf.dir/Drivers/STM32F4xx_HAL_Driver/Src/stm32f4xx_hal_dac.c.obj
LOAD CMakeFiles/Signals_Courses.elf.dir/Drivers/STM32F4xx_HAL_Driver/Src/stm32f4xx_hal_dac_ex.c.obj
LOAD CMakeFiles/Signals_Courses.elf.dir/Drivers/STM32F4xx_HAL_Driver/Src/stm32f4xx_hal_dma.c.obj
LOAD CMakeFiles/Signals_Courses.elf.dir/Drivers/STM32F4xx_HAL_Driver/Src/stm32f4xx_hal_dma_ex.c.obj
LOAD CMakeFiles/Signals_Courses.elf.dir/Drivers/STM32F4xx_HAL_Driver/Src/stm32f4xx_hal_exti.c.obj
LOAD CMakeFiles/Signals_Courses.elf.dir/Drivers/STM32F4xx_HAL_Driver/Src/stm32f4xx_hal_flash.c.obj
LOAD CMakeFiles/Signals_Courses.elf.dir/Drivers/STM32F4xx_HAL_Driver/Src/stm32f4xx_hal_flash_ex.c.obj
LOAD CMakeFiles/Signals_Courses.elf.dir/Drivers/STM32F4xx_HAL_Driver/Src/stm32f4xx_hal_flash_ramfunc.c.obj
LOAD CMakeFiles/Signals_Courses.elf.dir/Drivers/STM32F4xx_HAL_Driver/Src/stm32f4xx_hal_gpio.c.obj
LOAD CMakeFiles/Signals_Courses.elf.dir/Drivers/STM32F4xx_HAL_Driver/Src/stm32f4xx_hal_pwr.c.obj
LOAD CMakeFiles/Signals_Courses.elf.dir/Drivers/STM32F4xx_HAL_Driver/Src/stm32f4xx_hal_pwr_ex.c.obj
LOAD CMakeFiles/Signals_Courses.elf.dir/Drivers/STM32F4xx_HAL_Driver/Src/stm32f4xx_hal_rcc.c.obj
LOAD CMakeFiles/Signals_Courses.elf.dir/Drivers/STM32F4xx_HAL_Driver/Src/stm32f4xx_hal_rcc_ex.c.obj
LOAD CMakeFiles/Signals_Courses.elf.dir/Drivers/STM32F4xx_HAL_Driver/Src/stm32f4xx_hal_sram.c.obj
LOAD CMakeFiles/Signals_Courses.elf.dir/Drivers/STM32F4xx_HAL_Driver/Src/stm32f4xx_hal_tim.c.obj
LOAD CMakeFiles/Signals_Courses.elf.dir/Drivers/STM32F4xx_HAL_Driver/Src/stm32f4xx_hal_tim_ex.c.obj
LOAD CMakeFiles/Signals_Courses.elf.dir/Drivers/STM32F4xx_HAL_Driver/Src/stm32f4xx_ll_adc.c.obj
LOAD CMakeFiles/Signals_Courses.elf.dir/Drivers/STM32F4xx_HAL_Driver/Src/stm32f4xx_ll_fsmc.c.obj
LOAD CMakeFiles/Signals_Courses.elf.dir/Drivers/atk_md0350/atk_md0350.c.obj
LOAD CMakeFiles/Signals_Courses.elf.dir/Drivers/atk_md0350/atk_md0350_fsmc.c.obj
LOAD C:\STM32_WorkSpace\Signals_Courses\Middlewares\ST\ARM\DSP\Lib\libarm_cortexM4lf_math.a
START GROUP
LOAD c:/progra~2/armgnu~1/125863~1.3re/bin/../lib/gcc/arm-none-eabi/12.3.1/thumb/v7e-m+fp/hard\libgcc.a
LOAD c:/progra~2/armgnu~1/125863~1.3re/bin/../lib/gcc/arm-none-eabi/12.3.1/thumb/v7e-m+fp/hard\libg.a
LOAD c:/progra~2/armgnu~1/125863~1.3re/bin/../lib/gcc/arm-none-eabi/12.3.1/thumb/v7e-m+fp/hard\libc.a
END GROUP
LOAD c:/progra~2/armgnu~1/125863~1.3re/bin/../lib/gcc/arm-none-eabi/12.3.1/thumb/v7e-m+fp/hard/crtend.o
LOAD c:/progra~2/armgnu~1/125863~1.3re/bin/../lib/gcc/arm-none-eabi/12.3.1/thumb/v7e-m+fp/hard/crtn.o
                0x20020000                        _estack = (ORIGIN (RAM) + LENGTH (RAM))
                0x00000200                        _Min_Heap_Size = 0x200
                0x00000400                        _Min_Stack_Size = 0x400

.isr_vector     0x08000000      0x188
                0x08000000                        . = ALIGN (0x4)
 *(.isr_vector)
 .isr_vector    0x08000000      0x188 CMakeFiles/Signals_Courses.elf.dir/Core/Startup/startup_stm32f407zgtx.s.obj
                0x08000000                g_pfnVectors
                0x08000188                        . = ALIGN (0x4)

.text           0x080001c0     0xd7c8
                0x080001c0                        . = ALIGN (0x4)
 *(.text)
 .text          0x080001c0      0x378 c:/progra~2/armgnu~1/125863~1.3re/bin/../lib/gcc/arm-none-eabi/12.3.1/thumb/v7e-m+fp/hard\libgcc.a(_arm_addsubdf3.o)
                0x080001c0                __aeabi_drsub
                0x080001c8                __aeabi_dsub
                0x080001c8                __subdf3
                0x080001cc                __aeabi_dadd
                0x080001cc                __adddf3
                0x08000444                __floatunsidf
                0x08000444                __aeabi_ui2d
                0x08000464                __floatsidf
                0x08000464                __aeabi_i2d
                0x08000488                __aeabi_f2d
                0x08000488                __extendsfdf2
                0x080004cc                __floatundidf
                0x080004cc                __aeabi_ul2d
                0x080004dc                __floatdidf
                0x080004dc                __aeabi_l2d
 .text          0x08000538       0x40 c:/progra~2/armgnu~1/125863~1.3re/bin/../lib/gcc/arm-none-eabi/12.3.1/thumb/v7e-m+fp/hard\libgcc.a(_arm_fixunsdfsi.o)
                0x08000538                __aeabi_d2uiz
                0x08000538                __fixunsdfsi
 .text          0x08000578       0x30 c:/progra~2/armgnu~1/125863~1.3re/bin/../lib/gcc/arm-none-eabi/12.3.1/thumb/v7e-m+fp/hard\libgcc.a(_aeabi_uldivmod.o)
                0x08000578                __aeabi_uldivmod
 .text          0x080005a8        0x4 c:/progra~2/armgnu~1/125863~1.3re/bin/../lib/gcc/arm-none-eabi/12.3.1/thumb/v7e-m+fp/hard\libgcc.a(_dvmd_tls.o)
                0x080005a8                __aeabi_idiv0
                0x080005a8                __aeabi_ldiv0
 *fill*         0x080005ac        0x4 
 .text          0x080005b0       0xa0 c:/progra~2/armgnu~1/125863~1.3re/bin/../lib/gcc/arm-none-eabi/12.3.1/thumb/v7e-m+fp/hard\libg.a(libc_a-memchr.o)
                0x080005b0                memchr
 *fill*         0x08000650       0x30 
 .text          0x08000680       0xd8 c:/progra~2/armgnu~1/125863~1.3re/bin/../lib/gcc/arm-none-eabi/12.3.1/thumb/v7e-m+fp/hard\libg.a(libc_a-strlen.o)
                0x08000680                strlen
 .text          0x08000758      0x134 c:/progra~2/armgnu~1/125863~1.3re/bin/../lib/gcc/arm-none-eabi/12.3.1/thumb/v7e-m+fp/hard\libg.a(libc_a-memcpy.o)
                0x08000758                memcpy
 .text          0x0800088c      0x424 c:/progra~2/armgnu~1/125863~1.3re/bin/../lib/gcc/arm-none-eabi/12.3.1/thumb/v7e-m+fp/hard\libgcc.a(_arm_muldivdf3.o)
                0x0800088c                __aeabi_dmul
                0x0800088c                __muldf3
                0x08000ae0                __divdf3
                0x08000ae0                __aeabi_ddiv
 .text          0x08000cb0      0x110 c:/progra~2/armgnu~1/125863~1.3re/bin/../lib/gcc/arm-none-eabi/12.3.1/thumb/v7e-m+fp/hard\libgcc.a(_arm_cmpdf2.o)
                0x08000cb0                __gtdf2
                0x08000cb0                __gedf2
                0x08000cb8                __ltdf2
                0x08000cb8                __ledf2
                0x08000cc0                __nedf2
                0x08000cc0                __eqdf2
                0x08000cc0                __cmpdf2
                0x08000d3c                __aeabi_cdrcmple
                0x08000d4c                __aeabi_cdcmpeq
                0x08000d4c                __aeabi_cdcmple
                0x08000d5c                __aeabi_dcmpeq
                0x08000d70                __aeabi_dcmplt
                0x08000d84                __aeabi_dcmple
                0x08000d98                __aeabi_dcmpge
                0x08000dac                __aeabi_dcmpgt
 .text          0x08000dc0       0x2c c:/progra~2/armgnu~1/125863~1.3re/bin/../lib/gcc/arm-none-eabi/12.3.1/thumb/v7e-m+fp/hard\libgcc.a(_arm_unorddf2.o)
                0x08000dc0                __unorddf2
                0x08000dc0                __aeabi_dcmpun
 .text          0x08000dec       0x50 c:/progra~2/armgnu~1/125863~1.3re/bin/../lib/gcc/arm-none-eabi/12.3.1/thumb/v7e-m+fp/hard\libgcc.a(_arm_fixdfsi.o)
                0x08000dec                __aeabi_d2iz
                0x08000dec                __fixdfsi
 *(.text*)
 .text.deregister_tm_clones
                0x08000e3c       0x1c c:/progra~2/armgnu~1/125863~1.3re/bin/../lib/gcc/arm-none-eabi/12.3.1/thumb/v7e-m+fp/hard/crtbegin.o
 .text.register_tm_clones
                0x08000e58       0x24 c:/progra~2/armgnu~1/125863~1.3re/bin/../lib/gcc/arm-none-eabi/12.3.1/thumb/v7e-m+fp/hard/crtbegin.o
 .text.__do_global_dtors_aux
                0x08000e7c       0x28 c:/progra~2/armgnu~1/125863~1.3re/bin/../lib/gcc/arm-none-eabi/12.3.1/thumb/v7e-m+fp/hard/crtbegin.o
 .text.frame_dummy
                0x08000ea4       0x24 c:/progra~2/armgnu~1/125863~1.3re/bin/../lib/gcc/arm-none-eabi/12.3.1/thumb/v7e-m+fp/hard/crtbegin.o
 .text.MX_ADC1_Init
                0x08000ec8       0x74 CMakeFiles/Signals_Courses.elf.dir/Core/Src/adc.c.obj
                0x08000ec8                MX_ADC1_Init
 .text.HAL_ADC_MspInit
                0x08000f3c       0xa8 CMakeFiles/Signals_Courses.elf.dir/Core/Src/adc.c.obj
                0x08000f3c                HAL_ADC_MspInit
 .text.MX_DAC_Init
                0x08000fe4       0x44 CMakeFiles/Signals_Courses.elf.dir/Core/Src/dac.c.obj
                0x08000fe4                MX_DAC_Init
 .text.HAL_DAC_MspInit
                0x08001028       0xc0 CMakeFiles/Signals_Courses.elf.dir/Core/Src/dac.c.obj
                0x08001028                HAL_DAC_MspInit
 .text.MX_DMA_Init
                0x080010e8       0x58 CMakeFiles/Signals_Courses.elf.dir/Core/Src/dma.c.obj
                0x080010e8                MX_DMA_Init
 .text.HAL_FSMC_MspInit
                0x08001140       0xb4 CMakeFiles/Signals_Courses.elf.dir/Core/Src/fsmc.c.obj
 .text.MX_FSMC_Init
                0x080011f4       0x70 CMakeFiles/Signals_Courses.elf.dir/Core/Src/fsmc.c.obj
                0x080011f4                MX_FSMC_Init
 .text.HAL_SRAM_MspInit
                0x08001264        0x8 CMakeFiles/Signals_Courses.elf.dir/Core/Src/fsmc.c.obj
                0x08001264                HAL_SRAM_MspInit
 .text.MX_GPIO_Init
                0x0800126c      0x124 CMakeFiles/Signals_Courses.elf.dir/Core/Src/gpio.c.obj
                0x0800126c                MX_GPIO_Init
 .text.signalSin
                0x08001390       0x94 CMakeFiles/Signals_Courses.elf.dir/Core/Src/main.c.obj
                0x08001390                signalSin
 .text.Process_FFT_and_Spectrum
                0x08001424      0x238 CMakeFiles/Signals_Courses.elf.dir/Core/Src/main.c.obj
                0x08001424                Process_FFT_and_Spectrum
 .text.Draw_On_TFT
                0x0800165c       0x84 CMakeFiles/Signals_Courses.elf.dir/Core/Src/main.c.obj
                0x0800165c                Draw_On_TFT
 .text.HAL_GPIO_EXTI_Callback
                0x080016e0       0x94 CMakeFiles/Signals_Courses.elf.dir/Core/Src/main.c.obj
                0x080016e0                HAL_GPIO_EXTI_Callback
 .text.HAL_ADC_ConvCpltCallback
                0x08001774       0x4c CMakeFiles/Signals_Courses.elf.dir/Core/Src/main.c.obj
                0x08001774                HAL_ADC_ConvCpltCallback
 .text.Error_Handler
                0x080017c0        0x4 CMakeFiles/Signals_Courses.elf.dir/Core/Src/main.c.obj
                0x080017c0                Error_Handler
 .text.SystemClock_Config
                0x080017c4       0xa4 CMakeFiles/Signals_Courses.elf.dir/Core/Src/main.c.obj
                0x080017c4                SystemClock_Config
 .text.main     0x08001868      0x168 CMakeFiles/Signals_Courses.elf.dir/Core/Src/main.c.obj
                0x08001868                main
 .text.HAL_MspInit
                0x080019d0       0x38 CMakeFiles/Signals_Courses.elf.dir/Core/Src/stm32f4xx_hal_msp.c.obj
                0x080019d0                HAL_MspInit
 .text.NMI_Handler
                0x08001a08        0x2 CMakeFiles/Signals_Courses.elf.dir/Core/Src/stm32f4xx_it.c.obj
                0x08001a08                NMI_Handler
 .text.HardFault_Handler
                0x08001a0a        0x2 CMakeFiles/Signals_Courses.elf.dir/Core/Src/stm32f4xx_it.c.obj
                0x08001a0a                HardFault_Handler
 .text.MemManage_Handler
                0x08001a0c        0x2 CMakeFiles/Signals_Courses.elf.dir/Core/Src/stm32f4xx_it.c.obj
                0x08001a0c                MemManage_Handler
 .text.BusFault_Handler
                0x08001a0e        0x2 CMakeFiles/Signals_Courses.elf.dir/Core/Src/stm32f4xx_it.c.obj
                0x08001a0e                BusFault_Handler
 .text.UsageFault_Handler
                0x08001a10        0x2 CMakeFiles/Signals_Courses.elf.dir/Core/Src/stm32f4xx_it.c.obj
                0x08001a10                UsageFault_Handler
 .text.SVC_Handler
                0x08001a12        0x2 CMakeFiles/Signals_Courses.elf.dir/Core/Src/stm32f4xx_it.c.obj
                0x08001a12                SVC_Handler
 .text.DebugMon_Handler
                0x08001a14        0x2 CMakeFiles/Signals_Courses.elf.dir/Core/Src/stm32f4xx_it.c.obj
                0x08001a14                DebugMon_Handler
 .text.PendSV_Handler
                0x08001a16        0x2 CMakeFiles/Signals_Courses.elf.dir/Core/Src/stm32f4xx_it.c.obj
                0x08001a16                PendSV_Handler
 .text.SysTick_Handler
                0x08001a18        0x8 CMakeFiles/Signals_Courses.elf.dir/Core/Src/stm32f4xx_it.c.obj
                0x08001a18                SysTick_Handler
 .text.EXTI2_IRQHandler
                0x08001a20        0xa CMakeFiles/Signals_Courses.elf.dir/Core/Src/stm32f4xx_it.c.obj
                0x08001a20                EXTI2_IRQHandler
 .text.EXTI4_IRQHandler
                0x08001a2a        0xa CMakeFiles/Signals_Courses.elf.dir/Core/Src/stm32f4xx_it.c.obj
                0x08001a2a                EXTI4_IRQHandler
 .text.DMA1_Stream5_IRQHandler
                0x08001a34       0x10 CMakeFiles/Signals_Courses.elf.dir/Core/Src/stm32f4xx_it.c.obj
                0x08001a34                DMA1_Stream5_IRQHandler
 .text.TIM6_DAC_IRQHandler
                0x08001a44       0x10 CMakeFiles/Signals_Courses.elf.dir/Core/Src/stm32f4xx_it.c.obj
                0x08001a44                TIM6_DAC_IRQHandler
 .text.DMA2_Stream0_IRQHandler
                0x08001a54       0x10 CMakeFiles/Signals_Courses.elf.dir/Core/Src/stm32f4xx_it.c.obj
                0x08001a54                DMA2_Stream0_IRQHandler
 .text._getpid  0x08001a64        0x4 CMakeFiles/Signals_Courses.elf.dir/Core/Src/syscalls.c.obj
                0x08001a64                _getpid
 .text._kill    0x08001a68       0x10 CMakeFiles/Signals_Courses.elf.dir/Core/Src/syscalls.c.obj
                0x08001a68                _kill
 .text._exit    0x08001a78        0xc CMakeFiles/Signals_Courses.elf.dir/Core/Src/syscalls.c.obj
                0x08001a78                _exit
 .text._read    0x08001a84       0x20 CMakeFiles/Signals_Courses.elf.dir/Core/Src/syscalls.c.obj
                0x08001a84                _read
 .text._write   0x08001aa4       0x1c CMakeFiles/Signals_Courses.elf.dir/Core/Src/syscalls.c.obj
                0x08001aa4                _write
 .text._close   0x08001ac0        0x6 CMakeFiles/Signals_Courses.elf.dir/Core/Src/syscalls.c.obj
                0x08001ac0                _close
 .text._fstat   0x08001ac6        0xa CMakeFiles/Signals_Courses.elf.dir/Core/Src/syscalls.c.obj
                0x08001ac6                _fstat
 .text._isatty  0x08001ad0        0x4 CMakeFiles/Signals_Courses.elf.dir/Core/Src/syscalls.c.obj
                0x08001ad0                _isatty
 .text._lseek   0x08001ad4        0x4 CMakeFiles/Signals_Courses.elf.dir/Core/Src/syscalls.c.obj
                0x08001ad4                _lseek
 .text._sbrk    0x08001ad8       0x48 CMakeFiles/Signals_Courses.elf.dir/Core/Src/sysmem.c.obj
                0x08001ad8                _sbrk
 .text.SystemInit
                0x08001b20       0x14 CMakeFiles/Signals_Courses.elf.dir/Core/Src/system_stm32f4xx.c.obj
                0x08001b20                SystemInit
 .text.MX_TIM3_Init
                0x08001b34       0x74 CMakeFiles/Signals_Courses.elf.dir/Core/Src/tim.c.obj
                0x08001b34                MX_TIM3_Init
 .text.MX_TIM7_Init
                0x08001ba8       0x54 CMakeFiles/Signals_Courses.elf.dir/Core/Src/tim.c.obj
                0x08001ba8                MX_TIM7_Init
 .text.HAL_TIM_Base_MspInit
                0x08001bfc       0x54 CMakeFiles/Signals_Courses.elf.dir/Core/Src/tim.c.obj
                0x08001bfc                HAL_TIM_Base_MspInit
 .text.Reset_Handler
                0x08001c50       0x50 CMakeFiles/Signals_Courses.elf.dir/Core/Startup/startup_stm32f407zgtx.s.obj
                0x08001c50                Reset_Handler
 .text.Default_Handler
                0x08001ca0        0x2 CMakeFiles/Signals_Courses.elf.dir/Core/Startup/startup_stm32f407zgtx.s.obj
                0x08001ca0                RTC_Alarm_IRQHandler
                0x08001ca0                HASH_RNG_IRQHandler
                0x08001ca0                TIM8_CC_IRQHandler
                0x08001ca0                TIM1_CC_IRQHandler
                0x08001ca0                DMA2_Stream5_IRQHandler
                0x08001ca0                PVD_IRQHandler
                0x08001ca0                SDIO_IRQHandler
                0x08001ca0                TAMP_STAMP_IRQHandler
                0x08001ca0                CAN2_RX1_IRQHandler
                0x08001ca0                EXTI3_IRQHandler
                0x08001ca0                TIM8_TRG_COM_TIM14_IRQHandler
                0x08001ca0                TIM1_UP_TIM10_IRQHandler
                0x08001ca0                TIM8_UP_TIM13_IRQHandler
                0x08001ca0                I2C3_ER_IRQHandler
                0x08001ca0                EXTI0_IRQHandler
                0x08001ca0                I2C2_EV_IRQHandler
                0x08001ca0                DMA1_Stream2_IRQHandler
                0x08001ca0                CAN1_RX0_IRQHandler
                0x08001ca0                FPU_IRQHandler
                0x08001ca0                OTG_HS_WKUP_IRQHandler
                0x08001ca0                CAN2_SCE_IRQHandler
                0x08001ca0                DMA2_Stream2_IRQHandler
                0x08001ca0                SPI1_IRQHandler
                0x08001ca0                TIM1_BRK_TIM9_IRQHandler
                0x08001ca0                DCMI_IRQHandler
                0x08001ca0                CAN2_RX0_IRQHandler
                0x08001ca0                DMA2_Stream3_IRQHandler
                0x08001ca0                USART6_IRQHandler
                0x08001ca0                USART3_IRQHandler
                0x08001ca0                CAN1_RX1_IRQHandler
                0x08001ca0                UART5_IRQHandler
                0x08001ca0                TIM4_IRQHandler
                0x08001ca0                I2C1_EV_IRQHandler
                0x08001ca0                DMA1_Stream6_IRQHandler
                0x08001ca0                DMA1_Stream1_IRQHandler
                0x08001ca0                UART4_IRQHandler
                0x08001ca0                TIM3_IRQHandler
                0x08001ca0                RCC_IRQHandler
                0x08001ca0                TIM8_BRK_TIM12_IRQHandler
                0x08001ca0                Default_Handler
                0x08001ca0                EXTI15_10_IRQHandler
                0x08001ca0                ADC_IRQHandler
                0x08001ca0                DMA1_Stream7_IRQHandler
                0x08001ca0                TIM7_IRQHandler
                0x08001ca0                CAN2_TX_IRQHandler
                0x08001ca0                TIM5_IRQHandler
                0x08001ca0                DMA2_Stream7_IRQHandler
                0x08001ca0                I2C3_EV_IRQHandler
                0x08001ca0                EXTI9_5_IRQHandler
                0x08001ca0                RTC_WKUP_IRQHandler
                0x08001ca0                ETH_WKUP_IRQHandler
                0x08001ca0                SPI2_IRQHandler
                0x08001ca0                OTG_HS_EP1_IN_IRQHandler
                0x08001ca0                DMA1_Stream0_IRQHandler
                0x08001ca0                CAN1_TX_IRQHandler
                0x08001ca0                FSMC_IRQHandler
                0x08001ca0                ETH_IRQHandler
                0x08001ca0                OTG_HS_EP1_OUT_IRQHandler
                0x08001ca0                WWDG_IRQHandler
                0x08001ca0                TIM2_IRQHandler
                0x08001ca0                OTG_FS_WKUP_IRQHandler
                0x08001ca0                TIM1_TRG_COM_TIM11_IRQHandler
                0x08001ca0                OTG_HS_IRQHandler
                0x08001ca0                EXTI1_IRQHandler
                0x08001ca0                USART2_IRQHandler
                0x08001ca0                I2C2_ER_IRQHandler
                0x08001ca0                DMA2_Stream1_IRQHandler
                0x08001ca0                CAN1_SCE_IRQHandler
                0x08001ca0                FLASH_IRQHandler
                0x08001ca0                DMA2_Stream4_IRQHandler
                0x08001ca0                USART1_IRQHandler
                0x08001ca0                OTG_FS_IRQHandler
                0x08001ca0                SPI3_IRQHandler
                0x08001ca0                DMA1_Stream4_IRQHandler
                0x08001ca0                I2C1_ER_IRQHandler
                0x08001ca0                DMA2_Stream6_IRQHandler
                0x08001ca0                DMA1_Stream3_IRQHandler
 *fill*         0x08001ca2        0x2 
 .text.HAL_InitTick
                0x08001ca4       0x4c CMakeFiles/Signals_Courses.elf.dir/Drivers/STM32F4xx_HAL_Driver/Src/stm32f4xx_hal.c.obj
                0x08001ca4                HAL_InitTick
 .text.HAL_Init
                0x08001cf0       0x34 CMakeFiles/Signals_Courses.elf.dir/Drivers/STM32F4xx_HAL_Driver/Src/stm32f4xx_hal.c.obj
                0x08001cf0                HAL_Init
 .text.HAL_IncTick
                0x08001d24       0x18 CMakeFiles/Signals_Courses.elf.dir/Drivers/STM32F4xx_HAL_Driver/Src/stm32f4xx_hal.c.obj
                0x08001d24                HAL_IncTick
 .text.HAL_GetTick
                0x08001d3c        0xc CMakeFiles/Signals_Courses.elf.dir/Drivers/STM32F4xx_HAL_Driver/Src/stm32f4xx_hal.c.obj
                0x08001d3c                HAL_GetTick
 .text.HAL_Delay
                0x08001d48       0x28 CMakeFiles/Signals_Courses.elf.dir/Drivers/STM32F4xx_HAL_Driver/Src/stm32f4xx_hal.c.obj
                0x08001d48                HAL_Delay
 .text.ADC_Init
                0x08001d70      0x134 CMakeFiles/Signals_Courses.elf.dir/Drivers/STM32F4xx_HAL_Driver/Src/stm32f4xx_hal_adc.c.obj
 .text.HAL_ADC_Init
                0x08001ea4       0x56 CMakeFiles/Signals_Courses.elf.dir/Drivers/STM32F4xx_HAL_Driver/Src/stm32f4xx_hal_adc.c.obj
                0x08001ea4                HAL_ADC_Init
 *fill*         0x08001efa        0x2 
 .text.HAL_ADC_Start_DMA
                0x08001efc      0x19c CMakeFiles/Signals_Courses.elf.dir/Drivers/STM32F4xx_HAL_Driver/Src/stm32f4xx_hal_adc.c.obj
                0x08001efc                HAL_ADC_Start_DMA
 .text.HAL_ADC_Stop_DMA
                0x08002098       0x78 CMakeFiles/Signals_Courses.elf.dir/Drivers/STM32F4xx_HAL_Driver/Src/stm32f4xx_hal_adc.c.obj
                0x08002098                HAL_ADC_Stop_DMA
 .text.HAL_ADC_ConvHalfCpltCallback
                0x08002110        0x2 CMakeFiles/Signals_Courses.elf.dir/Drivers/STM32F4xx_HAL_Driver/Src/stm32f4xx_hal_adc.c.obj
                0x08002110                HAL_ADC_ConvHalfCpltCallback
 .text.ADC_DMAHalfConvCplt
                0x08002112        0xa CMakeFiles/Signals_Courses.elf.dir/Drivers/STM32F4xx_HAL_Driver/Src/stm32f4xx_hal_adc.c.obj
 .text.HAL_ADC_ErrorCallback
                0x0800211c        0x2 CMakeFiles/Signals_Courses.elf.dir/Drivers/STM32F4xx_HAL_Driver/Src/stm32f4xx_hal_adc.c.obj
                0x0800211c                HAL_ADC_ErrorCallback
 .text.ADC_DMAError
                0x0800211e       0x16 CMakeFiles/Signals_Courses.elf.dir/Drivers/STM32F4xx_HAL_Driver/Src/stm32f4xx_hal_adc.c.obj
 .text.ADC_DMAConvCplt
                0x08002134       0x72 CMakeFiles/Signals_Courses.elf.dir/Drivers/STM32F4xx_HAL_Driver/Src/stm32f4xx_hal_adc.c.obj
 *fill*         0x080021a6        0x2 
 .text.HAL_ADC_ConfigChannel
                0x080021a8      0x194 CMakeFiles/Signals_Courses.elf.dir/Drivers/STM32F4xx_HAL_Driver/Src/stm32f4xx_hal_adc.c.obj
                0x080021a8                HAL_ADC_ConfigChannel
 .text.__NVIC_EnableIRQ
                0x0800233c       0x1c CMakeFiles/Signals_Courses.elf.dir/Drivers/STM32F4xx_HAL_Driver/Src/stm32f4xx_hal_cortex.c.obj
 .text.__NVIC_SetPriority
                0x08002358       0x28 CMakeFiles/Signals_Courses.elf.dir/Drivers/STM32F4xx_HAL_Driver/Src/stm32f4xx_hal_cortex.c.obj
 .text.NVIC_EncodePriority
                0x08002380       0x3e CMakeFiles/Signals_Courses.elf.dir/Drivers/STM32F4xx_HAL_Driver/Src/stm32f4xx_hal_cortex.c.obj
 *fill*         0x080023be        0x2 
 .text.HAL_NVIC_SetPriorityGrouping
                0x080023c0       0x24 CMakeFiles/Signals_Courses.elf.dir/Drivers/STM32F4xx_HAL_Driver/Src/stm32f4xx_hal_cortex.c.obj
                0x080023c0                HAL_NVIC_SetPriorityGrouping
 .text.HAL_NVIC_SetPriority
                0x080023e4       0x20 CMakeFiles/Signals_Courses.elf.dir/Drivers/STM32F4xx_HAL_Driver/Src/stm32f4xx_hal_cortex.c.obj
                0x080023e4                HAL_NVIC_SetPriority
 .text.HAL_NVIC_EnableIRQ
                0x08002404        0x8 CMakeFiles/Signals_Courses.elf.dir/Drivers/STM32F4xx_HAL_Driver/Src/stm32f4xx_hal_cortex.c.obj
                0x08002404                HAL_NVIC_EnableIRQ
 .text.HAL_SYSTICK_Config
                0x0800240c       0x28 CMakeFiles/Signals_Courses.elf.dir/Drivers/STM32F4xx_HAL_Driver/Src/stm32f4xx_hal_cortex.c.obj
                0x0800240c                HAL_SYSTICK_Config
 .text.HAL_DAC_Init
                0x08002434       0x24 CMakeFiles/Signals_Courses.elf.dir/Drivers/STM32F4xx_HAL_Driver/Src/stm32f4xx_hal_dac.c.obj
                0x08002434                HAL_DAC_Init
 .text.HAL_DAC_Start_DMA
                0x08002458       0xf0 CMakeFiles/Signals_Courses.elf.dir/Drivers/STM32F4xx_HAL_Driver/Src/stm32f4xx_hal_dac.c.obj
                0x08002458                HAL_DAC_Start_DMA
 .text.HAL_DAC_ConvCpltCallbackCh1
                0x08002548        0x2 CMakeFiles/Signals_Courses.elf.dir/Drivers/STM32F4xx_HAL_Driver/Src/stm32f4xx_hal_dac.c.obj
                0x08002548                HAL_DAC_ConvCpltCallbackCh1
 .text.DAC_DMAConvCpltCh1
                0x0800254a       0x10 CMakeFiles/Signals_Courses.elf.dir/Drivers/STM32F4xx_HAL_Driver/Src/stm32f4xx_hal_dac.c.obj
                0x0800254a                DAC_DMAConvCpltCh1
 .text.HAL_DAC_ConvHalfCpltCallbackCh1
                0x0800255a        0x2 CMakeFiles/Signals_Courses.elf.dir/Drivers/STM32F4xx_HAL_Driver/Src/stm32f4xx_hal_dac.c.obj
                0x0800255a                HAL_DAC_ConvHalfCpltCallbackCh1
 .text.DAC_DMAHalfConvCpltCh1
                0x0800255c        0xa CMakeFiles/Signals_Courses.elf.dir/Drivers/STM32F4xx_HAL_Driver/Src/stm32f4xx_hal_dac.c.obj
                0x0800255c                DAC_DMAHalfConvCpltCh1
 .text.HAL_DAC_ErrorCallbackCh1
                0x08002566        0x2 CMakeFiles/Signals_Courses.elf.dir/Drivers/STM32F4xx_HAL_Driver/Src/stm32f4xx_hal_dac.c.obj
                0x08002566                HAL_DAC_ErrorCallbackCh1
 .text.DAC_DMAErrorCh1
                0x08002568       0x18 CMakeFiles/Signals_Courses.elf.dir/Drivers/STM32F4xx_HAL_Driver/Src/stm32f4xx_hal_dac.c.obj
                0x08002568                DAC_DMAErrorCh1
 .text.HAL_DAC_DMAUnderrunCallbackCh1
                0x08002580        0x2 CMakeFiles/Signals_Courses.elf.dir/Drivers/STM32F4xx_HAL_Driver/Src/stm32f4xx_hal_dac.c.obj
                0x08002580                HAL_DAC_DMAUnderrunCallbackCh1
 .text.HAL_DAC_IRQHandler
                0x08002582       0x6c CMakeFiles/Signals_Courses.elf.dir/Drivers/STM32F4xx_HAL_Driver/Src/stm32f4xx_hal_dac.c.obj
                0x08002582                HAL_DAC_IRQHandler
 .text.HAL_DAC_ConfigChannel
                0x080025ee       0x62 CMakeFiles/Signals_Courses.elf.dir/Drivers/STM32F4xx_HAL_Driver/Src/stm32f4xx_hal_dac.c.obj
                0x080025ee                HAL_DAC_ConfigChannel
 .text.HAL_DACEx_ConvCpltCallbackCh2
                0x08002650        0x2 CMakeFiles/Signals_Courses.elf.dir/Drivers/STM32F4xx_HAL_Driver/Src/stm32f4xx_hal_dac_ex.c.obj
                0x08002650                HAL_DACEx_ConvCpltCallbackCh2
 .text.HAL_DACEx_ConvHalfCpltCallbackCh2
                0x08002652        0x2 CMakeFiles/Signals_Courses.elf.dir/Drivers/STM32F4xx_HAL_Driver/Src/stm32f4xx_hal_dac_ex.c.obj
                0x08002652                HAL_DACEx_ConvHalfCpltCallbackCh2
 .text.HAL_DACEx_ErrorCallbackCh2
                0x08002654        0x2 CMakeFiles/Signals_Courses.elf.dir/Drivers/STM32F4xx_HAL_Driver/Src/stm32f4xx_hal_dac_ex.c.obj
                0x08002654                HAL_DACEx_ErrorCallbackCh2
 .text.HAL_DACEx_DMAUnderrunCallbackCh2
                0x08002656        0x2 CMakeFiles/Signals_Courses.elf.dir/Drivers/STM32F4xx_HAL_Driver/Src/stm32f4xx_hal_dac_ex.c.obj
                0x08002656                HAL_DACEx_DMAUnderrunCallbackCh2
 .text.DAC_DMAConvCpltCh2
                0x08002658       0x10 CMakeFiles/Signals_Courses.elf.dir/Drivers/STM32F4xx_HAL_Driver/Src/stm32f4xx_hal_dac_ex.c.obj
                0x08002658                DAC_DMAConvCpltCh2
 .text.DAC_DMAHalfConvCpltCh2
                0x08002668        0xa CMakeFiles/Signals_Courses.elf.dir/Drivers/STM32F4xx_HAL_Driver/Src/stm32f4xx_hal_dac_ex.c.obj
                0x08002668                DAC_DMAHalfConvCpltCh2
 .text.DAC_DMAErrorCh2
                0x08002672       0x18 CMakeFiles/Signals_Courses.elf.dir/Drivers/STM32F4xx_HAL_Driver/Src/stm32f4xx_hal_dac_ex.c.obj
                0x08002672                DAC_DMAErrorCh2
 .text.DMA_SetConfig
                0x0800268a       0x2c CMakeFiles/Signals_Courses.elf.dir/Drivers/STM32F4xx_HAL_Driver/Src/stm32f4xx_hal_dma.c.obj
 *fill*         0x080026b6        0x2 
 .text.DMA_CalcBaseAndBitshift
                0x080026b8       0x44 CMakeFiles/Signals_Courses.elf.dir/Drivers/STM32F4xx_HAL_Driver/Src/stm32f4xx_hal_dma.c.obj
 .text.DMA_CheckFifoParam
                0x080026fc       0x8e CMakeFiles/Signals_Courses.elf.dir/Drivers/STM32F4xx_HAL_Driver/Src/stm32f4xx_hal_dma.c.obj
 *fill*         0x0800278a        0x2 
 .text.HAL_DMA_Init
                0x0800278c       0xcc CMakeFiles/Signals_Courses.elf.dir/Drivers/STM32F4xx_HAL_Driver/Src/stm32f4xx_hal_dma.c.obj
                0x0800278c                HAL_DMA_Init
 .text.HAL_DMA_Start_IT
                0x08002858       0x6a CMakeFiles/Signals_Courses.elf.dir/Drivers/STM32F4xx_HAL_Driver/Src/stm32f4xx_hal_dma.c.obj
                0x08002858                HAL_DMA_Start_IT
 .text.HAL_DMA_Abort
                0x080028c2       0x94 CMakeFiles/Signals_Courses.elf.dir/Drivers/STM32F4xx_HAL_Driver/Src/stm32f4xx_hal_dma.c.obj
                0x080028c2                HAL_DMA_Abort
 *fill*         0x08002956        0x2 
 .text.HAL_DMA_IRQHandler
                0x08002958      0x1dc CMakeFiles/Signals_Courses.elf.dir/Drivers/STM32F4xx_HAL_Driver/Src/stm32f4xx_hal_dma.c.obj
                0x08002958                HAL_DMA_IRQHandler
 .text.HAL_GPIO_Init
                0x08002b34      0x1ec CMakeFiles/Signals_Courses.elf.dir/Drivers/STM32F4xx_HAL_Driver/Src/stm32f4xx_hal_gpio.c.obj
                0x08002b34                HAL_GPIO_Init
 .text.HAL_GPIO_WritePin
                0x08002d20        0xc CMakeFiles/Signals_Courses.elf.dir/Drivers/STM32F4xx_HAL_Driver/Src/stm32f4xx_hal_gpio.c.obj
                0x08002d20                HAL_GPIO_WritePin
 .text.HAL_GPIO_EXTI_IRQHandler
                0x08002d2c       0x1c CMakeFiles/Signals_Courses.elf.dir/Drivers/STM32F4xx_HAL_Driver/Src/stm32f4xx_hal_gpio.c.obj
                0x08002d2c                HAL_GPIO_EXTI_IRQHandler
 .text.HAL_RCC_OscConfig
                0x08002d48      0x3f8 CMakeFiles/Signals_Courses.elf.dir/Drivers/STM32F4xx_HAL_Driver/Src/stm32f4xx_hal_rcc.c.obj
                0x08002d48                HAL_RCC_OscConfig
 .text.HAL_RCC_GetSysClockFreq
                0x08003140       0xa8 CMakeFiles/Signals_Courses.elf.dir/Drivers/STM32F4xx_HAL_Driver/Src/stm32f4xx_hal_rcc.c.obj
                0x08003140                HAL_RCC_GetSysClockFreq
 .text.HAL_RCC_ClockConfig
                0x080031e8      0x160 CMakeFiles/Signals_Courses.elf.dir/Drivers/STM32F4xx_HAL_Driver/Src/stm32f4xx_hal_rcc.c.obj
                0x080031e8                HAL_RCC_ClockConfig
 .text.HAL_SRAM_Init
                0x08003348       0x58 CMakeFiles/Signals_Courses.elf.dir/Drivers/STM32F4xx_HAL_Driver/Src/stm32f4xx_hal_sram.c.obj
                0x08003348                HAL_SRAM_Init
 .text.TIM_TI1_ConfigInputStage
                0x080033a0       0x26 CMakeFiles/Signals_Courses.elf.dir/Drivers/STM32F4xx_HAL_Driver/Src/stm32f4xx_hal_tim.c.obj
 .text.TIM_TI2_ConfigInputStage
                0x080033c6       0x28 CMakeFiles/Signals_Courses.elf.dir/Drivers/STM32F4xx_HAL_Driver/Src/stm32f4xx_hal_tim.c.obj
 .text.TIM_ITRx_SetConfig
                0x080033ee       0x10 CMakeFiles/Signals_Courses.elf.dir/Drivers/STM32F4xx_HAL_Driver/Src/stm32f4xx_hal_tim.c.obj
 *fill*         0x080033fe        0x2 
 .text.HAL_TIM_Base_Start
                0x08003400       0x7c CMakeFiles/Signals_Courses.elf.dir/Drivers/STM32F4xx_HAL_Driver/Src/stm32f4xx_hal_tim.c.obj
                0x08003400                HAL_TIM_Base_Start
 .text.HAL_TIM_Base_Stop
                0x0800347c       0x28 CMakeFiles/Signals_Courses.elf.dir/Drivers/STM32F4xx_HAL_Driver/Src/stm32f4xx_hal_tim.c.obj
                0x0800347c                HAL_TIM_Base_Stop
 .text.TIM_Base_SetConfig
                0x080034a4       0xd8 CMakeFiles/Signals_Courses.elf.dir/Drivers/STM32F4xx_HAL_Driver/Src/stm32f4xx_hal_tim.c.obj
                0x080034a4                TIM_Base_SetConfig
 .text.HAL_TIM_Base_Init
                0x0800357c       0x58 CMakeFiles/Signals_Courses.elf.dir/Drivers/STM32F4xx_HAL_Driver/Src/stm32f4xx_hal_tim.c.obj
                0x0800357c                HAL_TIM_Base_Init
 .text.TIM_ETR_SetConfig
                0x080035d4       0x1a CMakeFiles/Signals_Courses.elf.dir/Drivers/STM32F4xx_HAL_Driver/Src/stm32f4xx_hal_tim.c.obj
                0x080035d4                TIM_ETR_SetConfig
 .text.HAL_TIM_ConfigClockSource
                0x080035ee       0xfe CMakeFiles/Signals_Courses.elf.dir/Drivers/STM32F4xx_HAL_Driver/Src/stm32f4xx_hal_tim.c.obj
                0x080035ee                HAL_TIM_ConfigClockSource
 .text.HAL_TIMEx_MasterConfigSynchronization
                0x080036ec       0x8c CMakeFiles/Signals_Courses.elf.dir/Drivers/STM32F4xx_HAL_Driver/Src/stm32f4xx_hal_tim_ex.c.obj
                0x080036ec                HAL_TIMEx_MasterConfigSynchronization
 .text.FSMC_NORSRAM_Init
                0x08003778       0x6c CMakeFiles/Signals_Courses.elf.dir/Drivers/STM32F4xx_HAL_Driver/Src/stm32f4xx_ll_fsmc.c.obj
                0x08003778                FSMC_NORSRAM_Init
 .text.FSMC_NORSRAM_Timing_Init
                0x080037e4       0x44 CMakeFiles/Signals_Courses.elf.dir/Drivers/STM32F4xx_HAL_Driver/Src/stm32f4xx_ll_fsmc.c.obj
                0x080037e4                FSMC_NORSRAM_Timing_Init
 .text.FSMC_NORSRAM_Extended_Timing_Init
                0x08003828       0x44 CMakeFiles/Signals_Courses.elf.dir/Drivers/STM32F4xx_HAL_Driver/Src/stm32f4xx_ll_fsmc.c.obj
                0x08003828                FSMC_NORSRAM_Extended_Timing_Init
 .text.atk_md0350_get_chip_id
                0x0800386c       0x52 CMakeFiles/Signals_Courses.elf.dir/Drivers/atk_md0350/atk_md0350.c.obj
 .text.atk_md0350_set_column_address
                0x080038be       0x24 CMakeFiles/Signals_Courses.elf.dir/Drivers/atk_md0350/atk_md0350.c.obj
 .text.atk_md0350_set_page_address
                0x080038e2       0x24 CMakeFiles/Signals_Courses.elf.dir/Drivers/atk_md0350/atk_md0350.c.obj
 .text.atk_md0350_start_write_memory
                0x08003906        0xc CMakeFiles/Signals_Courses.elf.dir/Drivers/atk_md0350/atk_md0350.c.obj
 *fill*         0x08003912        0x2 
 .text.atk_md0350_hw_init
                0x08003914       0x58 CMakeFiles/Signals_Courses.elf.dir/Drivers/atk_md0350/atk_md0350.c.obj
 .text.atk_md0350_reg_init
                0x0800396c      0xde0 CMakeFiles/Signals_Courses.elf.dir/Drivers/atk_md0350/atk_md0350.c.obj
 .text.atk_md0350_backlight_on
                0x0800474c       0x14 CMakeFiles/Signals_Courses.elf.dir/Drivers/atk_md0350/atk_md0350.c.obj
                0x0800474c                atk_md0350_backlight_on
 .text.atk_md0350_display_on
                0x08004760        0xc CMakeFiles/Signals_Courses.elf.dir/Drivers/atk_md0350/atk_md0350.c.obj
                0x08004760                atk_md0350_display_on
 .text.atk_md0350_set_scan_dir
                0x0800476c      0x148 CMakeFiles/Signals_Courses.elf.dir/Drivers/atk_md0350/atk_md0350.c.obj
                0x0800476c                atk_md0350_set_scan_dir
 .text.atk_md0350_set_disp_dir
                0x080048b4       0x64 CMakeFiles/Signals_Courses.elf.dir/Drivers/atk_md0350/atk_md0350.c.obj
                0x080048b4                atk_md0350_set_disp_dir
 .text.atk_md0350_fill
                0x08004918       0x48 CMakeFiles/Signals_Courses.elf.dir/Drivers/atk_md0350/atk_md0350.c.obj
                0x08004918                atk_md0350_fill
 .text.atk_md0350_clear
                0x08004960       0x1c CMakeFiles/Signals_Courses.elf.dir/Drivers/atk_md0350/atk_md0350.c.obj
                0x08004960                atk_md0350_clear
 .text.atk_md0350_init
                0x0800497c       0x54 CMakeFiles/Signals_Courses.elf.dir/Drivers/atk_md0350/atk_md0350.c.obj
                0x0800497c                atk_md0350_init
 .text.atk_md0350_draw_point
                0x080049d0       0x22 CMakeFiles/Signals_Courses.elf.dir/Drivers/atk_md0350/atk_md0350.c.obj
                0x080049d0                atk_md0350_draw_point
 .text.atk_md0350_draw_line
                0x080049f2       0xa6 CMakeFiles/Signals_Courses.elf.dir/Drivers/atk_md0350/atk_md0350.c.obj
                0x080049f2                atk_md0350_draw_line
 .text.atk_md0350_show_char
                0x08004a98       0xec CMakeFiles/Signals_Courses.elf.dir/Drivers/atk_md0350/atk_md0350.c.obj
                0x08004a98                atk_md0350_show_char
 .text.atk_md0350_show_string
                0x08004b84       0xc2 CMakeFiles/Signals_Courses.elf.dir/Drivers/atk_md0350/atk_md0350.c.obj
                0x08004b84                atk_md0350_show_string
 *fill*         0x08004c46        0x2 
 .text.atk_md0350_fsmc_init
                0x08004c48      0x3d0 CMakeFiles/Signals_Courses.elf.dir/Drivers/atk_md0350/atk_md0350_fsmc.c.obj
                0x08004c48                atk_md0350_fsmc_init
 .text.arm_cfft_radix8by2_f32
                0x08005018      0x1a4 C:\STM32_WorkSpace\Signals_Courses\Middlewares\ST\ARM\DSP\Lib\libarm_cortexM4lf_math.a(arm_cfft_f32.o)
                0x08005018                arm_cfft_radix8by2_f32
 .text.arm_cfft_radix8by4_f32
                0x080051bc      0x4ac C:\STM32_WorkSpace\Signals_Courses\Middlewares\ST\ARM\DSP\Lib\libarm_cortexM4lf_math.a(arm_cfft_f32.o)
                0x080051bc                arm_cfft_radix8by4_f32
 .text.arm_cfft_f32
                0x08005668       0xf0 C:\STM32_WorkSpace\Signals_Courses\Middlewares\ST\ARM\DSP\Lib\libarm_cortexM4lf_math.a(arm_cfft_f32.o)
                0x08005668                arm_cfft_f32
 .text.arm_bitreversal_32
                0x08005758       0x40 C:\STM32_WorkSpace\Signals_Courses\Middlewares\ST\ARM\DSP\Lib\libarm_cortexM4lf_math.a(arm_bitreversal2.o)
                0x08005758                arm_bitreversal_32
 .text.arm_cmplx_mag_f32
                0x08005798      0x248 C:\STM32_WorkSpace\Signals_Courses\Middlewares\ST\ARM\DSP\Lib\libarm_cortexM4lf_math.a(arm_cmplx_mag_f32.o)
                0x08005798                arm_cmplx_mag_f32
 .text.arm_radix8_butterfly_f32
                0x080059e0      0x598 C:\STM32_WorkSpace\Signals_Courses\Middlewares\ST\ARM\DSP\Lib\libarm_cortexM4lf_math.a(arm_cfft_radix8_f32.o)
                0x080059e0                arm_radix8_butterfly_f32
 .text.__udivmoddi4
                0x08005f78      0x2bc c:/progra~2/armgnu~1/125863~1.3re/bin/../lib/gcc/arm-none-eabi/12.3.1/thumb/v7e-m+fp/hard\libgcc.a(_udivmoddi4.o)
                0x08005f78                __udivmoddi4
 .text.stdio_exit_handler
                0x08006234       0x18 c:/progra~2/armgnu~1/125863~1.3re/bin/../lib/gcc/arm-none-eabi/12.3.1/thumb/v7e-m+fp/hard\libg.a(libc_a-findfp.o)
 .text.cleanup_stdio
                0x0800624c       0x40 c:/progra~2/armgnu~1/125863~1.3re/bin/../lib/gcc/arm-none-eabi/12.3.1/thumb/v7e-m+fp/hard\libg.a(libc_a-findfp.o)
 .text.global_stdio_init.part.0
                0x0800628c       0xf0 c:/progra~2/armgnu~1/125863~1.3re/bin/../lib/gcc/arm-none-eabi/12.3.1/thumb/v7e-m+fp/hard\libg.a(libc_a-findfp.o)
 .text.__sinit  0x0800637c       0x3c c:/progra~2/armgnu~1/125863~1.3re/bin/../lib/gcc/arm-none-eabi/12.3.1/thumb/v7e-m+fp/hard\libg.a(libc_a-findfp.o)
                0x0800637c                __sinit
 .text.__sfp_lock_acquire
                0x080063b8        0xc c:/progra~2/armgnu~1/125863~1.3re/bin/../lib/gcc/arm-none-eabi/12.3.1/thumb/v7e-m+fp/hard\libg.a(libc_a-findfp.o)
                0x080063b8                __sfp_lock_acquire
 .text.__sfp_lock_release
                0x080063c4        0xc c:/progra~2/armgnu~1/125863~1.3re/bin/../lib/gcc/arm-none-eabi/12.3.1/thumb/v7e-m+fp/hard\libg.a(libc_a-findfp.o)
                0x080063c4                __sfp_lock_release
 .text._fwalk_sglue
                0x080063d0       0x48 c:/progra~2/armgnu~1/125863~1.3re/bin/../lib/gcc/arm-none-eabi/12.3.1/thumb/v7e-m+fp/hard\libg.a(libc_a-fwalk.o)
                0x080063d0                _fwalk_sglue
 .text.snprintf
                0x08006418       0x88 c:/progra~2/armgnu~1/125863~1.3re/bin/../lib/gcc/arm-none-eabi/12.3.1/thumb/v7e-m+fp/hard\libg.a(libc_a-snprintf.o)
                0x08006418                snprintf
 .text.__sread  0x080064a0       0x24 c:/progra~2/armgnu~1/125863~1.3re/bin/../lib/gcc/arm-none-eabi/12.3.1/thumb/v7e-m+fp/hard\libg.a(libc_a-stdio.o)
                0x080064a0                __sread
 .text.__swrite
                0x080064c4       0x40 c:/progra~2/armgnu~1/125863~1.3re/bin/../lib/gcc/arm-none-eabi/12.3.1/thumb/v7e-m+fp/hard\libg.a(libc_a-stdio.o)
                0x080064c4                __swrite
 .text.__sseek  0x08006504       0x24 c:/progra~2/armgnu~1/125863~1.3re/bin/../lib/gcc/arm-none-eabi/12.3.1/thumb/v7e-m+fp/hard\libg.a(libc_a-stdio.o)
                0x08006504                __sseek
 .text.__sclose
                0x08006528        0x8 c:/progra~2/armgnu~1/125863~1.3re/bin/../lib/gcc/arm-none-eabi/12.3.1/thumb/v7e-m+fp/hard\libg.a(libc_a-stdio.o)
                0x08006528                __sclose
 .text.memset   0x08006530       0xa4 c:/progra~2/armgnu~1/125863~1.3re/bin/../lib/gcc/arm-none-eabi/12.3.1/thumb/v7e-m+fp/hard\libg.a(libc_a-memset.o)
                0x08006530                memset
 .text._close_r
                0x080065d4       0x24 c:/progra~2/armgnu~1/125863~1.3re/bin/../lib/gcc/arm-none-eabi/12.3.1/thumb/v7e-m+fp/hard\libg.a(libc_a-closer.o)
                0x080065d4                _close_r
 .text._lseek_r
                0x080065f8       0x2c c:/progra~2/armgnu~1/125863~1.3re/bin/../lib/gcc/arm-none-eabi/12.3.1/thumb/v7e-m+fp/hard\libg.a(libc_a-lseekr.o)
                0x080065f8                _lseek_r
 .text._read_r  0x08006624       0x2c c:/progra~2/armgnu~1/125863~1.3re/bin/../lib/gcc/arm-none-eabi/12.3.1/thumb/v7e-m+fp/hard\libg.a(libc_a-readr.o)
                0x08006624                _read_r
 .text._write_r
                0x08006650       0x2c c:/progra~2/armgnu~1/125863~1.3re/bin/../lib/gcc/arm-none-eabi/12.3.1/thumb/v7e-m+fp/hard\libg.a(libc_a-writer.o)
                0x08006650                _write_r
 .text.__errno  0x0800667c        0xc c:/progra~2/armgnu~1/125863~1.3re/bin/../lib/gcc/arm-none-eabi/12.3.1/thumb/v7e-m+fp/hard\libg.a(libc_a-errno.o)
                0x0800667c                __errno
 .text.__libc_init_array
                0x08006688       0x50 c:/progra~2/armgnu~1/125863~1.3re/bin/../lib/gcc/arm-none-eabi/12.3.1/thumb/v7e-m+fp/hard\libg.a(libc_a-init.o)
                0x08006688                __libc_init_array
 .text.__retarget_lock_init_recursive
                0x080066d8        0x4 c:/progra~2/armgnu~1/125863~1.3re/bin/../lib/gcc/arm-none-eabi/12.3.1/thumb/v7e-m+fp/hard\libg.a(libc_a-lock.o)
                0x080066d8                __retarget_lock_init_recursive
 .text.__retarget_lock_close_recursive
                0x080066dc        0x4 c:/progra~2/armgnu~1/125863~1.3re/bin/../lib/gcc/arm-none-eabi/12.3.1/thumb/v7e-m+fp/hard\libg.a(libc_a-lock.o)
                0x080066dc                __retarget_lock_close_recursive
 .text.__retarget_lock_acquire_recursive
                0x080066e0        0x4 c:/progra~2/armgnu~1/125863~1.3re/bin/../lib/gcc/arm-none-eabi/12.3.1/thumb/v7e-m+fp/hard\libg.a(libc_a-lock.o)
                0x080066e0                __retarget_lock_acquire_recursive
 .text.__retarget_lock_release_recursive
                0x080066e4        0x4 c:/progra~2/armgnu~1/125863~1.3re/bin/../lib/gcc/arm-none-eabi/12.3.1/thumb/v7e-m+fp/hard\libg.a(libc_a-lock.o)
                0x080066e4                __retarget_lock_release_recursive
 .text.startup.register_fini
                0x080066e8       0x14 c:/progra~2/armgnu~1/125863~1.3re/bin/../lib/gcc/arm-none-eabi/12.3.1/thumb/v7e-m+fp/hard\libg.a(libc_a-__call_atexit.o)
 .text.atexit   0x080066fc        0xc c:/progra~2/armgnu~1/125863~1.3re/bin/../lib/gcc/arm-none-eabi/12.3.1/thumb/v7e-m+fp/hard\libg.a(libc_a-atexit.o)
                0x080066fc                atexit
 .text._malloc_trim_r
                0x08006708       0xb8 c:/progra~2/armgnu~1/125863~1.3re/bin/../lib/gcc/arm-none-eabi/12.3.1/thumb/v7e-m+fp/hard\libg.a(libc_a-freer.o)
                0x08006708                _malloc_trim_r
 .text._free_r  0x080067c0      0x1fc c:/progra~2/armgnu~1/125863~1.3re/bin/../lib/gcc/arm-none-eabi/12.3.1/thumb/v7e-m+fp/hard\libg.a(libc_a-freer.o)
                0x080067c0                _free_r
 .text._malloc_r
                0x080069bc      0x574 c:/progra~2/armgnu~1/125863~1.3re/bin/../lib/gcc/arm-none-eabi/12.3.1/thumb/v7e-m+fp/hard\libg.a(libc_a-mallocr.o)
                0x080069bc                _malloc_r
 .text.__malloc_lock
                0x08006f30        0xc c:/progra~2/armgnu~1/125863~1.3re/bin/../lib/gcc/arm-none-eabi/12.3.1/thumb/v7e-m+fp/hard\libg.a(libc_a-mlock.o)
                0x08006f30                __malloc_lock
 .text.__malloc_unlock
                0x08006f3c        0xc c:/progra~2/armgnu~1/125863~1.3re/bin/../lib/gcc/arm-none-eabi/12.3.1/thumb/v7e-m+fp/hard\libg.a(libc_a-mlock.o)
                0x08006f3c                __malloc_unlock
 .text._svfprintf_r
                0x08006f48     0x1bc0 c:/progra~2/armgnu~1/125863~1.3re/bin/../lib/gcc/arm-none-eabi/12.3.1/thumb/v7e-m+fp/hard\libg.a(libc_a-svfprintf.o)
                0x08006f48                _svfprintf_r
 .text._fclose_r
                0x08008b08       0xc0 c:/progra~2/armgnu~1/125863~1.3re/bin/../lib/gcc/arm-none-eabi/12.3.1/thumb/v7e-m+fp/hard\libg.a(libc_a-fclose.o)
                0x08008b08                _fclose_r
 .text.__sflush_r
                0x08008bc8      0x138 c:/progra~2/armgnu~1/125863~1.3re/bin/../lib/gcc/arm-none-eabi/12.3.1/thumb/v7e-m+fp/hard\libg.a(libc_a-fflush.o)
                0x08008bc8                __sflush_r
 .text._fflush_r
                0x08008d00       0x54 c:/progra~2/armgnu~1/125863~1.3re/bin/../lib/gcc/arm-none-eabi/12.3.1/thumb/v7e-m+fp/hard\libg.a(libc_a-fflush.o)
                0x08008d00                _fflush_r
 .text.strncpy  0x08008d54       0x68 c:/progra~2/armgnu~1/125863~1.3re/bin/../lib/gcc/arm-none-eabi/12.3.1/thumb/v7e-m+fp/hard\libg.a(libc_a-strncpy.o)
                0x08008d54                strncpy
 .text.__locale_mb_cur_max
                0x08008dbc        0xc c:/progra~2/armgnu~1/125863~1.3re/bin/../lib/gcc/arm-none-eabi/12.3.1/thumb/v7e-m+fp/hard\libg.a(libc_a-locale.o)
                0x08008dbc                __locale_mb_cur_max
 .text._localeconv_r
                0x08008dc8        0x8 c:/progra~2/armgnu~1/125863~1.3re/bin/../lib/gcc/arm-none-eabi/12.3.1/thumb/v7e-m+fp/hard\libg.a(libc_a-localeconv.o)
                0x08008dc8                _localeconv_r
 .text._sbrk_r  0x08008dd0       0x24 c:/progra~2/armgnu~1/125863~1.3re/bin/../lib/gcc/arm-none-eabi/12.3.1/thumb/v7e-m+fp/hard\libg.a(libc_a-sbrkr.o)
                0x08008dd0                _sbrk_r
 .text.__libc_fini_array
                0x08008df4       0x28 c:/progra~2/armgnu~1/125863~1.3re/bin/../lib/gcc/arm-none-eabi/12.3.1/thumb/v7e-m+fp/hard\libg.a(libc_a-fini.o)
                0x08008df4                __libc_fini_array
 .text.sysconf  0x08008e1c       0x1c c:/progra~2/armgnu~1/125863~1.3re/bin/../lib/gcc/arm-none-eabi/12.3.1/thumb/v7e-m+fp/hard\libg.a(libc_a-sysconf.o)
                0x08008e1c                sysconf
 .text.frexp    0x08008e38       0x68 c:/progra~2/armgnu~1/125863~1.3re/bin/../lib/gcc/arm-none-eabi/12.3.1/thumb/v7e-m+fp/hard\libg.a(libm_a-s_frexp.o)
                0x08008e38                frexp
 .text.__register_exitproc
                0x08008ea0       0x80 c:/progra~2/armgnu~1/125863~1.3re/bin/../lib/gcc/arm-none-eabi/12.3.1/thumb/v7e-m+fp/hard\libg.a(libc_a-__atexit.o)
                0x08008ea0                __register_exitproc
 .text.quorem   0x08008f20      0x12c c:/progra~2/armgnu~1/125863~1.3re/bin/../lib/gcc/arm-none-eabi/12.3.1/thumb/v7e-m+fp/hard\libg.a(libc_a-dtoa.o)
 *fill*         0x0800904c        0x4 
 .text._dtoa_r  0x08009050      0xe4c c:/progra~2/armgnu~1/125863~1.3re/bin/../lib/gcc/arm-none-eabi/12.3.1/thumb/v7e-m+fp/hard\libg.a(libc_a-dtoa.o)
                0x08009050                _dtoa_r
 .text.__ascii_mbtowc
                0x08009e9c       0x2c c:/progra~2/armgnu~1/125863~1.3re/bin/../lib/gcc/arm-none-eabi/12.3.1/thumb/v7e-m+fp/hard\libg.a(libc_a-mbtowc_r.o)
                0x08009e9c                __ascii_mbtowc
 .text._Balloc  0x08009ec8       0x4c c:/progra~2/armgnu~1/125863~1.3re/bin/../lib/gcc/arm-none-eabi/12.3.1/thumb/v7e-m+fp/hard\libg.a(libc_a-mprec.o)
                0x08009ec8                _Balloc
 .text._Bfree   0x08009f14       0x14 c:/progra~2/armgnu~1/125863~1.3re/bin/../lib/gcc/arm-none-eabi/12.3.1/thumb/v7e-m+fp/hard\libg.a(libc_a-mprec.o)
                0x08009f14                _Bfree
 .text.__multadd
                0x08009f28       0xa0 c:/progra~2/armgnu~1/125863~1.3re/bin/../lib/gcc/arm-none-eabi/12.3.1/thumb/v7e-m+fp/hard\libg.a(libc_a-mprec.o)
                0x08009f28                __multadd
 .text.__hi0bits
                0x08009fc8       0x44 c:/progra~2/armgnu~1/125863~1.3re/bin/../lib/gcc/arm-none-eabi/12.3.1/thumb/v7e-m+fp/hard\libg.a(libc_a-mprec.o)
                0x08009fc8                __hi0bits
 .text.__lo0bits
                0x0800a00c       0x60 c:/progra~2/armgnu~1/125863~1.3re/bin/../lib/gcc/arm-none-eabi/12.3.1/thumb/v7e-m+fp/hard\libg.a(libc_a-mprec.o)
                0x0800a00c                __lo0bits
 .text.__i2b    0x0800a06c       0x5c c:/progra~2/armgnu~1/125863~1.3re/bin/../lib/gcc/arm-none-eabi/12.3.1/thumb/v7e-m+fp/hard\libg.a(libc_a-mprec.o)
                0x0800a06c                __i2b
 .text.__multiply
                0x0800a0c8      0x16c c:/progra~2/armgnu~1/125863~1.3re/bin/../lib/gcc/arm-none-eabi/12.3.1/thumb/v7e-m+fp/hard\libg.a(libc_a-mprec.o)
                0x0800a0c8                __multiply
 .text.__pow5mult
                0x0800a234       0xb4 c:/progra~2/armgnu~1/125863~1.3re/bin/../lib/gcc/arm-none-eabi/12.3.1/thumb/v7e-m+fp/hard\libg.a(libc_a-mprec.o)
                0x0800a234                __pow5mult
 .text.__lshift
                0x0800a2e8       0xf0 c:/progra~2/armgnu~1/125863~1.3re/bin/../lib/gcc/arm-none-eabi/12.3.1/thumb/v7e-m+fp/hard\libg.a(libc_a-mprec.o)
                0x0800a2e8                __lshift
 .text.__mcmp   0x0800a3d8       0x44 c:/progra~2/armgnu~1/125863~1.3re/bin/../lib/gcc/arm-none-eabi/12.3.1/thumb/v7e-m+fp/hard\libg.a(libc_a-mprec.o)
                0x0800a3d8                __mcmp
 .text.__mdiff  0x0800a41c      0x164 c:/progra~2/armgnu~1/125863~1.3re/bin/../lib/gcc/arm-none-eabi/12.3.1/thumb/v7e-m+fp/hard\libg.a(libc_a-mprec.o)
                0x0800a41c                __mdiff
 .text.__d2b    0x0800a580       0xc0 c:/progra~2/armgnu~1/125863~1.3re/bin/../lib/gcc/arm-none-eabi/12.3.1/thumb/v7e-m+fp/hard\libg.a(libc_a-mprec.o)
                0x0800a580                __d2b
 .text.__ascii_wctomb
                0x0800a640       0x1c c:/progra~2/armgnu~1/125863~1.3re/bin/../lib/gcc/arm-none-eabi/12.3.1/thumb/v7e-m+fp/hard\libg.a(libc_a-wctomb_r.o)
                0x0800a640                __ascii_wctomb
 .text._wcrtomb_r
                0x0800a65c       0x4c c:/progra~2/armgnu~1/125863~1.3re/bin/../lib/gcc/arm-none-eabi/12.3.1/thumb/v7e-m+fp/hard\libg.a(libc_a-wcrtomb.o)
                0x0800a65c                _wcrtomb_r
 .text._wcsrtombs_r
                0x0800a6a8       0x18 c:/progra~2/armgnu~1/125863~1.3re/bin/../lib/gcc/arm-none-eabi/12.3.1/thumb/v7e-m+fp/hard\libg.a(libc_a-wcsrtombs.o)
                0x0800a6a8                _wcsrtombs_r
 .text.__ssprint_r
                0x0800a6c0      0x108 c:/progra~2/armgnu~1/125863~1.3re/bin/../lib/gcc/arm-none-eabi/12.3.1/thumb/v7e-m+fp/hard\libg.a(libc_a-svfiprintf.o)
                0x0800a6c0                __ssprint_r
 .text.memmove  0x0800a7c8      0x100 c:/progra~2/armgnu~1/125863~1.3re/bin/../lib/gcc/arm-none-eabi/12.3.1/thumb/v7e-m+fp/hard\libg.a(libc_a-memmove.o)
                0x0800a7c8                memmove
 .text.__assert_func
                0x0800a8c8       0x40 c:/progra~2/armgnu~1/125863~1.3re/bin/../lib/gcc/arm-none-eabi/12.3.1/thumb/v7e-m+fp/hard\libg.a(libc_a-assert.o)
                0x0800a8c8                __assert_func
 .text._calloc_r
                0x0800a908       0x6c c:/progra~2/armgnu~1/125863~1.3re/bin/../lib/gcc/arm-none-eabi/12.3.1/thumb/v7e-m+fp/hard\libg.a(libc_a-callocr.o)
                0x0800a908                _calloc_r
 .text._realloc_r
                0x0800a974      0x344 c:/progra~2/armgnu~1/125863~1.3re/bin/../lib/gcc/arm-none-eabi/12.3.1/thumb/v7e-m+fp/hard\libg.a(libc_a-reallocr.o)
                0x0800a974                _realloc_r
 .text._wcsnrtombs_l
                0x0800acb8       0xfc c:/progra~2/armgnu~1/125863~1.3re/bin/../lib/gcc/arm-none-eabi/12.3.1/thumb/v7e-m+fp/hard\libg.a(libc_a-wcsnrtombs.o)
                0x0800acb8                _wcsnrtombs_l
 .text._wcsnrtombs_r
                0x0800adb4       0x24 c:/progra~2/armgnu~1/125863~1.3re/bin/../lib/gcc/arm-none-eabi/12.3.1/thumb/v7e-m+fp/hard\libg.a(libc_a-wcsnrtombs.o)
                0x0800adb4                _wcsnrtombs_r
 .text.fiprintf
                0x0800add8       0x28 c:/progra~2/armgnu~1/125863~1.3re/bin/../lib/gcc/arm-none-eabi/12.3.1/thumb/v7e-m+fp/hard\libg.a(libc_a-fiprintf.o)
                0x0800add8                fiprintf
 .text.__sprint_r.part.0
                0x0800ae00       0x78 c:/progra~2/armgnu~1/125863~1.3re/bin/../lib/gcc/arm-none-eabi/12.3.1/thumb/v7e-m+fp/hard\libg.a(libc_a-vfiprintf.o)
 .text._vfiprintf_r
                0x0800ae78      0xfa8 c:/progra~2/armgnu~1/125863~1.3re/bin/../lib/gcc/arm-none-eabi/12.3.1/thumb/v7e-m+fp/hard\libg.a(libc_a-vfiprintf.o)
                0x0800ae78                _vfiprintf_r
 .text.__sbprintf
                0x0800be20       0x80 c:/progra~2/armgnu~1/125863~1.3re/bin/../lib/gcc/arm-none-eabi/12.3.1/thumb/v7e-m+fp/hard\libg.a(libc_a-vfiprintf.o)
 .text.__sfvwrite_r
                0x0800bea0      0x300 c:/progra~2/armgnu~1/125863~1.3re/bin/../lib/gcc/arm-none-eabi/12.3.1/thumb/v7e-m+fp/hard\libg.a(libc_a-fvwrite.o)
                0x0800bea0                __sfvwrite_r
 .text.__swsetup_r
                0x0800c1a0       0xc0 c:/progra~2/armgnu~1/125863~1.3re/bin/../lib/gcc/arm-none-eabi/12.3.1/thumb/v7e-m+fp/hard\libg.a(libc_a-wsetup.o)
                0x0800c1a0                __swsetup_r
 .text.__fputwc
                0x0800c260       0x7c c:/progra~2/armgnu~1/125863~1.3re/bin/../lib/gcc/arm-none-eabi/12.3.1/thumb/v7e-m+fp/hard\libg.a(libc_a-fputwc.o)
                0x0800c260                __fputwc
 .text._fputwc_r
                0x0800c2dc       0x60 c:/progra~2/armgnu~1/125863~1.3re/bin/../lib/gcc/arm-none-eabi/12.3.1/thumb/v7e-m+fp/hard\libg.a(libc_a-fputwc.o)
                0x0800c2dc                _fputwc_r
 .text.abort    0x0800c33c       0x10 c:/progra~2/armgnu~1/125863~1.3re/bin/../lib/gcc/arm-none-eabi/12.3.1/thumb/v7e-m+fp/hard\libg.a(libc_a-abort.o)
                0x0800c33c                abort
 .text.__smakebuf_r
                0x0800c34c       0xdc c:/progra~2/armgnu~1/125863~1.3re/bin/../lib/gcc/arm-none-eabi/12.3.1/thumb/v7e-m+fp/hard\libg.a(libc_a-makebuf.o)
                0x0800c34c                __smakebuf_r
 .text.__swbuf_r
                0x0800c428       0xac c:/progra~2/armgnu~1/125863~1.3re/bin/../lib/gcc/arm-none-eabi/12.3.1/thumb/v7e-m+fp/hard\libg.a(libc_a-wbuf.o)
                0x0800c428                __swbuf_r
 .text.raise    0x0800c4d4       0x58 c:/progra~2/armgnu~1/125863~1.3re/bin/../lib/gcc/arm-none-eabi/12.3.1/thumb/v7e-m+fp/hard\libg.a(libc_a-signal.o)
                0x0800c4d4                raise
 .text._fstat_r
                0x0800c52c       0x2c c:/progra~2/armgnu~1/125863~1.3re/bin/../lib/gcc/arm-none-eabi/12.3.1/thumb/v7e-m+fp/hard\libg.a(libc_a-fstatr.o)
                0x0800c52c                _fstat_r
 .text._isatty_r
                0x0800c558       0x24 c:/progra~2/armgnu~1/125863~1.3re/bin/../lib/gcc/arm-none-eabi/12.3.1/thumb/v7e-m+fp/hard\libg.a(libc_a-isattyr.o)
                0x0800c558                _isatty_r
 .text._kill_r  0x0800c57c       0x2c c:/progra~2/armgnu~1/125863~1.3re/bin/../lib/gcc/arm-none-eabi/12.3.1/thumb/v7e-m+fp/hard\libg.a(libc_a-signalr.o)
                0x0800c57c                _kill_r
 .text._getpid_r
                0x0800c5a8        0x4 c:/progra~2/armgnu~1/125863~1.3re/bin/../lib/gcc/arm-none-eabi/12.3.1/thumb/v7e-m+fp/hard\libg.a(libc_a-signalr.o)
                0x0800c5a8                _getpid_r
 *fill*         0x0800c5ac        0x4 
 .text.sin      0x0800c5b0       0x90 c:/progra~2/armgnu~1/125863~1.3re/bin/../lib/gcc/arm-none-eabi/12.3.1/thumb/v7e-m+fp/hard\libm.a(libm_a-s_sin.o)
                0x0800c5b0                sin
 .text.sqrtf    0x0800c640       0x44 c:/progra~2/armgnu~1/125863~1.3re/bin/../lib/gcc/arm-none-eabi/12.3.1/thumb/v7e-m+fp/hard\libm.a(libm_a-wf_sqrt.o)
                0x0800c640                sqrtf
 .text.__ieee754_sqrtf
                0x0800c684        0x8 c:/progra~2/armgnu~1/125863~1.3re/bin/../lib/gcc/arm-none-eabi/12.3.1/thumb/v7e-m+fp/hard\libm.a(libm_a-ef_sqrt.o)
                0x0800c684                __ieee754_sqrtf
 *fill*         0x0800c68c        0x4 
 .text.__kernel_cos
                0x0800c690      0x264 c:/progra~2/armgnu~1/125863~1.3re/bin/../lib/gcc/arm-none-eabi/12.3.1/thumb/v7e-m+fp/hard\libm.a(libm_a-k_cos.o)
                0x0800c690                __kernel_cos
 *fill*         0x0800c8f4        0x4 
 .text.__kernel_sin
                0x0800c8f8      0x17c c:/progra~2/armgnu~1/125863~1.3re/bin/../lib/gcc/arm-none-eabi/12.3.1/thumb/v7e-m+fp/hard\libm.a(libm_a-k_sin.o)
                0x0800c8f8                __kernel_sin
 *fill*         0x0800ca74        0x4 
 .text.__ieee754_rem_pio2
                0x0800ca78      0x444 c:/progra~2/armgnu~1/125863~1.3re/bin/../lib/gcc/arm-none-eabi/12.3.1/thumb/v7e-m+fp/hard\libm.a(libm_a-e_rem_pio2.o)
                0x0800ca78                __ieee754_rem_pio2
 .text.fabs     0x0800cebc       0x10 c:/progra~2/armgnu~1/125863~1.3re/bin/../lib/gcc/arm-none-eabi/12.3.1/thumb/v7e-m+fp/hard\libm.a(libm_a-s_fabs.o)
                0x0800cebc                fabs
 *fill*         0x0800cecc        0x4 
 .text.__kernel_rem_pio2
                0x0800ced0      0x87c c:/progra~2/armgnu~1/125863~1.3re/bin/../lib/gcc/arm-none-eabi/12.3.1/thumb/v7e-m+fp/hard\libm.a(libm_a-k_rem_pio2.o)
                0x0800ced0                __kernel_rem_pio2
 *fill*         0x0800d74c        0x4 
 .text.scalbn   0x0800d750      0x114 c:/progra~2/armgnu~1/125863~1.3re/bin/../lib/gcc/arm-none-eabi/12.3.1/thumb/v7e-m+fp/hard\libm.a(libm_a-s_scalbn.o)
                0x0800d750                scalbn
 *fill*         0x0800d864        0x4 
 .text.floor    0x0800d868      0x108 c:/progra~2/armgnu~1/125863~1.3re/bin/../lib/gcc/arm-none-eabi/12.3.1/thumb/v7e-m+fp/hard\libm.a(libm_a-s_floor.o)
                0x0800d868                floor
 *(.glue_7)
 .glue_7        0x0800d970        0x0 linker stubs
 *(.glue_7t)
 .glue_7t       0x0800d970        0x0 linker stubs
 *(.eh_frame)
 .eh_frame      0x0800d970        0x0 c:/progra~2/armgnu~1/125863~1.3re/bin/../lib/gcc/arm-none-eabi/12.3.1/thumb/v7e-m+fp/hard/crtbegin.o
 *(.init)
 .init          0x0800d970        0x4 c:/progra~2/armgnu~1/125863~1.3re/bin/../lib/gcc/arm-none-eabi/12.3.1/thumb/v7e-m+fp/hard/crti.o
                0x0800d970                _init
 .init          0x0800d974        0x8 c:/progra~2/armgnu~1/125863~1.3re/bin/../lib/gcc/arm-none-eabi/12.3.1/thumb/v7e-m+fp/hard/crtn.o
 *(.fini)
 .fini          0x0800d97c        0x4 c:/progra~2/armgnu~1/125863~1.3re/bin/../lib/gcc/arm-none-eabi/12.3.1/thumb/v7e-m+fp/hard/crti.o
                0x0800d97c                _fini
 .fini          0x0800d980        0x8 c:/progra~2/armgnu~1/125863~1.3re/bin/../lib/gcc/arm-none-eabi/12.3.1/thumb/v7e-m+fp/hard/crtn.o
                0x0800d988                        . = ALIGN (0x4)
                0x0800d988                        _etext = .

.vfp11_veneer   0x0800d988        0x0
 .vfp11_veneer  0x0800d988        0x0 linker stubs

.v4_bx          0x0800d988        0x0
 .v4_bx         0x0800d988        0x0 linker stubs

.iplt           0x0800d988        0x0
 .iplt          0x0800d988        0x0 c:/progra~2/armgnu~1/125863~1.3re/bin/../lib/gcc/arm-none-eabi/12.3.1/thumb/v7e-m+fp/hard/crtbegin.o

.rodata         0x0800d988     0xd550
                0x0800d988                        . = ALIGN (0x4)
 *(.rodata)
 *(.rodata*)
 .rodata.Process_FFT_and_Spectrum.str1.4
                0x0800d988       0x24 CMakeFiles/Signals_Courses.elf.dir/Core/Src/main.c.obj
 .rodata.main.str1.4
                0x0800d9ac       0x3b CMakeFiles/Signals_Courses.elf.dir/Core/Src/main.c.obj
 *fill*         0x0800d9e7        0x1 
 .rodata.AHBPrescTable
                0x0800d9e8       0x10 CMakeFiles/Signals_Courses.elf.dir/Core/Src/system_stm32f4xx.c.obj
                0x0800d9e8                AHBPrescTable
 .rodata.flagBitshiftOffset.0
                0x0800d9f8        0x8 CMakeFiles/Signals_Courses.elf.dir/Drivers/STM32F4xx_HAL_Driver/Src/stm32f4xx_hal_dma.c.obj
 .rodata.atk_md0350_font_3216
                0x0800da00     0x17c0 CMakeFiles/Signals_Courses.elf.dir/Drivers/atk_md0350/atk_md0350.c.obj
                0x0800da00                atk_md0350_font_3216
 .rodata.atk_md0350_font_2412
                0x0800f1c0      0xd5c CMakeFiles/Signals_Courses.elf.dir/Drivers/atk_md0350/atk_md0350.c.obj
                0x0800f1c0                atk_md0350_font_2412
 .rodata.atk_md0350_font_1608
                0x0800ff1c      0x5f0 CMakeFiles/Signals_Courses.elf.dir/Drivers/atk_md0350/atk_md0350.c.obj
                0x0800ff1c                atk_md0350_font_1608
 .rodata.atk_md0350_font_1206
                0x0801050c      0x474 CMakeFiles/Signals_Courses.elf.dir/Drivers/atk_md0350/atk_md0350.c.obj
                0x0801050c                atk_md0350_font_1206
 .rodata.arm_cfft_sR_f32_len4096
                0x08010980       0x10 C:\STM32_WorkSpace\Signals_Courses\Middlewares\ST\ARM\DSP\Lib\libarm_cortexM4lf_math.a(arm_const_structs.o)
                0x08010980                arm_cfft_sR_f32_len4096
 .rodata.armBitRevIndexTable4096
                0x08010990     0x1f80 C:\STM32_WorkSpace\Signals_Courses\Middlewares\ST\ARM\DSP\Lib\libarm_cortexM4lf_math.a(arm_common_tables.o)
                0x08010990                armBitRevIndexTable4096
 .rodata.twiddleCoef_4096
                0x08012910     0x8000 C:\STM32_WorkSpace\Signals_Courses\Middlewares\ST\ARM\DSP\Lib\libarm_cortexM4lf_math.a(arm_common_tables.o)
                0x08012910                twiddleCoef_4096
 .rodata._svfprintf_r.str1.4
                0x0801a910       0x42 c:/progra~2/armgnu~1/125863~1.3re/bin/../lib/gcc/arm-none-eabi/12.3.1/thumb/v7e-m+fp/hard\libg.a(libc_a-svfprintf.o)
 *fill*         0x0801a952        0x2 
 .rodata.zeroes.0
                0x0801a954       0x10 c:/progra~2/armgnu~1/125863~1.3re/bin/../lib/gcc/arm-none-eabi/12.3.1/thumb/v7e-m+fp/hard\libg.a(libc_a-svfprintf.o)
 .rodata.blanks.1
                0x0801a964       0x10 c:/progra~2/armgnu~1/125863~1.3re/bin/../lib/gcc/arm-none-eabi/12.3.1/thumb/v7e-m+fp/hard\libg.a(libc_a-svfprintf.o)
 .rodata.str1.4
                0x0801a974       0x48 c:/progra~2/armgnu~1/125863~1.3re/bin/../lib/gcc/arm-none-eabi/12.3.1/thumb/v7e-m+fp/hard\libg.a(libc_a-locale.o)
                                 0x4c (size before relaxing)
 .rodata._dtoa_r.str1.4
                0x0801a9bc       0x7d c:/progra~2/armgnu~1/125863~1.3re/bin/../lib/gcc/arm-none-eabi/12.3.1/thumb/v7e-m+fp/hard\libg.a(libc_a-dtoa.o)
                                 0x81 (size before relaxing)
 *fill*         0x0801aa39        0x3 
 .rodata.__multadd.str1.4
                0x0801aa3c       0x5a c:/progra~2/armgnu~1/125863~1.3re/bin/../lib/gcc/arm-none-eabi/12.3.1/thumb/v7e-m+fp/hard\libg.a(libc_a-mprec.o)
                                 0x6e (size before relaxing)
 *fill*         0x0801aa96        0x2 
 .rodata.p05.0  0x0801aa98        0xc c:/progra~2/armgnu~1/125863~1.3re/bin/../lib/gcc/arm-none-eabi/12.3.1/thumb/v7e-m+fp/hard\libg.a(libc_a-mprec.o)
 *fill*         0x0801aaa4        0x4 
 .rodata.__mprec_bigtens
                0x0801aaa8       0x28 c:/progra~2/armgnu~1/125863~1.3re/bin/../lib/gcc/arm-none-eabi/12.3.1/thumb/v7e-m+fp/hard\libg.a(libc_a-mprec.o)
                0x0801aaa8                __mprec_bigtens
 .rodata.__mprec_tens
                0x0801aad0       0xc8 c:/progra~2/armgnu~1/125863~1.3re/bin/../lib/gcc/arm-none-eabi/12.3.1/thumb/v7e-m+fp/hard\libg.a(libc_a-mprec.o)
                0x0801aad0                __mprec_tens
 .rodata._ctype_
                0x0801ab98      0x101 c:/progra~2/armgnu~1/125863~1.3re/bin/../lib/gcc/arm-none-eabi/12.3.1/thumb/v7e-m+fp/hard\libg.a(libc_a-ctype_.o)
                0x0801ab98                _ctype_
 *fill*         0x0801ac99        0x3 
 .rodata.__assert_func.str1.4
                0x0801ac9c       0x3f c:/progra~2/armgnu~1/125863~1.3re/bin/../lib/gcc/arm-none-eabi/12.3.1/thumb/v7e-m+fp/hard\libg.a(libc_a-assert.o)
                                 0x43 (size before relaxing)
 .rodata._vfiprintf_r.str1.4
                0x0801acdb       0x2f c:/progra~2/armgnu~1/125863~1.3re/bin/../lib/gcc/arm-none-eabi/12.3.1/thumb/v7e-m+fp/hard\libg.a(libc_a-vfiprintf.o)
 *fill*         0x0801acdb        0x1 
 .rodata.zeroes.0
                0x0801acdc       0x10 c:/progra~2/armgnu~1/125863~1.3re/bin/../lib/gcc/arm-none-eabi/12.3.1/thumb/v7e-m+fp/hard\libg.a(libc_a-vfiprintf.o)
 .rodata.blanks.1
                0x0801acec       0x10 c:/progra~2/armgnu~1/125863~1.3re/bin/../lib/gcc/arm-none-eabi/12.3.1/thumb/v7e-m+fp/hard\libg.a(libc_a-vfiprintf.o)
 .rodata.npio2_hw
                0x0801acfc       0x80 c:/progra~2/armgnu~1/125863~1.3re/bin/../lib/gcc/arm-none-eabi/12.3.1/thumb/v7e-m+fp/hard\libm.a(libm_a-e_rem_pio2.o)
 .rodata.two_over_pi
                0x0801ad7c      0x108 c:/progra~2/armgnu~1/125863~1.3re/bin/../lib/gcc/arm-none-eabi/12.3.1/thumb/v7e-m+fp/hard\libm.a(libm_a-e_rem_pio2.o)
 *fill*         0x0801ae84        0x4 
 .rodata.PIo2   0x0801ae88       0x40 c:/progra~2/armgnu~1/125863~1.3re/bin/../lib/gcc/arm-none-eabi/12.3.1/thumb/v7e-m+fp/hard\libm.a(libm_a-k_rem_pio2.o)
 .rodata.init_jk
                0x0801aec8       0x10 c:/progra~2/armgnu~1/125863~1.3re/bin/../lib/gcc/arm-none-eabi/12.3.1/thumb/v7e-m+fp/hard\libm.a(libm_a-k_rem_pio2.o)
                0x0801aed8                        . = ALIGN (0x4)

.ARM.extab      0x0801aed8        0x0
                0x0801aed8                        . = ALIGN (0x4)
 *(.ARM.extab* .gnu.linkonce.armextab.*)
                0x0801aed8                        . = ALIGN (0x4)

.ARM            0x0801aed8        0x8
                0x0801aed8                        . = ALIGN (0x4)
                0x0801aed8                        __exidx_start = .
 *(.ARM.exidx*)
 .ARM.exidx     0x0801aed8        0x8 c:/progra~2/armgnu~1/125863~1.3re/bin/../lib/gcc/arm-none-eabi/12.3.1/thumb/v7e-m+fp/hard\libg.a(libc_a-memchr.o)
 .ARM.exidx     0x0801aee0        0x0 c:/progra~2/armgnu~1/125863~1.3re/bin/../lib/gcc/arm-none-eabi/12.3.1/thumb/v7e-m+fp/hard\libg.a(libc_a-strlen.o)
                                  0x8 (size before relaxing)
 .ARM.exidx     0x0801aee0        0x0 c:/progra~2/armgnu~1/125863~1.3re/bin/../lib/gcc/arm-none-eabi/12.3.1/thumb/v7e-m+fp/hard\libg.a(libc_a-memcpy.o)
                                  0x8 (size before relaxing)
 .ARM.exidx.text.__udivmoddi4
                0x0801aee0        0x0 c:/progra~2/armgnu~1/125863~1.3re/bin/../lib/gcc/arm-none-eabi/12.3.1/thumb/v7e-m+fp/hard\libgcc.a(_udivmoddi4.o)
                                  0x8 (size before relaxing)
                0x0801aee0                        __exidx_end = .
                0x0801aee0                        . = ALIGN (0x4)

.preinit_array  0x0801aee0        0x0
                0x0801aee0                        . = ALIGN (0x4)
                0x0801aee0                        PROVIDE (__preinit_array_start = .)
 *(.preinit_array*)
                0x0801aee0                        PROVIDE (__preinit_array_end = .)
                0x0801aee0                        . = ALIGN (0x4)

.init_array     0x0801aee0        0x8
                0x0801aee0                        . = ALIGN (0x4)
                0x0801aee0                        PROVIDE (__init_array_start = .)
 *(SORT_BY_NAME(.init_array.*))
 .init_array.00000
                0x0801aee0        0x4 c:/progra~2/armgnu~1/125863~1.3re/bin/../lib/gcc/arm-none-eabi/12.3.1/thumb/v7e-m+fp/hard\libg.a(libc_a-__call_atexit.o)
 *(.init_array*)
 .init_array    0x0801aee4        0x4 c:/progra~2/armgnu~1/125863~1.3re/bin/../lib/gcc/arm-none-eabi/12.3.1/thumb/v7e-m+fp/hard/crtbegin.o
                0x0801aee8                        PROVIDE (__init_array_end = .)
                0x0801aee8                        . = ALIGN (0x4)

.fini_array     0x0801aee8        0x4
                0x0801aee8                        . = ALIGN (0x4)
                0x0801aee8                        PROVIDE (__fini_array_start = .)
 *(SORT_BY_NAME(.fini_array.*))
 *(.fini_array*)
 .fini_array    0x0801aee8        0x4 c:/progra~2/armgnu~1/125863~1.3re/bin/../lib/gcc/arm-none-eabi/12.3.1/thumb/v7e-m+fp/hard/crtbegin.o
                0x0801aeec                        PROVIDE (__fini_array_end = .)
                0x0801aeec                        . = ALIGN (0x4)
                0x0801aeec                        _sidata = LOADADDR (.data)

.rel.dyn        0x0801aeec        0x0
 .rel.iplt      0x0801aeec        0x0 c:/progra~2/armgnu~1/125863~1.3re/bin/../lib/gcc/arm-none-eabi/12.3.1/thumb/v7e-m+fp/hard/crtbegin.o

.data           0x20000000      0x6c4 load address 0x0801aeec
                0x20000000                        . = ALIGN (0x4)
                0x20000000                        _sdata = .
 *(.data)
 *(.data*)
 .data.freq     0x20000000        0x4 CMakeFiles/Signals_Courses.elf.dir/Core/Src/main.c.obj
                0x20000000                freq
 .data.SystemCoreClock
                0x20000004        0x4 CMakeFiles/Signals_Courses.elf.dir/Core/Src/system_stm32f4xx.c.obj
                0x20000004                SystemCoreClock
 .data.uwTickFreq
                0x20000008        0x1 CMakeFiles/Signals_Courses.elf.dir/Drivers/STM32F4xx_HAL_Driver/Src/stm32f4xx_hal.c.obj
                0x20000008                uwTickFreq
 *fill*         0x20000009        0x3 
 .data.uwTickPrio
                0x2000000c        0x4 CMakeFiles/Signals_Courses.elf.dir/Drivers/STM32F4xx_HAL_Driver/Src/stm32f4xx_hal.c.obj
                0x2000000c                uwTickPrio
 .data.__sglue  0x20000010        0xc c:/progra~2/armgnu~1/125863~1.3re/bin/../lib/gcc/arm-none-eabi/12.3.1/thumb/v7e-m+fp/hard\libg.a(libc_a-findfp.o)
                0x20000010                __sglue
 .data._impure_ptr
                0x2000001c        0x4 c:/progra~2/armgnu~1/125863~1.3re/bin/../lib/gcc/arm-none-eabi/12.3.1/thumb/v7e-m+fp/hard\libg.a(libc_a-impure.o)
                0x2000001c                _impure_ptr
 .data._impure_data
                0x20000020      0x120 c:/progra~2/armgnu~1/125863~1.3re/bin/../lib/gcc/arm-none-eabi/12.3.1/thumb/v7e-m+fp/hard\libg.a(libc_a-impure.o)
                0x20000020                _impure_data
 .data.__atexit_recursive_mutex
                0x20000140        0x4 c:/progra~2/armgnu~1/125863~1.3re/bin/../lib/gcc/arm-none-eabi/12.3.1/thumb/v7e-m+fp/hard\libg.a(libc_a-__call_atexit.o)
                0x20000140                __atexit_recursive_mutex
 .data.__malloc_sbrk_base
                0x20000144        0x4 c:/progra~2/armgnu~1/125863~1.3re/bin/../lib/gcc/arm-none-eabi/12.3.1/thumb/v7e-m+fp/hard\libg.a(libc_a-mallocr.o)
                0x20000144                __malloc_sbrk_base
 .data.__malloc_trim_threshold
                0x20000148        0x4 c:/progra~2/armgnu~1/125863~1.3re/bin/../lib/gcc/arm-none-eabi/12.3.1/thumb/v7e-m+fp/hard\libg.a(libc_a-mallocr.o)
                0x20000148                __malloc_trim_threshold
 *fill*         0x2000014c        0x4 
 .data.__malloc_av_
                0x20000150      0x408 c:/progra~2/armgnu~1/125863~1.3re/bin/../lib/gcc/arm-none-eabi/12.3.1/thumb/v7e-m+fp/hard\libg.a(libc_a-mallocr.o)
                0x20000150                __malloc_av_
 .data.__global_locale
                0x20000558      0x16c c:/progra~2/armgnu~1/125863~1.3re/bin/../lib/gcc/arm-none-eabi/12.3.1/thumb/v7e-m+fp/hard\libg.a(libc_a-locale.o)
                0x20000558                __global_locale
 *(.RamFunc)
 *(.RamFunc*)
                0x200006c4                        . = ALIGN (0x4)
                0x200006c4                        _edata = .
                0x0801b5b0                        _siccmram = LOADADDR (.ccmram)

.tm_clone_table
                0x200006c4        0x0 load address 0x0801b5b0
 .tm_clone_table
                0x200006c4        0x0 c:/progra~2/armgnu~1/125863~1.3re/bin/../lib/gcc/arm-none-eabi/12.3.1/thumb/v7e-m+fp/hard/crtbegin.o
 .tm_clone_table
                0x200006c4        0x0 c:/progra~2/armgnu~1/125863~1.3re/bin/../lib/gcc/arm-none-eabi/12.3.1/thumb/v7e-m+fp/hard/crtend.o

.igot.plt       0x200006c4        0x0 load address 0x0801b5b0
 .igot.plt      0x200006c4        0x0 c:/progra~2/armgnu~1/125863~1.3re/bin/../lib/gcc/arm-none-eabi/12.3.1/thumb/v7e-m+fp/hard/crtbegin.o

.ccmram         0x10000000        0x0 load address 0x0801b5b0
                0x10000000                        . = ALIGN (0x4)
                0x10000000                        _sccmram = .
 *(.ccmram)
 *(.ccmram*)
                0x10000000                        . = ALIGN (0x4)
                0x10000000                        _eccmram = .
                0x10000000                        . = ALIGN (0x4)

.bss            0x200006c4    0x16758
                0x200006c4                        _sbss = .
                0x200006c4                        __bss_start__ = _sbss
 *(.bss)
 *(.bss*)
 .bss.completed.1
                0x200006c4        0x1 c:/progra~2/armgnu~1/125863~1.3re/bin/../lib/gcc/arm-none-eabi/12.3.1/thumb/v7e-m+fp/hard/crtbegin.o
 *fill*         0x200006c5        0x3 
 .bss.object.0  0x200006c8       0x18 c:/progra~2/armgnu~1/125863~1.3re/bin/../lib/gcc/arm-none-eabi/12.3.1/thumb/v7e-m+fp/hard/crtbegin.o
 .bss.hdma_adc1
                0x200006e0       0x60 CMakeFiles/Signals_Courses.elf.dir/Core/Src/adc.c.obj
                0x200006e0                hdma_adc1
 .bss.hadc1     0x20000740       0x48 CMakeFiles/Signals_Courses.elf.dir/Core/Src/adc.c.obj
                0x20000740                hadc1
 .bss.hdma_dac1
                0x20000788       0x60 CMakeFiles/Signals_Courses.elf.dir/Core/Src/dac.c.obj
                0x20000788                hdma_dac1
 .bss.hdac      0x200007e8       0x14 CMakeFiles/Signals_Courses.elf.dir/Core/Src/dac.c.obj
                0x200007e8                hdac
 .bss.FSMC_Initialized
                0x200007fc        0x4 CMakeFiles/Signals_Courses.elf.dir/Core/Src/fsmc.c.obj
 .bss.hsram4    0x20000800       0x50 CMakeFiles/Signals_Courses.elf.dir/Core/Src/fsmc.c.obj
                0x20000800                hsram4
 .bss.last_tick.0
                0x20000850        0x4 CMakeFiles/Signals_Courses.elf.dir/Core/Src/main.c.obj
 .bss.ADC_Cplt_Flag
                0x20000854        0x1 CMakeFiles/Signals_Courses.elf.dir/Core/Src/main.c.obj
                0x20000854                ADC_Cplt_Flag
 *fill*         0x20000855        0x3 
 .bss.history_index
                0x20000858        0x4 CMakeFiles/Signals_Courses.elf.dir/Core/Src/main.c.obj
 .bss.amplitude_history
                0x2000085c       0x28 CMakeFiles/Signals_Courses.elf.dir/Core/Src/main.c.obj
 .bss.peak_count
                0x20000884        0x4 CMakeFiles/Signals_Courses.elf.dir/Core/Src/main.c.obj
                0x20000884                peak_count
 .bss.peak_magnitudes
                0x20000888     0x2000 CMakeFiles/Signals_Courses.elf.dir/Core/Src/main.c.obj
                0x20000888                peak_magnitudes
 .bss.peak_frequencies
                0x20002888     0x2000 CMakeFiles/Signals_Courses.elf.dir/Core/Src/main.c.obj
                0x20002888                peak_frequencies
 .bss.fft_output
                0x20004888     0x4000 CMakeFiles/Signals_Courses.elf.dir/Core/Src/main.c.obj
                0x20004888                fft_output
 .bss.complex_input
                0x20008888     0x8000 CMakeFiles/Signals_Courses.elf.dir/Core/Src/main.c.obj
                0x20008888                complex_input
 .bss.voltage_buffer
                0x20010888     0x4000 CMakeFiles/Signals_Courses.elf.dir/Core/Src/main.c.obj
                0x20010888                voltage_buffer
 .bss.adc_buffer
                0x20014888     0x2000 CMakeFiles/Signals_Courses.elf.dir/Core/Src/main.c.obj
                0x20014888                adc_buffer
 .bss.SinBuffer
                0x20016888      0x190 CMakeFiles/Signals_Courses.elf.dir/Core/Src/main.c.obj
                0x20016888                SinBuffer
 .bss.__sbrk_heap_end
                0x20016a18        0x4 CMakeFiles/Signals_Courses.elf.dir/Core/Src/sysmem.c.obj
 .bss.htim7     0x20016a1c       0x48 CMakeFiles/Signals_Courses.elf.dir/Core/Src/tim.c.obj
                0x20016a1c                htim7
 .bss.htim3     0x20016a64       0x48 CMakeFiles/Signals_Courses.elf.dir/Core/Src/tim.c.obj
                0x20016a64                htim3
 .bss.uwTick    0x20016aac        0x4 CMakeFiles/Signals_Courses.elf.dir/Drivers/STM32F4xx_HAL_Driver/Src/stm32f4xx_hal.c.obj
                0x20016aac                uwTick
 .bss.g_atk_md0350_sta
                0x20016ab0        0x8 CMakeFiles/Signals_Courses.elf.dir/Drivers/atk_md0350/atk_md0350.c.obj
 .bss.g_sram_handle
                0x20016ab8       0x50 CMakeFiles/Signals_Courses.elf.dir/Drivers/atk_md0350/atk_md0350_fsmc.c.obj
 .bss.__sf      0x20016b08      0x138 c:/progra~2/armgnu~1/125863~1.3re/bin/../lib/gcc/arm-none-eabi/12.3.1/thumb/v7e-m+fp/hard\libg.a(libc_a-findfp.o)
                0x20016b08                __sf
 .bss.__stdio_exit_handler
                0x20016c40        0x4 c:/progra~2/armgnu~1/125863~1.3re/bin/../lib/gcc/arm-none-eabi/12.3.1/thumb/v7e-m+fp/hard\libg.a(libc_a-findfp.o)
                0x20016c40                __stdio_exit_handler
 .bss.errno     0x20016c44        0x4 c:/progra~2/armgnu~1/125863~1.3re/bin/../lib/gcc/arm-none-eabi/12.3.1/thumb/v7e-m+fp/hard\libg.a(libc_a-reent.o)
                0x20016c44                errno
 .bss.__lock___malloc_recursive_mutex
                0x20016c48        0x1 c:/progra~2/armgnu~1/125863~1.3re/bin/../lib/gcc/arm-none-eabi/12.3.1/thumb/v7e-m+fp/hard\libg.a(libc_a-lock.o)
                0x20016c48                __lock___malloc_recursive_mutex
 *fill*         0x20016c49        0x3 
 .bss.__lock___atexit_recursive_mutex
                0x20016c4c        0x1 c:/progra~2/armgnu~1/125863~1.3re/bin/../lib/gcc/arm-none-eabi/12.3.1/thumb/v7e-m+fp/hard\libg.a(libc_a-lock.o)
                0x20016c4c                __lock___atexit_recursive_mutex
 *fill*         0x20016c4d        0x3 
 .bss.__lock___sfp_recursive_mutex
                0x20016c50        0x1 c:/progra~2/armgnu~1/125863~1.3re/bin/../lib/gcc/arm-none-eabi/12.3.1/thumb/v7e-m+fp/hard\libg.a(libc_a-lock.o)
                0x20016c50                __lock___sfp_recursive_mutex
 *fill*         0x20016c51        0x3 
 .bss.__atexit  0x20016c54        0x4 c:/progra~2/armgnu~1/125863~1.3re/bin/../lib/gcc/arm-none-eabi/12.3.1/thumb/v7e-m+fp/hard\libg.a(libc_a-__call_atexit.o)
                0x20016c54                __atexit
 .bss.__malloc_current_mallinfo
                0x20016c58       0x28 c:/progra~2/armgnu~1/125863~1.3re/bin/../lib/gcc/arm-none-eabi/12.3.1/thumb/v7e-m+fp/hard\libg.a(libc_a-mallocr.o)
                0x20016c58                __malloc_current_mallinfo
 .bss.__malloc_max_total_mem
                0x20016c80        0x4 c:/progra~2/armgnu~1/125863~1.3re/bin/../lib/gcc/arm-none-eabi/12.3.1/thumb/v7e-m+fp/hard\libg.a(libc_a-mallocr.o)
                0x20016c80                __malloc_max_total_mem
 .bss.__malloc_max_sbrked_mem
                0x20016c84        0x4 c:/progra~2/armgnu~1/125863~1.3re/bin/../lib/gcc/arm-none-eabi/12.3.1/thumb/v7e-m+fp/hard\libg.a(libc_a-mallocr.o)
                0x20016c84                __malloc_max_sbrked_mem
 .bss.__malloc_top_pad
                0x20016c88        0x4 c:/progra~2/armgnu~1/125863~1.3re/bin/../lib/gcc/arm-none-eabi/12.3.1/thumb/v7e-m+fp/hard\libg.a(libc_a-mallocr.o)
                0x20016c88                __malloc_top_pad
 .bss.__atexit0
                0x20016c8c      0x190 c:/progra~2/armgnu~1/125863~1.3re/bin/../lib/gcc/arm-none-eabi/12.3.1/thumb/v7e-m+fp/hard\libg.a(libc_a-__atexit.o)
                0x20016c8c                __atexit0
 *(COMMON)
                0x20016e1c                        . = ALIGN (0x4)
                0x20016e1c                        _ebss = .
                0x20016e1c                        __bss_end__ = _ebss

._user_heap_stack
                0x20016e1c      0x604
                0x20016e20                        . = ALIGN (0x8)
 *fill*         0x20016e1c        0x4 
                [!provide]                        PROVIDE (end = .)
                0x20016e20                        PROVIDE (_end = .)
                0x20017020                        . = (. + _Min_Heap_Size)
 *fill*         0x20016e20      0x200 
                0x20017420                        . = (. + _Min_Stack_Size)
 *fill*         0x20017020      0x400 
                0x20017420                        . = ALIGN (0x8)

/DISCARD/
 libc.a(*)
 libm.a(*)
 libgcc.a(*)

.ARM.attributes
                0x00000000       0x30
 *(.ARM.attributes)
 .ARM.attributes
                0x00000000       0x22 c:/progra~2/armgnu~1/125863~1.3re/bin/../lib/gcc/arm-none-eabi/12.3.1/thumb/v7e-m+fp/hard/crti.o
 .ARM.attributes
                0x00000022       0x34 c:/progra~2/armgnu~1/125863~1.3re/bin/../lib/gcc/arm-none-eabi/12.3.1/thumb/v7e-m+fp/hard/crtbegin.o
 .ARM.attributes
                0x00000056       0x34 CMakeFiles/Signals_Courses.elf.dir/Core/Src/adc.c.obj
 .ARM.attributes
                0x0000008a       0x34 CMakeFiles/Signals_Courses.elf.dir/Core/Src/dac.c.obj
 .ARM.attributes
                0x000000be       0x34 CMakeFiles/Signals_Courses.elf.dir/Core/Src/dma.c.obj
 .ARM.attributes
                0x000000f2       0x34 CMakeFiles/Signals_Courses.elf.dir/Core/Src/fsmc.c.obj
 .ARM.attributes
                0x00000126       0x34 CMakeFiles/Signals_Courses.elf.dir/Core/Src/gpio.c.obj
 .ARM.attributes
                0x0000015a       0x34 CMakeFiles/Signals_Courses.elf.dir/Core/Src/main.c.obj
 .ARM.attributes
                0x0000018e       0x34 CMakeFiles/Signals_Courses.elf.dir/Core/Src/stm32f4xx_hal_msp.c.obj
 .ARM.attributes
                0x000001c2       0x34 CMakeFiles/Signals_Courses.elf.dir/Core/Src/stm32f4xx_it.c.obj
 .ARM.attributes
                0x000001f6       0x34 CMakeFiles/Signals_Courses.elf.dir/Core/Src/syscalls.c.obj
 .ARM.attributes
                0x0000022a       0x34 CMakeFiles/Signals_Courses.elf.dir/Core/Src/sysmem.c.obj
 .ARM.attributes
                0x0000025e       0x34 CMakeFiles/Signals_Courses.elf.dir/Core/Src/system_stm32f4xx.c.obj
 .ARM.attributes
                0x00000292       0x34 CMakeFiles/Signals_Courses.elf.dir/Core/Src/tim.c.obj
 .ARM.attributes
                0x000002c6       0x21 CMakeFiles/Signals_Courses.elf.dir/Core/Startup/startup_stm32f407zgtx.s.obj
 .ARM.attributes
                0x000002e7       0x34 CMakeFiles/Signals_Courses.elf.dir/Drivers/STM32F4xx_HAL_Driver/Src/stm32f4xx_hal.c.obj
 .ARM.attributes
                0x0000031b       0x34 CMakeFiles/Signals_Courses.elf.dir/Drivers/STM32F4xx_HAL_Driver/Src/stm32f4xx_hal_adc.c.obj
 .ARM.attributes
                0x0000034f       0x34 CMakeFiles/Signals_Courses.elf.dir/Drivers/STM32F4xx_HAL_Driver/Src/stm32f4xx_hal_cortex.c.obj
 .ARM.attributes
                0x00000383       0x34 CMakeFiles/Signals_Courses.elf.dir/Drivers/STM32F4xx_HAL_Driver/Src/stm32f4xx_hal_dac.c.obj
 .ARM.attributes
                0x000003b7       0x34 CMakeFiles/Signals_Courses.elf.dir/Drivers/STM32F4xx_HAL_Driver/Src/stm32f4xx_hal_dac_ex.c.obj
 .ARM.attributes
                0x000003eb       0x34 CMakeFiles/Signals_Courses.elf.dir/Drivers/STM32F4xx_HAL_Driver/Src/stm32f4xx_hal_dma.c.obj
 .ARM.attributes
                0x0000041f       0x34 CMakeFiles/Signals_Courses.elf.dir/Drivers/STM32F4xx_HAL_Driver/Src/stm32f4xx_hal_gpio.c.obj
 .ARM.attributes
                0x00000453       0x34 CMakeFiles/Signals_Courses.elf.dir/Drivers/STM32F4xx_HAL_Driver/Src/stm32f4xx_hal_rcc.c.obj
 .ARM.attributes
                0x00000487       0x34 CMakeFiles/Signals_Courses.elf.dir/Drivers/STM32F4xx_HAL_Driver/Src/stm32f4xx_hal_sram.c.obj
 .ARM.attributes
                0x000004bb       0x34 CMakeFiles/Signals_Courses.elf.dir/Drivers/STM32F4xx_HAL_Driver/Src/stm32f4xx_hal_tim.c.obj
 .ARM.attributes
                0x000004ef       0x34 CMakeFiles/Signals_Courses.elf.dir/Drivers/STM32F4xx_HAL_Driver/Src/stm32f4xx_hal_tim_ex.c.obj
 .ARM.attributes
                0x00000523       0x34 CMakeFiles/Signals_Courses.elf.dir/Drivers/STM32F4xx_HAL_Driver/Src/stm32f4xx_ll_fsmc.c.obj
 .ARM.attributes
                0x00000557       0x34 CMakeFiles/Signals_Courses.elf.dir/Drivers/atk_md0350/atk_md0350.c.obj
 .ARM.attributes
                0x0000058b       0x34 CMakeFiles/Signals_Courses.elf.dir/Drivers/atk_md0350/atk_md0350_fsmc.c.obj
 .ARM.attributes
                0x000005bf       0x39 C:\STM32_WorkSpace\Signals_Courses\Middlewares\ST\ARM\DSP\Lib\libarm_cortexM4lf_math.a(arm_const_structs.o)
 .ARM.attributes
                0x000005f8       0x39 C:\STM32_WorkSpace\Signals_Courses\Middlewares\ST\ARM\DSP\Lib\libarm_cortexM4lf_math.a(arm_common_tables.o)
 .ARM.attributes
                0x00000631       0x34 C:\STM32_WorkSpace\Signals_Courses\Middlewares\ST\ARM\DSP\Lib\libarm_cortexM4lf_math.a(arm_cfft_f32.o)
 .ARM.attributes
                0x00000665       0x34 C:\STM32_WorkSpace\Signals_Courses\Middlewares\ST\ARM\DSP\Lib\libarm_cortexM4lf_math.a(arm_bitreversal2.o)
 .ARM.attributes
                0x00000699       0x34 C:\STM32_WorkSpace\Signals_Courses\Middlewares\ST\ARM\DSP\Lib\libarm_cortexM4lf_math.a(arm_cmplx_mag_f32.o)
 .ARM.attributes
                0x000006cd       0x34 C:\STM32_WorkSpace\Signals_Courses\Middlewares\ST\ARM\DSP\Lib\libarm_cortexM4lf_math.a(arm_cfft_radix8_f32.o)
 .ARM.attributes
                0x00000701       0x22 c:/progra~2/armgnu~1/125863~1.3re/bin/../lib/gcc/arm-none-eabi/12.3.1/thumb/v7e-m+fp/hard\libgcc.a(_arm_addsubdf3.o)
 .ARM.attributes
                0x00000723       0x22 c:/progra~2/armgnu~1/125863~1.3re/bin/../lib/gcc/arm-none-eabi/12.3.1/thumb/v7e-m+fp/hard\libgcc.a(_arm_fixunsdfsi.o)
 .ARM.attributes
                0x00000745       0x22 c:/progra~2/armgnu~1/125863~1.3re/bin/../lib/gcc/arm-none-eabi/12.3.1/thumb/v7e-m+fp/hard\libgcc.a(_aeabi_uldivmod.o)
 .ARM.attributes
                0x00000767       0x34 c:/progra~2/armgnu~1/125863~1.3re/bin/../lib/gcc/arm-none-eabi/12.3.1/thumb/v7e-m+fp/hard\libgcc.a(_udivmoddi4.o)
 .ARM.attributes
                0x0000079b       0x22 c:/progra~2/armgnu~1/125863~1.3re/bin/../lib/gcc/arm-none-eabi/12.3.1/thumb/v7e-m+fp/hard\libgcc.a(_dvmd_tls.o)
 .ARM.attributes
                0x000007bd       0x34 c:/progra~2/armgnu~1/125863~1.3re/bin/../lib/gcc/arm-none-eabi/12.3.1/thumb/v7e-m+fp/hard\libg.a(libc_a-findfp.o)
 .ARM.attributes
                0x000007f1       0x34 c:/progra~2/armgnu~1/125863~1.3re/bin/../lib/gcc/arm-none-eabi/12.3.1/thumb/v7e-m+fp/hard\libg.a(libc_a-fwalk.o)
 .ARM.attributes
                0x00000825       0x34 c:/progra~2/armgnu~1/125863~1.3re/bin/../lib/gcc/arm-none-eabi/12.3.1/thumb/v7e-m+fp/hard\libg.a(libc_a-snprintf.o)
 .ARM.attributes
                0x00000859       0x34 c:/progra~2/armgnu~1/125863~1.3re/bin/../lib/gcc/arm-none-eabi/12.3.1/thumb/v7e-m+fp/hard\libg.a(libc_a-stdio.o)
 .ARM.attributes
                0x0000088d       0x34 c:/progra~2/armgnu~1/125863~1.3re/bin/../lib/gcc/arm-none-eabi/12.3.1/thumb/v7e-m+fp/hard\libg.a(libc_a-memset.o)
 .ARM.attributes
                0x000008c1       0x34 c:/progra~2/armgnu~1/125863~1.3re/bin/../lib/gcc/arm-none-eabi/12.3.1/thumb/v7e-m+fp/hard\libg.a(libc_a-closer.o)
 .ARM.attributes
                0x000008f5       0x34 c:/progra~2/armgnu~1/125863~1.3re/bin/../lib/gcc/arm-none-eabi/12.3.1/thumb/v7e-m+fp/hard\libg.a(libc_a-reent.o)
 .ARM.attributes
                0x00000929       0x34 c:/progra~2/armgnu~1/125863~1.3re/bin/../lib/gcc/arm-none-eabi/12.3.1/thumb/v7e-m+fp/hard\libg.a(libc_a-impure.o)
 .ARM.attributes
                0x0000095d       0x34 c:/progra~2/armgnu~1/125863~1.3re/bin/../lib/gcc/arm-none-eabi/12.3.1/thumb/v7e-m+fp/hard\libg.a(libc_a-lseekr.o)
 .ARM.attributes
                0x00000991       0x34 c:/progra~2/armgnu~1/125863~1.3re/bin/../lib/gcc/arm-none-eabi/12.3.1/thumb/v7e-m+fp/hard\libg.a(libc_a-readr.o)
 .ARM.attributes
                0x000009c5       0x34 c:/progra~2/armgnu~1/125863~1.3re/bin/../lib/gcc/arm-none-eabi/12.3.1/thumb/v7e-m+fp/hard\libg.a(libc_a-writer.o)
 .ARM.attributes
                0x000009f9       0x34 c:/progra~2/armgnu~1/125863~1.3re/bin/../lib/gcc/arm-none-eabi/12.3.1/thumb/v7e-m+fp/hard\libg.a(libc_a-errno.o)
 .ARM.attributes
                0x00000a2d       0x34 c:/progra~2/armgnu~1/125863~1.3re/bin/../lib/gcc/arm-none-eabi/12.3.1/thumb/v7e-m+fp/hard\libg.a(libc_a-init.o)
 .ARM.attributes
                0x00000a61       0x34 c:/progra~2/armgnu~1/125863~1.3re/bin/../lib/gcc/arm-none-eabi/12.3.1/thumb/v7e-m+fp/hard\libg.a(libc_a-lock.o)
 .ARM.attributes
                0x00000a95       0x34 c:/progra~2/armgnu~1/125863~1.3re/bin/../lib/gcc/arm-none-eabi/12.3.1/thumb/v7e-m+fp/hard\libg.a(libc_a-__call_atexit.o)
 .ARM.attributes
                0x00000ac9       0x34 c:/progra~2/armgnu~1/125863~1.3re/bin/../lib/gcc/arm-none-eabi/12.3.1/thumb/v7e-m+fp/hard\libg.a(libc_a-atexit.o)
 .ARM.attributes
                0x00000afd       0x34 c:/progra~2/armgnu~1/125863~1.3re/bin/../lib/gcc/arm-none-eabi/12.3.1/thumb/v7e-m+fp/hard\libg.a(libc_a-freer.o)
 .ARM.attributes
                0x00000b31       0x34 c:/progra~2/armgnu~1/125863~1.3re/bin/../lib/gcc/arm-none-eabi/12.3.1/thumb/v7e-m+fp/hard\libg.a(libc_a-mallocr.o)
 .ARM.attributes
                0x00000b65       0x34 c:/progra~2/armgnu~1/125863~1.3re/bin/../lib/gcc/arm-none-eabi/12.3.1/thumb/v7e-m+fp/hard\libg.a(libc_a-mlock.o)
 .ARM.attributes
                0x00000b99       0x34 c:/progra~2/armgnu~1/125863~1.3re/bin/../lib/gcc/arm-none-eabi/12.3.1/thumb/v7e-m+fp/hard\libg.a(libc_a-svfprintf.o)
 .ARM.attributes
                0x00000bcd       0x34 c:/progra~2/armgnu~1/125863~1.3re/bin/../lib/gcc/arm-none-eabi/12.3.1/thumb/v7e-m+fp/hard\libg.a(libc_a-fclose.o)
 .ARM.attributes
                0x00000c01       0x34 c:/progra~2/armgnu~1/125863~1.3re/bin/../lib/gcc/arm-none-eabi/12.3.1/thumb/v7e-m+fp/hard\libg.a(libc_a-fflush.o)
 .ARM.attributes